ASxxxx Linker V03.00 + NoICE + sdld,  page 1.
Hexadecimal  [32-Bits]

Area                                    Addr        Size        Decimal Bytes (Attributes)
--------------------------------        ----        ----        ------- ----- ------------
.  .ABS.                            00000000    00000000 =           0. bytes (ABS,CON)

      Value  Global                              Global Defined In Module
      -----  --------------------------------   ------------------------
     00000000  .__.ABS.                           
     00000000  l__BSEG                         
     00000000  l__BSS                          
     00000000  l__CABS                         
     00000000  l__DABS                         
     00000000  l__HEADER                       
     00000000  l__HOME                         
     00000000  s__CABS                         
     00000000  s__CABS0                        
     00000000  s__CABS1                        
     00000000  s__CABS2                        
     00000000  s__CABS3                        
     00000000  s__CABS4                        
     00000000  s__DABS                         
     00000000  s__HEADER                       
     00000000  s__HEADER0                      
     00000000  s__HEADER1                      
     00000000  s__HEADER2                      
     00000000  s__HEADER3                      
     00000000  s__HEADER4                      
     00000000  s__HEADER5                      
     00000001  l__GSFINAL                      
     00000001  l__HEAP_END                     
     00000003  l__HEADER3                      
     00000003  l__HEADER4                      
     00000004  l__CABS2                        
     00000006  l__HEADER0                      
     00000009  l__HEADER1                      
     0000000A  l__HEADER2                      
     0000000F  l__INITIALIZED                  
     0000000F  l__INITIALIZER                  
     00000010  l__CABS0                        
     00000010  l__CABS1                        
     00000010  l__CABS4                        
     00000012  l__GSINIT                       
     0000001E  l__CABS3                        
     0000012A  l__HEADER5                      
     00000200  s__CODE                         
     0000023C  l__DATA                         
     000003FF  l__HEAP                         
     0000300E  l__BANK3                        
     00003E9E  l__BANK2                        
     00005478  l__CODE                         
     00005678  s__HOME                         
     00005678  s__INITIALIZER                  
     00005687  s__GSINIT                       
     00005699  s__GSFINAL                      
     00008000  _SMS_SRAM                          SMSlib_VRAMmemset
     00008000  s__BANK2                        
     00008000  s__BANK3                        
ASxxxx Linker V03.00 + NoICE + sdld,  page 2.
Hexadecimal  [32-Bits]

Area                                    Addr        Size        Decimal Bytes (Attributes)
--------------------------------        ----        ----        ------- ----- ------------
.  .ABS.                            00000000    00000000 =           0. bytes (ABS,CON)

      Value  Global                              Global Defined In Module
      -----  --------------------------------   ------------------------
     0000B00E  s__HEAP_END                     
     0000C000  s__DATA                         
     0000C23C  s__INITIALIZED                  
     0000C24B  s__BSEG                         
     0000C24B  s__BSS                          
     0000C24B  s__HEAP                         
     0000FFFC  _SRAM_bank_to_be_mapped_on_slot2   SMSlib_VRAMmemset
     0000FFFF  _ROM_bank_to_be_mapped_on_slot2    SMSlib_VRAMmemset

ASxxxx Linker V03.00 + NoICE + sdld,  page 3.
Hexadecimal  [32-Bits]

Area                                    Addr        Size        Decimal Bytes (Attributes)
--------------------------------        ----        ----        ------- ----- ------------
_CODE                               00000200    00005478 =       21624. bytes (REL,CON)

      Value  Global                              Global Defined In Module
      -----  --------------------------------   ------------------------
     00000200  __clock                            crt0
     00000204  _exit                              crt0
     0000020A  _main                              game
     00000244  _init_console                      montylib
     00000283  _randLUT                           montylib
     00000383  _init_scroll                       montylib
     000003B0  _move_scroll                       montylib
     000003C3  _waitForFrame                      montylib
     000003D6  _rand                              montylib
     000003E8  _init_game                         gamelogic
     000003EB  _play_game                         gamelogic
     000003FB  _logo_screen                       gamelogic
     00000472  _fnaclogo_screen                   gamelogic
     000004E6  _game_loop                         gamelogic
     00000514  _init_gamestatus                   gamelogic
     00000520  _execute_game_logic                gamelogic
     00000555  _load_logo_assets                  resources
     00000583  _load_logo_halfpalette             resources
     00000589  _load_logo_fullpalette             resources
     0000058F  _load_fnaclogo_assets              resources
     000005B5  _load_fnaclogo_halfpalette         resources
     000005BB  _load_fnaclogo_fullpalette         resources
     000005C1  _load_level1_assets                resources
     000005EB  _init_level1_scroll                resources
     0000060B  _update_scroll                     resources
     0000061E  _update_resources                  resources
     00000627  _load_background_blackpalette      resources
     0000062A  _load_system_font                  resources
     0000063D  _print_debug_info                  resources
     0000063E  _print_unsigned_char               resources
     000006AE  _print_signed_char                 resources
     00000733  _initEngine                        spriteengine
     0000075F  _addEntity                         spriteengine
     00000877  _setAnimation                      spriteengine
     000008E5  _forceReload                       spriteengine
     00000903  _isAnimationEnded                  spriteengine
     00000921  _setDirection                      spriteengine
     0000094E  _updateAnimations                  spriteengine
     00000AC0  _updateTiles                       spriteengine
     00000C21  _drawEntities                      spriteengine
     00000E72  _move_entity                       spriteengine
     00000EA2  _add_player                        player
     00003560  _manage_input                      player
     0000362B  _manage_iddle_status               player
     00003842  _manage_walking_status             player
     00003C4C  _manage_jumping_status             player
     00003E8D  _manage_crouched_status            player
     00003FAF  _update_positions                  player
     000040B1  _play_logo_music                   soundengine
     000040C4  _play_game_music                   soundengine
ASxxxx Linker V03.00 + NoICE + sdld,  page 4.
Hexadecimal  [32-Bits]

Area                                    Addr        Size        Decimal Bytes (Attributes)
--------------------------------        ----        ----        ------- ----- ------------
_CODE                               00000200    00005478 =       21624. bytes (REL,CON)

      Value  Global                              Global Defined In Module
      -----  --------------------------------   ------------------------
     000040D7  _play_punch_sound1                 soundengine
     000040EF  _play_punch_sound2                 soundengine
     00004107  _manage_sound_frame                soundengine
     00004126  _PSGStop                           PSGlib
     0000414D  _PSGResume                         PSGlib
     00004199  _PSGPlay                           PSGlib
     000041C6  _PSGCancelLoop                     PSGlib
     000041CC  _PSGPlayNoRepeat                   PSGlib
     000041DB  _PSGGetStatus                      PSGlib
     000041E3  _PSGSilenceChannels                PSGlib
     000041F4  _PSGRestoreVolumes                 PSGlib
     000042C5  _PSGSetMusicVolumeAttenuation      PSGlib
     0000438A  _PSGSFXStop                        PSGlib
     00004443  _PSGSFXPlay                        PSGlib
     00004490  _PSGSFXCancelLoop                  PSGlib
     00004496  _PSGSFXGetStatus                   PSGlib
     0000449E  _PSGSFXPlayLoop                    PSGlib
     000044B8  _PSGFrame                          PSGlib
     000045D1  _PSGSFXFrame                       PSGlib
     00004657  _GSL_positionWindow                GSLib
     00004661  _GSL_metatileLookup                GSLib
     0000466B  _GSL_tileLookup                    GSLib
     00004675  _GSL_refreshVDP                    GSLib
     0000467D  _GSL_scroll                        GSLib
     00004691  _GSL_VBlank                        GSLib
     00004699  _GSL_metatileUpdate                GSLib
     0000469D  _GSL_metatileUpdateCustom          GSLib
     000046B7  _GSL_getMapWidthInPixels           GSLib
     000046BF  _GSL_getMapHeightInPixels          GSLib
     000046C7  _GSL_getMapWidthInMetatiles        GSLib
     000046CF  _GSL_getMapHeightInMetatiles       GSLib
     000046D7  _GSL_getScrolltableSize            GSLib
     000046DF  _GSL_getCurrentX                   GSLib
     000046E7  _GSL_getCurrentY                   GSLib
     000046EF  _GSL_getCollisionCount             GSLib
     000046F4  _GSL_getScrolltableAddress         GSLib
     000046FC  _GSL_initializeMap                 GSLib
     00004E36  _GSL_LUTColumnUpdate               GSLib
     00004EA6  _GSL_LUTRowUpdate                  GSLib
     00004F26  _free                              free
     00005010  _SMS_loadPSGaidencompressedTiles   SMSlib_PSGaiden
     000050EA  __divsuchar                        
     000050F6  __divuschar                        
     00005105  _SMS_loadBGPaletteHalfBrightness   SMSlib_paletteAdv
     0000511C  _SMS_zeroBGPalette                 SMSlib_paletteAdv
     00005130  _SMS_loadSpritePaletteHalfBright   SMSlib_paletteAdv
     00005147  _SMS_zeroSpritePalette             SMSlib_paletteAdv
     0000515B  _SMS_init                          SMSlib
     00005186  _VDPReg_init                       SMSlib
     00005191  _SMS_VDPturnOnFeature              SMSlib
     000051A6  _SMS_VDPturnOffFeature             SMSlib
ASxxxx Linker V03.00 + NoICE + sdld,  page 5.
Hexadecimal  [32-Bits]

Area                                    Addr        Size        Decimal Bytes (Attributes)
--------------------------------        ----        ----        ------- ----- ------------
_CODE                               00000200    00005478 =       21624. bytes (REL,CON)

      Value  Global                              Global Defined In Module
      -----  --------------------------------   ------------------------
     000051BD  _SMS_setBGScrollX                  SMSlib
     000051C8  _SMS_setBGScrollY                  SMSlib
     000051D3  _SMS_setBackdropColor              SMSlib
     000051DE  _SMS_useFirstHalfTilesforSprites   SMSlib
     000051F5  _SMS_setSpriteMode                 SMSlib
     00005244  _SMS_setBGPaletteColor             SMSlib
     0000525E  _SMS_setSpritePaletteColor         SMSlib
     00005278  _SMS_loadBGPalette                 SMSlib
     0000528D  _SMS_loadSpritePalette             SMSlib
     000052A2  _SMS_setColor                      SMSlib
     000052A6  _SMS_waitForVBlank                 SMSlib
     000052B3  _SMS_getKeysStatus                 SMSlib
     000052B7  _SMS_getKeysPressed                SMSlib
     000052CD  _SMS_getKeysHeld                   SMSlib
     000052DF  _SMS_getKeysReleased               SMSlib
     000052F5  _SMS_queryPauseRequested           SMSlib
     000052FA  _SMS_resetPauseRequest             SMSlib
     00005300  _SMS_setLineInterruptHandler       SMSlib
     00005317  _SMS_setLineCounter                SMSlib
     0000532D  _SMS_getVCount                     SMSlib
     00005331  _SMS_getHCount                     SMSlib
     00005335  _SMS_isr                           SMSlib
     0000536B  _SMS_nmi_isr                       SMSlib
     0000537E  _SMS_initSprites                   SMSlib_sprite
     00005384  _SMS_addSprite                     SMSlib_sprite
     000053B7  _SMS_copySpritestoSAT              SMSlib_sprite
     000053ED  _SMS_loadTiles                     SMSlib_loadTiles
     0000541E  __divuint                          
     00005426  __divuchar                         
     0000542D  __divu8                            
     00005430  __divu16                           
     0000545F  ___sdcc_heap_init                  malloc
     0000547A  _malloc                            malloc
     00005581  ___sdcc_call_hl                    
     00005582  __divsint                          
     0000558B  __divschar                         
     00005592  __div8                             
     00005596  __div_signexte                     
     0000559A  __div16                            
     000055C0  __get_remainder                    
     000055CA  _SMS_finalizeSprites               SMSlib_deprecated
     000055DC  _SMS_VRAMmemcpy                    SMSlib_VRAMmemcpy
     0000560B  _SMS_VRAMmemcpy_brief              SMSlib_VRAMmemcpy
     0000562D  _SMS_VRAMmemset                    SMSlib_VRAMmemset
     0000564D  _SMS_VRAMmemsetW                   SMSlib_VRAMmemset

ASxxxx Linker V03.00 + NoICE + sdld,  page 6.
Hexadecimal  [32-Bits]

Area                                    Addr        Size        Decimal Bytes (Attributes)
--------------------------------        ----        ----        ------- ----- ------------
_HEADER0                            00000000    00000006 =           6. bytes (ABS,CON)

      Value  Global                              Global Defined In Module
      -----  --------------------------------   ------------------------
     00000006  _SMS_crt0_RST08                    crt0

ASxxxx Linker V03.00 + NoICE + sdld,  page 7.
Hexadecimal  [32-Bits]

Area                                    Addr        Size        Decimal Bytes (Attributes)
--------------------------------        ----        ----        ------- ----- ------------
_HEADER1                            00000000    00000009 =           9. bytes (ABS,CON)

      Value  Global                              Global Defined In Module
      -----  --------------------------------   ------------------------
     00000011  _SMS_crt0_RST18                    crt0

ASxxxx Linker V03.00 + NoICE + sdld,  page 8.
Hexadecimal  [32-Bits]

Area                                    Addr        Size        Decimal Bytes (Attributes)
--------------------------------        ----        ----        ------- ----- ------------
_HEADER2                            00000000    0000000A =          10. bytes (ABS,CON)

      Value  Global                              Global Defined In Module
      -----  --------------------------------   ------------------------
ASxxxx Linker V03.00 + NoICE + sdld,  page 9.
Hexadecimal  [32-Bits]

Area                                    Addr        Size        Decimal Bytes (Attributes)
--------------------------------        ----        ----        ------- ----- ------------
_HEADER3                            00000000    00000003 =           3. bytes (ABS,CON)

      Value  Global                              Global Defined In Module
      -----  --------------------------------   ------------------------
ASxxxx Linker V03.00 + NoICE + sdld,  page 10.
Hexadecimal  [32-Bits]

Area                                    Addr        Size        Decimal Bytes (Attributes)
--------------------------------        ----        ----        ------- ----- ------------
_HEADER4                            00000000    00000003 =           3. bytes (ABS,CON)

      Value  Global                              Global Defined In Module
      -----  --------------------------------   ------------------------
ASxxxx Linker V03.00 + NoICE + sdld,  page 11.
Hexadecimal  [32-Bits]

Area                                    Addr        Size        Decimal Bytes (Attributes)
--------------------------------        ----        ----        ------- ----- ------------
_HEADER5                            00000000    0000012A =         298. bytes (ABS,CON)

      Value  Global                              Global Defined In Module
      -----  --------------------------------   ------------------------
     00000099  _OUTI128                           crt0
     00000119  _OUTI64                            crt0
     00000159  _OUTI32                            crt0
     00000199  _outi_block                        crt0

ASxxxx Linker V03.00 + NoICE + sdld,  page 12.
Hexadecimal  [32-Bits]

Area                                    Addr        Size        Decimal Bytes (Attributes)
--------------------------------        ----        ----        ------- ----- ------------
_INITIALIZER                        00005678    0000000F =          15. bytes (REL,CON)

      Value  Global                              Global Defined In Module
      -----  --------------------------------   ------------------------
ASxxxx Linker V03.00 + NoICE + sdld,  page 13.
Hexadecimal  [32-Bits]

Area                                    Addr        Size        Decimal Bytes (Attributes)
--------------------------------        ----        ----        ------- ----- ------------
_GSINIT                             00005687    00000012 =          18. bytes (REL,CON)

      Value  Global                              Global Defined In Module
      -----  --------------------------------   ------------------------
     00005687  gsinit                             crt0

ASxxxx Linker V03.00 + NoICE + sdld,  page 14.
Hexadecimal  [32-Bits]

Area                                    Addr        Size        Decimal Bytes (Attributes)
--------------------------------        ----        ----        ------- ----- ------------
_GSFINAL                            00005699    00000001 =           1. bytes (REL,CON)

      Value  Global                              Global Defined In Module
      -----  --------------------------------   ------------------------
ASxxxx Linker V03.00 + NoICE + sdld,  page 15.
Hexadecimal  [32-Bits]

Area                                    Addr        Size        Decimal Bytes (Attributes)
--------------------------------        ----        ----        ------- ----- ------------
_DATA                               0000C000    0000023C =         572. bytes (REL,CON)

      Value  Global                              Global Defined In Module
      -----  --------------------------------   ------------------------
     0000C000  _pause                             montylib
     0000C001  _frame_cnt                         montylib
     0000C003  _game_status                       gamelogic
     0000C004  _score                             gamelogic
     0000C006  _scroll_x                          resources
     0000C008  _scroll_y                          resources
     0000C00A  _entitylist                        spriteengine
     0000C014  _player1                           player
     0000C01E  _player2                           player
     0000C028  _PSGMusicStart                     PSGlib
     0000C02A  _PSGMusicPointer                   PSGlib
     0000C02C  _PSGMusicLoopPoint                 PSGlib
     0000C02E  _PSGMusicSkipFrames                PSGlib
     0000C02F  _PSGLoopFlag                       PSGlib
     0000C030  _PSGMusicLastLatch                 PSGlib
     0000C031  _PSGMusicVolumeAttenuation         PSGlib
     0000C032  _PSGMusicSubstringLen              PSGlib
     0000C033  _PSGMusicSubstringRetAddr          PSGlib
     0000C035  _PSGChan0Volume                    PSGlib
     0000C036  _PSGChan1Volume                    PSGlib
     0000C037  _PSGChan2Volume                    PSGlib
     0000C038  _PSGChan3Volume                    PSGlib
     0000C039  _PSGChan2LowTone                   PSGlib
     0000C03A  _PSGChan2HighTone                  PSGlib
     0000C03B  _PSGChan3LowTone                   PSGlib
     0000C03C  _PSGSFXChan2Volume                 PSGlib
     0000C03D  _PSGSFXChan3Volume                 PSGlib
     0000C03E  _PSGSFXStart                       PSGlib
     0000C040  _PSGSFXPointer                     PSGlib
     0000C042  _PSGSFXLoopPoint                   PSGlib
     0000C044  _PSGSFXSkipFrames                  PSGlib
     0000C045  _PSGSFXLoopFlag                    PSGlib
     0000C046  _PSGSFXSubstringLen                PSGlib
     0000C047  _PSGSFXSubstringRetAddr            PSGlib
     0000C049  _GSL_RAM                           GSLib
     0000C150  _decompBuffer                      SMSlib_PSGaiden
     0000C170  _VDPBlank                          SMSlib
     0000C171  _SMS_VDPFlags                      SMSlib
     0000C172  _PauseRequested                    SMSlib
     0000C173  _KeysStatus                        SMSlib
     0000C175  _PreviousKeysStatus                SMSlib
     0000C177  _SMS_theLineInterruptHandler       SMSlib
     0000C179  _SpriteTableY                      SMSlib_sprite
     0000C1B9  _SpriteTableXN                     SMSlib_sprite
     0000C239  _SpriteNextFree                    SMSlib_sprite
     0000C23A  ___sdcc_heap_free                  malloc

ASxxxx Linker V03.00 + NoICE + sdld,  page 16.
Hexadecimal  [32-Bits]

Area                                    Addr        Size        Decimal Bytes (Attributes)
--------------------------------        ----        ----        ------- ----- ------------
_INITIALIZED                        0000C23C    0000000F =          15. bytes (REL,CON)

      Value  Global                              Global Defined In Module
      -----  --------------------------------   ------------------------
     0000C23C  _rand_index                        montylib
     0000C23D  _entityIndex                       spriteengine
     0000C23E  _entityVramPosition                spriteengine
     0000C240  _current_music_bank                soundengine
     0000C241  _current_fx_bank                   soundengine
     0000C242  _PSGMusicStatus                    PSGlib
     0000C243  _PSGChannel2SFX                    PSGlib
     0000C244  _PSGChannel3SFX                    PSGlib
     0000C245  _PSGSFXStatus                      PSGlib
     0000C246  _VDPReg                            SMSlib
     0000C248  _spritesHeight                     SMSlib
     0000C249  _spritesWidth                      SMSlib
     0000C24A  _spritesTileOffset                 SMSlib

ASxxxx Linker V03.00 + NoICE + sdld,  page 17.
Hexadecimal  [32-Bits]

Area                                    Addr        Size        Decimal Bytes (Attributes)
--------------------------------        ----        ----        ------- ----- ------------
_HEAP                               0000C24B    000003FF =        1023. bytes (REL,CON)

      Value  Global                              Global Defined In Module
      -----  --------------------------------   ------------------------
     0000C24B  ___sdcc_heap                       

ASxxxx Linker V03.00 + NoICE + sdld,  page 18.
Hexadecimal  [32-Bits]

Area                                    Addr        Size        Decimal Bytes (Attributes)
--------------------------------        ----        ----        ------- ----- ------------
_CABS0                              00000000    00000010 =          16. bytes (ABS,CON)

      Value  Global                              Global Defined In Module
      -----  --------------------------------   ------------------------
     00007FF0  ___SMS__SEGA_signature             game

ASxxxx Linker V03.00 + NoICE + sdld,  page 19.
Hexadecimal  [32-Bits]

Area                                    Addr        Size        Decimal Bytes (Attributes)
--------------------------------        ----        ----        ------- ----- ------------
_CABS1                              00000000    00000010 =          16. bytes (ABS,CON)

      Value  Global                              Global Defined In Module
      -----  --------------------------------   ------------------------
     00007FD0  ___SMS__SDSC_author                game

ASxxxx Linker V03.00 + NoICE + sdld,  page 20.
Hexadecimal  [32-Bits]

Area                                    Addr        Size        Decimal Bytes (Attributes)
--------------------------------        ----        ----        ------- ----- ------------
_CABS2                              00000000    00000004 =           4. bytes (ABS,CON)

      Value  Global                              Global Defined In Module
      -----  --------------------------------   ------------------------
     00007FCC  ___SMS__SDSC_name                  game

ASxxxx Linker V03.00 + NoICE + sdld,  page 21.
Hexadecimal  [32-Bits]

Area                                    Addr        Size        Decimal Bytes (Attributes)
--------------------------------        ----        ----        ------- ----- ------------
_CABS3                              00000000    0000001E =          30. bytes (ABS,CON)

      Value  Global                              Global Defined In Module
      -----  --------------------------------   ------------------------
     00007FAE  ___SMS__SDSC_descr                 game

ASxxxx Linker V03.00 + NoICE + sdld,  page 22.
Hexadecimal  [32-Bits]

Area                                    Addr        Size        Decimal Bytes (Attributes)
--------------------------------        ----        ----        ------- ----- ------------
_CABS4                              00000000    00000010 =          16. bytes (ABS,CON)

      Value  Global                              Global Defined In Module
      -----  --------------------------------   ------------------------
     00007FE0  ___SMS__SDSC_signature             game

ASxxxx Linker V03.00 + NoICE + sdld,  page 23.
Hexadecimal  [32-Bits]

Area                                    Addr        Size        Decimal Bytes (Attributes)
--------------------------------        ----        ----        ------- ----- ------------
_BANK2                              00008000    00003E9E =       16030. bytes (REL,CON)

      Value  Global                              Global Defined In Module
      -----  --------------------------------   ------------------------
     00008000  _player_palette_bin                bank2
     00008008  _playeranimation0frame0_bin        bank2
     00008108  _playeranimation0frame0mirrored_   bank2
     00008208  _playeranimation1frame0_bin        bank2
     00008308  _playeranimation1frame0mirrored_   bank2
     00008408  _playeranimation2frame0_bin        bank2
     00008508  _playeranimation2frame0mirrored_   bank2
     00008608  _playeranimation2frame1_bin        bank2
     00008708  _playeranimation2frame1mirrored_   bank2
     00008808  _playeranimation2frame2_bin        bank2
     00008908  _playeranimation2frame2mirrored_   bank2
     00008A08  _playeranimation2frame3_bin        bank2
     00008B08  _playeranimation2frame3mirrored_   bank2
     00008C08  _playeranimation3frame0_bin        bank2
     00008D48  _playeranimation3frame0mirrored_   bank2
     00008E88  _playeranimation3frame1_bin        bank2
     00009028  _playeranimation3frame1mirrored_   bank2
     000091C8  _playeranimation3frame2_bin        bank2
     00009328  _playeranimation3frame2mirrored_   bank2
     00009488  _playeranimation4frame0_bin        bank2
     00009548  _playeranimation4frame0mirrored_   bank2
     00009608  _playeranimation5frame0_bin        bank2
     00009728  _playeranimation5frame0mirrored_   bank2
     00009848  _playeranimation6frame0_bin        bank2
     00009908  _playeranimation6frame0mirrored_   bank2
     000099C8  _playeranimation7frame0_bin        bank2
     00009AE8  _playeranimation7frame0mirrored_   bank2
     00009C08  _playeranimation8frame0_bin        bank2
     00009CC8  _playeranimation8frame0mirrored_   bank2
     00009D88  _playeranimation9frame0_bin        bank2
     00009E88  _playeranimation9frame0mirrored_   bank2
     00009F88  _playeranimation9frame1_bin        bank2
     0000A048  _playeranimation9frame1mirrored_   bank2
     0000A108  _level1_metatiles_bin              bank2
     0000A5E0  _level1_palette_bin                bank2
     0000A5F4  _level1_scrolltable_bin            bank2
     0000A775  _level1_tiles_bin                  bank2
     0000B6D5  _levelbackgroundtilemap_bin        bank2
     0000BCD5  _levelbackgroundtiles_psgcompr     bank2
     0000BE8F  _levelbackgroundpalette_bin        bank2

ASxxxx Linker V03.00 + NoICE + sdld,  page 24.
Hexadecimal  [32-Bits]

Area                                    Addr        Size        Decimal Bytes (Attributes)
--------------------------------        ----        ----        ------- ----- ------------
_BANK3                              00008000    0000300E =       12302. bytes (REL,CON)

      Value  Global                              Global Defined In Module
      -----  --------------------------------   ------------------------
     00008000  _logo1985tiles_bin                 bank3
     00008CC0  _logo1985tilemap_bin               bank3
     000092C0  _logo1985palette_bin               bank3
     000092C5  _logo1985music_psg                 bank3
     0000938E  _level1music_psg                   bank3
     0000A051  _punch1_psg                        bank3
     0000A061  _punch2_psg                        bank3
     0000A071  _fnaclogotiles_psgcompr            bank3
     0000A50C  _fnaclogotilemap_bin               bank3
     0000AB0C  _fnaclogopalette_bin               bank3
     0000AB1C  _systemfont_psgcompr               bank3

ASxxxx Linker V03.00 + NoICE + sdld,  page 25.
Hexadecimal  [32-Bits]

Area                                    Addr        Size        Decimal Bytes (Attributes)
--------------------------------        ----        ----        ------- ----- ------------
_HEAP_END                           0000B00E    00000001 =           1. bytes (REL,CON)

      Value  Global                              Global Defined In Module
      -----  --------------------------------   ------------------------
     0000B00E  ___sdcc_heap_end                   

ASxxxx Linker V03.00 + NoICE + sdld,  page 26.

Files Linked                              [ module(s) ]

crt0_sms.rel                              [ crt0 ]
game.rel                                  [ game ]
montylib.rel                              [ montylib ]
gamelogic.rel                             [ gamelogic ]
resources.rel                             [ resources ]
spriteengine.rel                          [ spriteengine ]
player.rel                                [ player ]
soundengine.rel                           [ soundengine ]
./libs/PSGLib.rel                         [ PSGlib ]
GSLib.rel                                 [ GSLib ]
bank2.rel                                 [ bank2 ]
bank3.rel                                 [ bank3 ]


Libraries Linked                          [ object file ]

C:\Program Files\SDCC\bin\..\lib\z80/z80.lib
                                          [ free.rel ]
C:\Program Files\SDCC\bin\..\lib\z80/SMSlib.lib
                                          [ SMSlib_PSGaiden.rel ]
C:\Program Files\SDCC\bin\..\lib\z80/z80.lib
                                          [ divmixed.rel ]
C:\Program Files\SDCC\bin\..\lib\z80/SMSlib.lib
                                          [ SMSlib_paletteAdv.rel ]
C:\Program Files\SDCC\bin\..\lib\z80/SMSlib.lib
                                          [ SMSlib.rel ]
C:\Program Files\SDCC\bin\..\lib\z80/SMSlib.lib
                                          [ SMSlib_sprite.rel ]
C:\Program Files\SDCC\bin\..\lib\z80/SMSlib.lib
                                          [ SMSlib_loadTiles.rel ]
C:\Program Files\SDCC\bin\..\lib\z80/z80.lib
                                          [ divunsigned.rel ]
C:\Program Files\SDCC\bin\..\lib\z80/z80.lib
                                          [ malloc.rel ]
C:\Program Files\SDCC\bin\..\lib\z80/z80.lib
                                          [ __sdcc_call_hl.rel ]
C:\Program Files\SDCC\bin\..\lib\z80/z80.lib
                                          [ divsigned.rel ]
C:\Program Files\SDCC\bin\..\lib\z80/SMSlib.lib
                                          [ SMSlib_deprecated.rel ]
C:\Program Files\SDCC\bin\..\lib\z80/SMSlib.lib
                                          [ SMSlib_VRAMmemcpy.rel ]
C:\Program Files\SDCC\bin\..\lib\z80/SMSlib.lib
                                          [ SMSlib_VRAMmemset.rel ]
C:\Program Files\SDCC\bin\..\lib\z80/z80.lib
                                          [ heap.rel ]

ASxxxx Linker V03.00 + NoICE + sdld,  page 27.

User Base Address Definitions

_CODE = 0x0200
_DATA = 0xc000
_BANK2=0x8000
_BANK3=0x8000

