ASxxxx Linker V03.00 + NoICE + sdld,  page 1.
Hexadecimal  [32-Bits]

Area                                    Addr        Size        Decimal Bytes (Attributes)
--------------------------------        ----        ----        ------- ----- ------------
.  .ABS.                            00000000    00000000 =           0. bytes (ABS,CON)

      Value  Global                              Global Defined In Module
      -----  --------------------------------   ------------------------
     00000000  .__.ABS.                           
     00000000  l__BSEG                         
     00000000  l__BSS                          
     00000000  l__CABS                         
     00000000  l__DABS                         
     00000000  l__HEADER                       
     00000000  l__HOME                         
     00000000  s__CABS                         
     00000000  s__CABS0                        
     00000000  s__CABS1                        
     00000000  s__CABS2                        
     00000000  s__CABS3                        
     00000000  s__CABS4                        
     00000000  s__DABS                         
     00000000  s__HEADER                       
     00000000  s__HEADER0                      
     00000000  s__HEADER1                      
     00000000  s__HEADER2                      
     00000000  s__HEADER3                      
     00000000  s__HEADER4                      
     00000000  s__HEADER5                      
     00000001  l__GSFINAL                      
     00000001  l__HEAP_END                     
     00000003  l__HEADER3                      
     00000003  l__HEADER4                      
     00000004  l__CABS2                        
     00000006  l__HEADER0                      
     00000009  l__HEADER1                      
     0000000A  l__HEADER2                      
     0000000F  l__INITIALIZED                  
     0000000F  l__INITIALIZER                  
     00000010  l__CABS0                        
     00000010  l__CABS1                        
     00000010  l__CABS4                        
     00000012  l__GSINIT                       
     0000001E  l__CABS3                        
     0000012A  l__HEADER5                      
     00000200  s__CODE                         
     0000023C  l__DATA                         
     000003FF  l__HEAP                         
     000032D6  l__BANK3                        
     00003FB0  l__BANK2                        
     000054E6  l__CODE                         
     000056E6  s__HOME                         
     000056E6  s__INITIALIZER                  
     000056F5  s__GSINIT                       
     00005707  s__GSFINAL                      
     00008000  _SMS_SRAM                          SMSlib_VRAMmemset
     00008000  s__BANK2                        
     00008000  s__BANK3                        
ASxxxx Linker V03.00 + NoICE + sdld,  page 2.
Hexadecimal  [32-Bits]

Area                                    Addr        Size        Decimal Bytes (Attributes)
--------------------------------        ----        ----        ------- ----- ------------
.  .ABS.                            00000000    00000000 =           0. bytes (ABS,CON)

      Value  Global                              Global Defined In Module
      -----  --------------------------------   ------------------------
     0000B2D6  s__HEAP_END                     
     0000C000  s__DATA                         
     0000C23C  s__INITIALIZED                  
     0000C24B  s__BSEG                         
     0000C24B  s__BSS                          
     0000C24B  s__HEAP                         
     0000FFFC  _SRAM_bank_to_be_mapped_on_slot2   SMSlib_VRAMmemset
     0000FFFF  _ROM_bank_to_be_mapped_on_slot2    SMSlib_VRAMmemset

ASxxxx Linker V03.00 + NoICE + sdld,  page 3.
Hexadecimal  [32-Bits]

Area                                    Addr        Size        Decimal Bytes (Attributes)
--------------------------------        ----        ----        ------- ----- ------------
_CODE                               00000200    000054E6 =       21734. bytes (REL,CON)

      Value  Global                              Global Defined In Module
      -----  --------------------------------   ------------------------
     00000200  __clock                            crt0
     00000204  _exit                              crt0
     0000020A  _main                              game
     00000244  _init_console                      montylib
     00000283  _randLUT                           montylib
     00000383  _init_scroll                       montylib
     000003B0  _move_scroll                       montylib
     0000040E  _waitForFrame                      montylib
     00000421  _rand                              montylib
     00000433  _init_game                         gamelogic
     00000436  _play_game                         gamelogic
     00000446  _logo_screen                       gamelogic
     000004BD  _fnaclogo_screen                   gamelogic
     00000531  _game_loop                         gamelogic
     0000055F  _init_gamestatus                   gamelogic
     0000056B  _execute_game_logic                gamelogic
     000005A0  _load_logo_assets                  resources
     000005CE  _load_logo_halfpalette             resources
     000005D4  _load_logo_fullpalette             resources
     000005DA  _load_fnaclogo_assets              resources
     00000600  _load_fnaclogo_halfpalette         resources
     00000606  _load_fnaclogo_fullpalette         resources
     0000060C  _load_level1_assets                resources
     00000635  _init_level1_scroll                resources
     0000065F  _update_scroll                     resources
     00000677  _update_resources                  resources
     00000680  _load_background_blackpalette      resources
     00000683  _load_system_font                  resources
     00000696  _print_debug_info                  resources
     00000697  _print_unsigned_char               resources
     00000707  _print_signed_char                 resources
     0000078C  _initEngine                        spriteengine
     000007B8  _addEntity                         spriteengine
     000008D0  _setAnimation                      spriteengine
     0000093E  _forceReload                       spriteengine
     0000095C  _isAnimationEnded                  spriteengine
     0000097A  _setDirection                      spriteengine
     000009A7  _updateAnimations                  spriteengine
     00000B1D  _updateTiles                       spriteengine
     00000C8B  _drawEntities                      spriteengine
     00000EDE  _move_entity                       spriteengine
     00000F0E  _add_player                        player
     000035CC  _manage_input                      player
     00003697  _manage_iddle_status               player
     000038AE  _manage_walking_status             player
     00003CBA  _manage_jumping_status             player
     00003EFB  _manage_crouched_status            player
     0000401D  _update_positions                  player
     0000411F  _play_logo_music                   soundengine
     00004132  _play_game_music                   soundengine
ASxxxx Linker V03.00 + NoICE + sdld,  page 4.
Hexadecimal  [32-Bits]

Area                                    Addr        Size        Decimal Bytes (Attributes)
--------------------------------        ----        ----        ------- ----- ------------
_CODE                               00000200    000054E6 =       21734. bytes (REL,CON)

      Value  Global                              Global Defined In Module
      -----  --------------------------------   ------------------------
     00004145  _play_punch_sound1                 soundengine
     0000415D  _play_punch_sound2                 soundengine
     00004175  _manage_sound_frame                soundengine
     00004194  _PSGStop                           PSGlib
     000041BB  _PSGResume                         PSGlib
     00004207  _PSGPlay                           PSGlib
     00004234  _PSGCancelLoop                     PSGlib
     0000423A  _PSGPlayNoRepeat                   PSGlib
     00004249  _PSGGetStatus                      PSGlib
     00004251  _PSGSilenceChannels                PSGlib
     00004262  _PSGRestoreVolumes                 PSGlib
     00004333  _PSGSetMusicVolumeAttenuation      PSGlib
     000043F8  _PSGSFXStop                        PSGlib
     000044B1  _PSGSFXPlay                        PSGlib
     000044FE  _PSGSFXCancelLoop                  PSGlib
     00004504  _PSGSFXGetStatus                   PSGlib
     0000450C  _PSGSFXPlayLoop                    PSGlib
     00004526  _PSGFrame                          PSGlib
     0000463F  _PSGSFXFrame                       PSGlib
     000046C5  _GSL_positionWindow                GSLib
     000046CF  _GSL_metatileLookup                GSLib
     000046D9  _GSL_tileLookup                    GSLib
     000046E3  _GSL_refreshVDP                    GSLib
     000046EB  _GSL_scroll                        GSLib
     000046FF  _GSL_VBlank                        GSLib
     00004707  _GSL_metatileUpdate                GSLib
     0000470B  _GSL_metatileUpdateCustom          GSLib
     00004725  _GSL_getMapWidthInPixels           GSLib
     0000472D  _GSL_getMapHeightInPixels          GSLib
     00004735  _GSL_getMapWidthInMetatiles        GSLib
     0000473D  _GSL_getMapHeightInMetatiles       GSLib
     00004745  _GSL_getScrolltableSize            GSLib
     0000474D  _GSL_getCurrentX                   GSLib
     00004755  _GSL_getCurrentY                   GSLib
     0000475D  _GSL_getCollisionCount             GSLib
     00004762  _GSL_getScrolltableAddress         GSLib
     0000476A  _GSL_initializeMap                 GSLib
     00004EA4  _GSL_LUTColumnUpdate               GSLib
     00004F14  _GSL_LUTRowUpdate                  GSLib
     00004F94  _free                              free
     0000507E  _SMS_loadPSGaidencompressedTiles   SMSlib_PSGaiden
     00005158  __divsuchar                        
     00005164  __divuschar                        
     00005173  _SMS_loadBGPaletteHalfBrightness   SMSlib_paletteAdv
     0000518A  _SMS_zeroBGPalette                 SMSlib_paletteAdv
     0000519E  _SMS_loadSpritePaletteHalfBright   SMSlib_paletteAdv
     000051B5  _SMS_zeroSpritePalette             SMSlib_paletteAdv
     000051C9  _SMS_init                          SMSlib
     000051F4  _VDPReg_init                       SMSlib
     000051FF  _SMS_VDPturnOnFeature              SMSlib
     00005214  _SMS_VDPturnOffFeature             SMSlib
ASxxxx Linker V03.00 + NoICE + sdld,  page 5.
Hexadecimal  [32-Bits]

Area                                    Addr        Size        Decimal Bytes (Attributes)
--------------------------------        ----        ----        ------- ----- ------------
_CODE                               00000200    000054E6 =       21734. bytes (REL,CON)

      Value  Global                              Global Defined In Module
      -----  --------------------------------   ------------------------
     0000522B  _SMS_setBGScrollX                  SMSlib
     00005236  _SMS_setBGScrollY                  SMSlib
     00005241  _SMS_setBackdropColor              SMSlib
     0000524C  _SMS_useFirstHalfTilesforSprites   SMSlib
     00005263  _SMS_setSpriteMode                 SMSlib
     000052B2  _SMS_setBGPaletteColor             SMSlib
     000052CC  _SMS_setSpritePaletteColor         SMSlib
     000052E6  _SMS_loadBGPalette                 SMSlib
     000052FB  _SMS_loadSpritePalette             SMSlib
     00005310  _SMS_setColor                      SMSlib
     00005314  _SMS_waitForVBlank                 SMSlib
     00005321  _SMS_getKeysStatus                 SMSlib
     00005325  _SMS_getKeysPressed                SMSlib
     0000533B  _SMS_getKeysHeld                   SMSlib
     0000534D  _SMS_getKeysReleased               SMSlib
     00005363  _SMS_queryPauseRequested           SMSlib
     00005368  _SMS_resetPauseRequest             SMSlib
     0000536E  _SMS_setLineInterruptHandler       SMSlib
     00005385  _SMS_setLineCounter                SMSlib
     0000539B  _SMS_getVCount                     SMSlib
     0000539F  _SMS_getHCount                     SMSlib
     000053A3  _SMS_isr                           SMSlib
     000053D9  _SMS_nmi_isr                       SMSlib
     000053EC  _SMS_initSprites                   SMSlib_sprite
     000053F2  _SMS_addSprite                     SMSlib_sprite
     00005425  _SMS_copySpritestoSAT              SMSlib_sprite
     0000545B  _SMS_loadTiles                     SMSlib_loadTiles
     0000548C  __divuint                          
     00005494  __divuchar                         
     0000549B  __divu8                            
     0000549E  __divu16                           
     000054CD  ___sdcc_heap_init                  malloc
     000054E8  _malloc                            malloc
     000055EF  ___sdcc_call_hl                    
     000055F0  __divsint                          
     000055F9  __divschar                         
     00005600  __div8                             
     00005604  __div_signexte                     
     00005608  __div16                            
     0000562E  __get_remainder                    
     00005638  _SMS_finalizeSprites               SMSlib_deprecated
     0000564A  _SMS_VRAMmemcpy                    SMSlib_VRAMmemcpy
     00005679  _SMS_VRAMmemcpy_brief              SMSlib_VRAMmemcpy
     0000569B  _SMS_VRAMmemset                    SMSlib_VRAMmemset
     000056BB  _SMS_VRAMmemsetW                   SMSlib_VRAMmemset

ASxxxx Linker V03.00 + NoICE + sdld,  page 6.
Hexadecimal  [32-Bits]

Area                                    Addr        Size        Decimal Bytes (Attributes)
--------------------------------        ----        ----        ------- ----- ------------
_HEADER0                            00000000    00000006 =           6. bytes (ABS,CON)

      Value  Global                              Global Defined In Module
      -----  --------------------------------   ------------------------
     00000006  _SMS_crt0_RST08                    crt0

ASxxxx Linker V03.00 + NoICE + sdld,  page 7.
Hexadecimal  [32-Bits]

Area                                    Addr        Size        Decimal Bytes (Attributes)
--------------------------------        ----        ----        ------- ----- ------------
_HEADER1                            00000000    00000009 =           9. bytes (ABS,CON)

      Value  Global                              Global Defined In Module
      -----  --------------------------------   ------------------------
     00000011  _SMS_crt0_RST18                    crt0

ASxxxx Linker V03.00 + NoICE + sdld,  page 8.
Hexadecimal  [32-Bits]

Area                                    Addr        Size        Decimal Bytes (Attributes)
--------------------------------        ----        ----        ------- ----- ------------
_HEADER2                            00000000    0000000A =          10. bytes (ABS,CON)

      Value  Global                              Global Defined In Module
      -----  --------------------------------   ------------------------
ASxxxx Linker V03.00 + NoICE + sdld,  page 9.
Hexadecimal  [32-Bits]

Area                                    Addr        Size        Decimal Bytes (Attributes)
--------------------------------        ----        ----        ------- ----- ------------
_HEADER3                            00000000    00000003 =           3. bytes (ABS,CON)

      Value  Global                              Global Defined In Module
      -----  --------------------------------   ------------------------
ASxxxx Linker V03.00 + NoICE + sdld,  page 10.
Hexadecimal  [32-Bits]

Area                                    Addr        Size        Decimal Bytes (Attributes)
--------------------------------        ----        ----        ------- ----- ------------
_HEADER4                            00000000    00000003 =           3. bytes (ABS,CON)

      Value  Global                              Global Defined In Module
      -----  --------------------------------   ------------------------
ASxxxx Linker V03.00 + NoICE + sdld,  page 11.
Hexadecimal  [32-Bits]

Area                                    Addr        Size        Decimal Bytes (Attributes)
--------------------------------        ----        ----        ------- ----- ------------
_HEADER5                            00000000    0000012A =         298. bytes (ABS,CON)

      Value  Global                              Global Defined In Module
      -----  --------------------------------   ------------------------
     00000099  _OUTI128                           crt0
     00000119  _OUTI64                            crt0
     00000159  _OUTI32                            crt0
     00000199  _outi_block                        crt0

ASxxxx Linker V03.00 + NoICE + sdld,  page 12.
Hexadecimal  [32-Bits]

Area                                    Addr        Size        Decimal Bytes (Attributes)
--------------------------------        ----        ----        ------- ----- ------------
_INITIALIZER                        000056E6    0000000F =          15. bytes (REL,CON)

      Value  Global                              Global Defined In Module
      -----  --------------------------------   ------------------------
ASxxxx Linker V03.00 + NoICE + sdld,  page 13.
Hexadecimal  [32-Bits]

Area                                    Addr        Size        Decimal Bytes (Attributes)
--------------------------------        ----        ----        ------- ----- ------------
_GSINIT                             000056F5    00000012 =          18. bytes (REL,CON)

      Value  Global                              Global Defined In Module
      -----  --------------------------------   ------------------------
     000056F5  gsinit                             crt0

ASxxxx Linker V03.00 + NoICE + sdld,  page 14.
Hexadecimal  [32-Bits]

Area                                    Addr        Size        Decimal Bytes (Attributes)
--------------------------------        ----        ----        ------- ----- ------------
_GSFINAL                            00005707    00000001 =           1. bytes (REL,CON)

      Value  Global                              Global Defined In Module
      -----  --------------------------------   ------------------------
ASxxxx Linker V03.00 + NoICE + sdld,  page 15.
Hexadecimal  [32-Bits]

Area                                    Addr        Size        Decimal Bytes (Attributes)
--------------------------------        ----        ----        ------- ----- ------------
_DATA                               0000C000    0000023C =         572. bytes (REL,CON)

      Value  Global                              Global Defined In Module
      -----  --------------------------------   ------------------------
     0000C000  _pause                             montylib
     0000C001  _frame_cnt                         montylib
     0000C003  _game_status                       gamelogic
     0000C004  _score                             gamelogic
     0000C006  _scroll_x                          resources
     0000C008  _scroll_y                          resources
     0000C00A  _entitylist                        spriteengine
     0000C014  _player1                           player
     0000C01E  _player2                           player
     0000C028  _PSGMusicStart                     PSGlib
     0000C02A  _PSGMusicPointer                   PSGlib
     0000C02C  _PSGMusicLoopPoint                 PSGlib
     0000C02E  _PSGMusicSkipFrames                PSGlib
     0000C02F  _PSGLoopFlag                       PSGlib
     0000C030  _PSGMusicLastLatch                 PSGlib
     0000C031  _PSGMusicVolumeAttenuation         PSGlib
     0000C032  _PSGMusicSubstringLen              PSGlib
     0000C033  _PSGMusicSubstringRetAddr          PSGlib
     0000C035  _PSGChan0Volume                    PSGlib
     0000C036  _PSGChan1Volume                    PSGlib
     0000C037  _PSGChan2Volume                    PSGlib
     0000C038  _PSGChan3Volume                    PSGlib
     0000C039  _PSGChan2LowTone                   PSGlib
     0000C03A  _PSGChan2HighTone                  PSGlib
     0000C03B  _PSGChan3LowTone                   PSGlib
     0000C03C  _PSGSFXChan2Volume                 PSGlib
     0000C03D  _PSGSFXChan3Volume                 PSGlib
     0000C03E  _PSGSFXStart                       PSGlib
     0000C040  _PSGSFXPointer                     PSGlib
     0000C042  _PSGSFXLoopPoint                   PSGlib
     0000C044  _PSGSFXSkipFrames                  PSGlib
     0000C045  _PSGSFXLoopFlag                    PSGlib
     0000C046  _PSGSFXSubstringLen                PSGlib
     0000C047  _PSGSFXSubstringRetAddr            PSGlib
     0000C049  _GSL_RAM                           GSLib
     0000C150  _decompBuffer                      SMSlib_PSGaiden
     0000C170  _VDPBlank                          SMSlib
     0000C171  _SMS_VDPFlags                      SMSlib
     0000C172  _PauseRequested                    SMSlib
     0000C173  _KeysStatus                        SMSlib
     0000C175  _PreviousKeysStatus                SMSlib
     0000C177  _SMS_theLineInterruptHandler       SMSlib
     0000C179  _SpriteTableY                      SMSlib_sprite
     0000C1B9  _SpriteTableXN                     SMSlib_sprite
     0000C239  _SpriteNextFree                    SMSlib_sprite
     0000C23A  ___sdcc_heap_free                  malloc

ASxxxx Linker V03.00 + NoICE + sdld,  page 16.
Hexadecimal  [32-Bits]

Area                                    Addr        Size        Decimal Bytes (Attributes)
--------------------------------        ----        ----        ------- ----- ------------
_INITIALIZED                        0000C23C    0000000F =          15. bytes (REL,CON)

      Value  Global                              Global Defined In Module
      -----  --------------------------------   ------------------------
     0000C23C  _rand_index                        montylib
     0000C23D  _entityIndex                       spriteengine
     0000C23E  _entityVramPosition                spriteengine
     0000C240  _current_music_bank                soundengine
     0000C241  _current_fx_bank                   soundengine
     0000C242  _PSGMusicStatus                    PSGlib
     0000C243  _PSGChannel2SFX                    PSGlib
     0000C244  _PSGChannel3SFX                    PSGlib
     0000C245  _PSGSFXStatus                      PSGlib
     0000C246  _VDPReg                            SMSlib
     0000C248  _spritesHeight                     SMSlib
     0000C249  _spritesWidth                      SMSlib
     0000C24A  _spritesTileOffset                 SMSlib

ASxxxx Linker V03.00 + NoICE + sdld,  page 17.
Hexadecimal  [32-Bits]

Area                                    Addr        Size        Decimal Bytes (Attributes)
--------------------------------        ----        ----        ------- ----- ------------
_HEAP                               0000C24B    000003FF =        1023. bytes (REL,CON)

      Value  Global                              Global Defined In Module
      -----  --------------------------------   ------------------------
     0000C24B  ___sdcc_heap                       

ASxxxx Linker V03.00 + NoICE + sdld,  page 18.
Hexadecimal  [32-Bits]

Area                                    Addr        Size        Decimal Bytes (Attributes)
--------------------------------        ----        ----        ------- ----- ------------
_CABS0                              00000000    00000010 =          16. bytes (ABS,CON)

      Value  Global                              Global Defined In Module
      -----  --------------------------------   ------------------------
     00007FF0  ___SMS__SEGA_signature             game

ASxxxx Linker V03.00 + NoICE + sdld,  page 19.
Hexadecimal  [32-Bits]

Area                                    Addr        Size        Decimal Bytes (Attributes)
--------------------------------        ----        ----        ------- ----- ------------
_CABS1                              00000000    00000010 =          16. bytes (ABS,CON)

      Value  Global                              Global Defined In Module
      -----  --------------------------------   ------------------------
     00007FD0  ___SMS__SDSC_author                game

ASxxxx Linker V03.00 + NoICE + sdld,  page 20.
Hexadecimal  [32-Bits]

Area                                    Addr        Size        Decimal Bytes (Attributes)
--------------------------------        ----        ----        ------- ----- ------------
_CABS2                              00000000    00000004 =           4. bytes (ABS,CON)

      Value  Global                              Global Defined In Module
      -----  --------------------------------   ------------------------
     00007FCC  ___SMS__SDSC_name                  game

ASxxxx Linker V03.00 + NoICE + sdld,  page 21.
Hexadecimal  [32-Bits]

Area                                    Addr        Size        Decimal Bytes (Attributes)
--------------------------------        ----        ----        ------- ----- ------------
_CABS3                              00000000    0000001E =          30. bytes (ABS,CON)

      Value  Global                              Global Defined In Module
      -----  --------------------------------   ------------------------
     00007FAE  ___SMS__SDSC_descr                 game

ASxxxx Linker V03.00 + NoICE + sdld,  page 22.
Hexadecimal  [32-Bits]

Area                                    Addr        Size        Decimal Bytes (Attributes)
--------------------------------        ----        ----        ------- ----- ------------
_CABS4                              00000000    00000010 =          16. bytes (ABS,CON)

      Value  Global                              Global Defined In Module
      -----  --------------------------------   ------------------------
     00007FE0  ___SMS__SDSC_signature             game

ASxxxx Linker V03.00 + NoICE + sdld,  page 23.
Hexadecimal  [32-Bits]

Area                                    Addr        Size        Decimal Bytes (Attributes)
--------------------------------        ----        ----        ------- ----- ------------
_BANK2                              00008000    00003FB0 =       16304. bytes (REL,CON)

      Value  Global                              Global Defined In Module
      -----  --------------------------------   ------------------------
     00008000  _player_palette_bin                bank2
     0000800D  _playeranimation0frame0_bin        bank2
     0000810D  _playeranimation0frame0mirrored_   bank2
     0000820D  _playeranimation1frame0_bin        bank2
     0000830D  _playeranimation1frame0mirrored_   bank2
     0000840D  _playeranimation2frame0_bin        bank2
     0000850D  _playeranimation2frame0mirrored_   bank2
     0000860D  _playeranimation2frame1_bin        bank2
     0000870D  _playeranimation2frame1mirrored_   bank2
     0000880D  _playeranimation2frame2_bin        bank2
     0000890D  _playeranimation2frame2mirrored_   bank2
     00008A0D  _playeranimation2frame3_bin        bank2
     00008B0D  _playeranimation2frame3mirrored_   bank2
     00008C0D  _playeranimation3frame0_bin        bank2
     00008D4D  _playeranimation3frame0mirrored_   bank2
     00008E8D  _playeranimation3frame1_bin        bank2
     0000902D  _playeranimation3frame1mirrored_   bank2
     000091CD  _playeranimation3frame2_bin        bank2
     0000932D  _playeranimation3frame2mirrored_   bank2
     0000948D  _playeranimation4frame0_bin        bank2
     0000954D  _playeranimation4frame0mirrored_   bank2
     0000960D  _playeranimation5frame0_bin        bank2
     0000972D  _playeranimation5frame0mirrored_   bank2
     0000984D  _playeranimation6frame0_bin        bank2
     0000990D  _playeranimation6frame0mirrored_   bank2
     000099CD  _playeranimation7frame0_bin        bank2
     00009AED  _playeranimation7frame0mirrored_   bank2
     00009C0D  _playeranimation8frame0_bin        bank2
     00009CCD  _playeranimation8frame0mirrored_   bank2
     00009D8D  _playeranimation9frame0_bin        bank2
     00009E8D  _playeranimation9frame0mirrored_   bank2
     00009F8D  _playeranimation9frame1_bin        bank2
     0000A02D  _playeranimation9frame1mirrored_   bank2
     0000A0CD  _level1_metatiles_bin              bank2
     0000A395  _level1_palette_bin                bank2
     0000A3A2  _level1_scrolltable_bin            bank2
     0000A9AF  _level1_tiles_bin                  bank2
     0000BAAF  _systemfont_psgcompr               bank2
     0000BFA1  _levelbackgroundpalette_bin        bank2
ASxxxx Linker V03.00 + NoICE + sdld,  page 24.
Hexadecimal  [32-Bits]

Area                                    Addr        Size        Decimal Bytes (Attributes)
--------------------------------        ----        ----        ------- ----- ------------
_BANK3                              00008000    000032D6 =       13014. bytes (REL,CON)

      Value  Global                              Global Defined In Module
      -----  --------------------------------   ------------------------
     00008000  _logo1985tiles_bin                 bank3
     00008CC0  _logo1985tilemap_bin               bank3
     000092C0  _logo1985palette_bin               bank3
     000092C5  _logo1985music_psg                 bank3
     0000938E  _level1music_psg                   bank3
     0000A051  _punch1_psg                        bank3
     0000A061  _punch2_psg                        bank3
     0000A071  _fnaclogotiles_psgcompr            bank3
     0000A50C  _fnaclogotilemap_bin               bank3
     0000AB0C  _fnaclogopalette_bin               bank3
     0000AB1C  _levelbackgroundtilemap_bin        bank3
     0000B11C  _levelbackgroundtiles_psgcompr     bank3
ASxxxx Linker V03.00 + NoICE + sdld,  page 25.
Hexadecimal  [32-Bits]

Area                                    Addr        Size        Decimal Bytes (Attributes)
--------------------------------        ----        ----        ------- ----- ------------
_HEAP_END                           0000B2D6    00000001 =           1. bytes (REL,CON)

      Value  Global                              Global Defined In Module
      -----  --------------------------------   ------------------------
     0000B2D6  ___sdcc_heap_end                   

ASxxxx Linker V03.00 + NoICE + sdld,  page 26.

Files Linked                              [ module(s) ]

crt0_sms.rel                              [ crt0 ]
game.rel                                  [ game ]
montylib.rel                              [ montylib ]
gamelogic.rel                             [ gamelogic ]
resources.rel                             [ resources ]
spriteengine.rel                          [ spriteengine ]
player.rel                                [ player ]
soundengine.rel                           [ soundengine ]
./libs/PSGLib.rel                         [ PSGlib ]
GSLib.rel                                 [ GSLib ]
bank2.rel                                 [ bank2 ]
bank3.rel                                 [ bank3 ]


Libraries Linked                          [ object file ]

C:\Program Files\SDCC\bin\..\lib\z80/z80.lib
                                          [ free.rel ]
C:\Program Files\SDCC\bin\..\lib\z80/SMSlib.lib
                                          [ SMSlib_PSGaiden.rel ]
C:\Program Files\SDCC\bin\..\lib\z80/z80.lib
                                          [ divmixed.rel ]
C:\Program Files\SDCC\bin\..\lib\z80/SMSlib.lib
                                          [ SMSlib_paletteAdv.rel ]
C:\Program Files\SDCC\bin\..\lib\z80/SMSlib.lib
                                          [ SMSlib.rel ]
C:\Program Files\SDCC\bin\..\lib\z80/SMSlib.lib
                                          [ SMSlib_sprite.rel ]
C:\Program Files\SDCC\bin\..\lib\z80/SMSlib.lib
                                          [ SMSlib_loadTiles.rel ]
C:\Program Files\SDCC\bin\..\lib\z80/z80.lib
                                          [ divunsigned.rel ]
C:\Program Files\SDCC\bin\..\lib\z80/z80.lib
                                          [ malloc.rel ]
C:\Program Files\SDCC\bin\..\lib\z80/z80.lib
                                          [ __sdcc_call_hl.rel ]
C:\Program Files\SDCC\bin\..\lib\z80/z80.lib
                                          [ divsigned.rel ]
C:\Program Files\SDCC\bin\..\lib\z80/SMSlib.lib
                                          [ SMSlib_deprecated.rel ]
C:\Program Files\SDCC\bin\..\lib\z80/SMSlib.lib
                                          [ SMSlib_VRAMmemcpy.rel ]
C:\Program Files\SDCC\bin\..\lib\z80/SMSlib.lib
                                          [ SMSlib_VRAMmemset.rel ]
C:\Program Files\SDCC\bin\..\lib\z80/z80.lib
                                          [ heap.rel ]

ASxxxx Linker V03.00 + NoICE + sdld,  page 27.

User Base Address Definitions

_CODE = 0x0200
_DATA = 0xc000
_BANK2=0x8000
_BANK3=0x8000

