ASxxxx Linker V03.00 + NoICE + sdld,  page 1.
Hexadecimal  [32-Bits]

Area                                    Addr        Size        Decimal Bytes (Attributes)
--------------------------------        ----        ----        ------- ----- ------------
.  .ABS.                            00000000    00000000 =           0. bytes (ABS,CON)

      Value  Global                              Global Defined In Module
      -----  --------------------------------   ------------------------
     00000000  .__.ABS.                           
     00000000  l__BSEG                         
     00000000  l__BSS                          
     00000000  l__CABS                         
     00000000  l__DABS                         
     00000000  l__HEADER                       
     00000000  l__HOME                         
     00000000  s__CABS                         
     00000000  s__CABS0                        
     00000000  s__CABS1                        
     00000000  s__CABS2                        
     00000000  s__CABS3                        
     00000000  s__CABS4                        
     00000000  s__DABS                         
     00000000  s__HEADER                       
     00000000  s__HEADER0                      
     00000000  s__HEADER1                      
     00000000  s__HEADER2                      
     00000000  s__HEADER3                      
     00000000  s__HEADER4                      
     00000000  s__HEADER5                      
     00000001  l__GSFINAL                      
     00000001  l__HEAP_END                     
     00000003  l__HEADER3                      
     00000003  l__HEADER4                      
     00000004  l__CABS2                        
     00000006  l__HEADER0                      
     00000009  l__HEADER1                      
     0000000A  l__HEADER2                      
     0000000E  l__INITIALIZED                  
     0000000E  l__INITIALIZER                  
     00000010  l__CABS0                        
     00000010  l__CABS1                        
     00000010  l__CABS4                        
     00000012  l__GSINIT                       
     0000001E  l__CABS3                        
     0000012A  l__HEADER5                      
     00000132  l__DATA                         
     00000200  s__CODE                         
     000003FF  l__HEAP                         
     000011D5  l__BANK3                        
     00003FBC  l__BANK2                        
     00004A5D  l__CODE                         
     00004C5D  s__HOME                         
     00004C5D  s__INITIALIZER                  
     00004C6B  s__GSINIT                       
     00004C7D  s__GSFINAL                      
     00008000  _SMS_SRAM                          SMSlib_PSGaiden
     00008000  s__BANK2                        
     00008000  s__BANK3                        
ASxxxx Linker V03.00 + NoICE + sdld,  page 2.
Hexadecimal  [32-Bits]

Area                                    Addr        Size        Decimal Bytes (Attributes)
--------------------------------        ----        ----        ------- ----- ------------
.  .ABS.                            00000000    00000000 =           0. bytes (ABS,CON)

      Value  Global                              Global Defined In Module
      -----  --------------------------------   ------------------------
     000091D5  s__HEAP_END                     
     0000C000  s__DATA                         
     0000C132  s__INITIALIZED                  
     0000C140  s__BSEG                         
     0000C140  s__BSS                          
     0000C140  s__HEAP                         
     0000FFFC  _SRAM_bank_to_be_mapped_on_slot2   SMSlib_PSGaiden
     0000FFFF  _ROM_bank_to_be_mapped_on_slot2    SMSlib_PSGaiden

ASxxxx Linker V03.00 + NoICE + sdld,  page 3.
Hexadecimal  [32-Bits]

Area                                    Addr        Size        Decimal Bytes (Attributes)
--------------------------------        ----        ----        ------- ----- ------------
_CODE                               00000200    00004A5D =       19037. bytes (REL,CON)

      Value  Global                              Global Defined In Module
      -----  --------------------------------   ------------------------
     00000200  __clock                            crt0
     00000204  _exit                              crt0
     0000020A  _main                              game
     00000244  _init_console                      montylib
     00000263  _randLUT                           montylib
     00000363  _waitForFrame                      montylib
     00000373  _rand                              montylib
     00000385  _init_game                         gamelogic
     00000388  _play_game                         gamelogic
     00000395  _logo_screen                       gamelogic
     0000040C  _game_loop                         gamelogic
     0000043A  _init_gamestatus                   gamelogic
     00000446  _execute_game_logic                gamelogic
     00000456  _load_logo_assets                  resources
     00000484  _load_logo_halfpalette             resources
     0000048A  _load_logo_fullpalette             resources
     00000490  _load_level1_assets                resources
     000004D8  _update_resources                  resources
     000004E1  _load_background_blackpalette      resources
     000004E4  _load_system_font                  resources
     000004F7  _print_debug_info                  resources
     000004F8  _print_unsigned_char               resources
     00000568  _print_signed_char                 resources
     000005ED  _initEngine                        spriteengine
     00000619  _addEntity                         spriteengine
     00000731  _setAnimation                      spriteengine
     0000079F  _forceReload                       spriteengine
     000007BD  _isAnimationEnded                  spriteengine
     000007DB  _setDirection                      spriteengine
     00000808  _updateAnimations                  spriteengine
     0000097E  _updateTiles                       spriteengine
     00000AE8  _drawEntities                      spriteengine
     00000D35  _move_entity                       spriteengine
     00000D65  _add_player                        player
     00003423  _manage_input                      player
     000034EE  _manage_iddle_status               player
     00003705  _manage_walking_status             player
     00003B0F  _manage_jumping_status             player
     00003D50  _manage_crouched_status            player
     00003E72  _update_positions                  player
     00003F74  _play_logo_music                   soundengine
     00003F87  _play_game_music                   soundengine
     00003F9A  _play_punch_sound1                 soundengine
     00003FB2  _play_punch_sound2                 soundengine
     00003FCA  _manage_sound_frame                soundengine
     00003FE9  _PSGStop                           PSGlib
     00004010  _PSGResume                         PSGlib
     0000405C  _PSGPlay                           PSGlib
     00004089  _PSGCancelLoop                     PSGlib
     0000408F  _PSGPlayNoRepeat                   PSGlib
ASxxxx Linker V03.00 + NoICE + sdld,  page 4.
Hexadecimal  [32-Bits]

Area                                    Addr        Size        Decimal Bytes (Attributes)
--------------------------------        ----        ----        ------- ----- ------------
_CODE                               00000200    00004A5D =       19037. bytes (REL,CON)

      Value  Global                              Global Defined In Module
      -----  --------------------------------   ------------------------
     0000409E  _PSGGetStatus                      PSGlib
     000040A6  _PSGSilenceChannels                PSGlib
     000040B7  _PSGRestoreVolumes                 PSGlib
     00004188  _PSGSetMusicVolumeAttenuation      PSGlib
     0000424D  _PSGSFXStop                        PSGlib
     00004306  _PSGSFXPlay                        PSGlib
     00004353  _PSGSFXCancelLoop                  PSGlib
     00004359  _PSGSFXGetStatus                   PSGlib
     00004361  _PSGSFXPlayLoop                    PSGlib
     0000437B  _PSGFrame                          PSGlib
     00004494  _PSGSFXFrame                       PSGlib
     0000451A  _free                              free
     00004604  __divsuchar                        
     00004610  __divuschar                        
     0000461F  _SMS_loadBGPaletteHalfBrightness   SMSlib_paletteAdv
     00004636  _SMS_zeroBGPalette                 SMSlib_paletteAdv
     0000464A  _SMS_loadSpritePaletteHalfBright   SMSlib_paletteAdv
     00004661  _SMS_zeroSpritePalette             SMSlib_paletteAdv
     00004675  _SMS_init                          SMSlib
     000046C9  _VDPReg_init                       SMSlib
     000046D4  _SMS_VDPType                       SMSlib
     000046DC  _SMS_VDPturnOnFeature              SMSlib
     000046F3  _SMS_VDPturnOffFeature             SMSlib
     0000470C  _SMS_setBGScrollX                  SMSlib
     00004716  _SMS_setBGScrollY                  SMSlib
     00004720  _SMS_setBackdropColor              SMSlib
     0000472A  _SMS_useFirstHalfTilesforSprites   SMSlib
     0000473E  _SMS_setSpriteMode                 SMSlib
     00004783  _SMS_setBGPaletteColor             SMSlib
     00004797  _SMS_setSpritePaletteColor         SMSlib
     000047AB  _SMS_loadBGPalette                 SMSlib
     000047BF  _SMS_loadSpritePalette             SMSlib
     000047D3  _SMS_setColor                      SMSlib
     000047D7  _SMS_initSprites                   SMSlib
     000047DD  _SMS_addSprite                     SMSlib
     00004832  _SMS_finalizeSprites               SMSlib
     00004844  _SMS_copySpritestoSAT              SMSlib
     0000486D  _SMS_waitForVBlank                 SMSlib
     0000487A  _SMS_getKeysStatus                 SMSlib
     0000487E  _SMS_getKeysPressed                SMSlib
     0000489B  _SMS_getKeysHeld                   SMSlib
     000048B2  _SMS_getKeysReleased               SMSlib
     000048CF  _SMS_queryPauseRequested           SMSlib
     000048D7  _SMS_resetPauseRequest             SMSlib
     000048DD  _SMS_setLineInterruptHandler       SMSlib
     000048EE  _SMS_setLineCounter                SMSlib
     000048FD  _SMS_getVCount                     SMSlib
     00004901  _SMS_getHCount                     SMSlib
     00004905  _SMS_isr                           SMSlib
     0000493B  _SMS_nmi_isr                       SMSlib
     0000494E  _SMS_loadTiles                     SMSlib_loadTiles
ASxxxx Linker V03.00 + NoICE + sdld,  page 5.
Hexadecimal  [32-Bits]

Area                                    Addr        Size        Decimal Bytes (Attributes)
--------------------------------        ----        ----        ------- ----- ------------
_CODE                               00000200    00004A5D =       19037. bytes (REL,CON)

      Value  Global                              Global Defined In Module
      -----  --------------------------------   ------------------------
     0000497F  __divuint                          
     00004987  __divuchar                         
     0000498E  __divu8                            
     00004991  __divu16                           
     000049C0  ___sdcc_heap_init                  malloc
     000049DB  _malloc                            malloc
     00004AE2  ___sdcc_call_hl                    
     00004AE3  __divsint                          
     00004AEC  __divschar                         
     00004AF3  __div8                             
     00004AF7  __div_signexte                     
     00004AFB  __div16                            
     00004B21  __get_remainder                    
     00004B2B  _SMS_VRAMmemcpy                    SMSlib_VRAMmemcpy
     00004B5A  _SMS_VRAMmemcpy_brief              SMSlib_VRAMmemcpy
     00004B7C  _SMS_loadPSGaidencompressedTiles   SMSlib_PSGaiden
ASxxxx Linker V03.00 + NoICE + sdld,  page 6.
Hexadecimal  [32-Bits]

Area                                    Addr        Size        Decimal Bytes (Attributes)
--------------------------------        ----        ----        ------- ----- ------------
_HEADER0                            00000000    00000006 =           6. bytes (ABS,CON)

      Value  Global                              Global Defined In Module
      -----  --------------------------------   ------------------------
     00000006  _SMS_crt0_RST08                    crt0

ASxxxx Linker V03.00 + NoICE + sdld,  page 7.
Hexadecimal  [32-Bits]

Area                                    Addr        Size        Decimal Bytes (Attributes)
--------------------------------        ----        ----        ------- ----- ------------
_HEADER1                            00000000    00000009 =           9. bytes (ABS,CON)

      Value  Global                              Global Defined In Module
      -----  --------------------------------   ------------------------
     00000011  _SMS_crt0_RST18                    crt0

ASxxxx Linker V03.00 + NoICE + sdld,  page 8.
Hexadecimal  [32-Bits]

Area                                    Addr        Size        Decimal Bytes (Attributes)
--------------------------------        ----        ----        ------- ----- ------------
_HEADER2                            00000000    0000000A =          10. bytes (ABS,CON)

      Value  Global                              Global Defined In Module
      -----  --------------------------------   ------------------------
ASxxxx Linker V03.00 + NoICE + sdld,  page 9.
Hexadecimal  [32-Bits]

Area                                    Addr        Size        Decimal Bytes (Attributes)
--------------------------------        ----        ----        ------- ----- ------------
_HEADER3                            00000000    00000003 =           3. bytes (ABS,CON)

      Value  Global                              Global Defined In Module
      -----  --------------------------------   ------------------------
ASxxxx Linker V03.00 + NoICE + sdld,  page 10.
Hexadecimal  [32-Bits]

Area                                    Addr        Size        Decimal Bytes (Attributes)
--------------------------------        ----        ----        ------- ----- ------------
_HEADER4                            00000000    00000003 =           3. bytes (ABS,CON)

      Value  Global                              Global Defined In Module
      -----  --------------------------------   ------------------------
ASxxxx Linker V03.00 + NoICE + sdld,  page 11.
Hexadecimal  [32-Bits]

Area                                    Addr        Size        Decimal Bytes (Attributes)
--------------------------------        ----        ----        ------- ----- ------------
_HEADER5                            00000000    0000012A =         298. bytes (ABS,CON)

      Value  Global                              Global Defined In Module
      -----  --------------------------------   ------------------------
     00000099  _OUTI128                           crt0
     00000119  _OUTI64                            crt0
     00000159  _OUTI32                            crt0
     00000199  _outi_block                        crt0

ASxxxx Linker V03.00 + NoICE + sdld,  page 12.
Hexadecimal  [32-Bits]

Area                                    Addr        Size        Decimal Bytes (Attributes)
--------------------------------        ----        ----        ------- ----- ------------
_INITIALIZER                        00004C5D    0000000E =          14. bytes (REL,CON)

      Value  Global                              Global Defined In Module
      -----  --------------------------------   ------------------------
ASxxxx Linker V03.00 + NoICE + sdld,  page 13.
Hexadecimal  [32-Bits]

Area                                    Addr        Size        Decimal Bytes (Attributes)
--------------------------------        ----        ----        ------- ----- ------------
_GSINIT                             00004C6B    00000012 =          18. bytes (REL,CON)

      Value  Global                              Global Defined In Module
      -----  --------------------------------   ------------------------
     00004C6B  gsinit                             crt0

ASxxxx Linker V03.00 + NoICE + sdld,  page 14.
Hexadecimal  [32-Bits]

Area                                    Addr        Size        Decimal Bytes (Attributes)
--------------------------------        ----        ----        ------- ----- ------------
_GSFINAL                            00004C7D    00000001 =           1. bytes (REL,CON)

      Value  Global                              Global Defined In Module
      -----  --------------------------------   ------------------------
ASxxxx Linker V03.00 + NoICE + sdld,  page 15.
Hexadecimal  [32-Bits]

Area                                    Addr        Size        Decimal Bytes (Attributes)
--------------------------------        ----        ----        ------- ----- ------------
_DATA                               0000C000    00000132 =         306. bytes (REL,CON)

      Value  Global                              Global Defined In Module
      -----  --------------------------------   ------------------------
     0000C000  _pause                             montylib
     0000C001  _frame_cnt                         montylib
     0000C003  _game_status                       gamelogic
     0000C004  _score                             gamelogic
     0000C006  _entitylist                        spriteengine
     0000C010  _player1                           player
     0000C01A  _player2                           player
     0000C024  _PSGMusicStart                     PSGlib
     0000C026  _PSGMusicPointer                   PSGlib
     0000C028  _PSGMusicLoopPoint                 PSGlib
     0000C02A  _PSGMusicSkipFrames                PSGlib
     0000C02B  _PSGLoopFlag                       PSGlib
     0000C02C  _PSGMusicLastLatch                 PSGlib
     0000C02D  _PSGMusicVolumeAttenuation         PSGlib
     0000C02E  _PSGMusicSubstringLen              PSGlib
     0000C02F  _PSGMusicSubstringRetAddr          PSGlib
     0000C031  _PSGChan0Volume                    PSGlib
     0000C032  _PSGChan1Volume                    PSGlib
     0000C033  _PSGChan2Volume                    PSGlib
     0000C034  _PSGChan3Volume                    PSGlib
     0000C035  _PSGChan2LowTone                   PSGlib
     0000C036  _PSGChan2HighTone                  PSGlib
     0000C037  _PSGChan3LowTone                   PSGlib
     0000C038  _PSGSFXChan2Volume                 PSGlib
     0000C039  _PSGSFXChan3Volume                 PSGlib
     0000C03A  _PSGSFXStart                       PSGlib
     0000C03C  _PSGSFXPointer                     PSGlib
     0000C03E  _PSGSFXLoopPoint                   PSGlib
     0000C040  _PSGSFXSkipFrames                  PSGlib
     0000C041  _PSGSFXLoopFlag                    PSGlib
     0000C042  _PSGSFXSubstringLen                PSGlib
     0000C043  _PSGSFXSubstringRetAddr            PSGlib
     0000C045  _VDPBlank                          SMSlib
     0000C046  _SMS_VDPFlags                      SMSlib
     0000C047  _PauseRequested                    SMSlib
     0000C048  _VDPType                           SMSlib
     0000C049  _KeysStatus                        SMSlib
     0000C04B  _PreviousKeysStatus                SMSlib
     0000C04D  _SpriteTableY                      SMSlib
     0000C08D  _SpriteTableXN                     SMSlib
     0000C10D  _SpriteNextFree                    SMSlib
     0000C10E  _SMS_theLineInterruptHandler       SMSlib
     0000C110  ___sdcc_heap_free                  malloc
     0000C112  _decompBuffer                      SMSlib_PSGaiden

ASxxxx Linker V03.00 + NoICE + sdld,  page 16.
Hexadecimal  [32-Bits]

Area                                    Addr        Size        Decimal Bytes (Attributes)
--------------------------------        ----        ----        ------- ----- ------------
_INITIALIZED                        0000C132    0000000E =          14. bytes (REL,CON)

      Value  Global                              Global Defined In Module
      -----  --------------------------------   ------------------------
     0000C132  _rand_index                        montylib
     0000C133  _entityIndex                       spriteengine
     0000C134  _entityVramPosition                spriteengine
     0000C136  _current_music_bank                soundengine
     0000C137  _current_fx_bank                   soundengine
     0000C138  _PSGMusicStatus                    PSGlib
     0000C139  _PSGChannel2SFX                    PSGlib
     0000C13A  _PSGChannel3SFX                    PSGlib
     0000C13B  _PSGSFXStatus                      PSGlib
     0000C13C  _VDPReg                            SMSlib
     0000C13E  _spritesHeight                     SMSlib
     0000C13F  _spritesWidth                      SMSlib
ASxxxx Linker V03.00 + NoICE + sdld,  page 17.
Hexadecimal  [32-Bits]

Area                                    Addr        Size        Decimal Bytes (Attributes)
--------------------------------        ----        ----        ------- ----- ------------
_HEAP                               0000C140    000003FF =        1023. bytes (REL,CON)

      Value  Global                              Global Defined In Module
      -----  --------------------------------   ------------------------
     0000C140  ___sdcc_heap                       

ASxxxx Linker V03.00 + NoICE + sdld,  page 18.
Hexadecimal  [32-Bits]

Area                                    Addr        Size        Decimal Bytes (Attributes)
--------------------------------        ----        ----        ------- ----- ------------
_CABS0                              00000000    00000010 =          16. bytes (ABS,CON)

      Value  Global                              Global Defined In Module
      -----  --------------------------------   ------------------------
     00007FF0  ___SMS__SEGA_signature             game

ASxxxx Linker V03.00 + NoICE + sdld,  page 19.
Hexadecimal  [32-Bits]

Area                                    Addr        Size        Decimal Bytes (Attributes)
--------------------------------        ----        ----        ------- ----- ------------
_CABS1                              00000000    00000010 =          16. bytes (ABS,CON)

      Value  Global                              Global Defined In Module
      -----  --------------------------------   ------------------------
     00007FD0  ___SMS__SDSC_author                game

ASxxxx Linker V03.00 + NoICE + sdld,  page 20.
Hexadecimal  [32-Bits]

Area                                    Addr        Size        Decimal Bytes (Attributes)
--------------------------------        ----        ----        ------- ----- ------------
_CABS2                              00000000    00000004 =           4. bytes (ABS,CON)

      Value  Global                              Global Defined In Module
      -----  --------------------------------   ------------------------
     00007FCC  ___SMS__SDSC_name                  game

ASxxxx Linker V03.00 + NoICE + sdld,  page 21.
Hexadecimal  [32-Bits]

Area                                    Addr        Size        Decimal Bytes (Attributes)
--------------------------------        ----        ----        ------- ----- ------------
_CABS3                              00000000    0000001E =          30. bytes (ABS,CON)

      Value  Global                              Global Defined In Module
      -----  --------------------------------   ------------------------
     00007FAE  ___SMS__SDSC_descr                 game

ASxxxx Linker V03.00 + NoICE + sdld,  page 22.
Hexadecimal  [32-Bits]

Area                                    Addr        Size        Decimal Bytes (Attributes)
--------------------------------        ----        ----        ------- ----- ------------
_CABS4                              00000000    00000010 =          16. bytes (ABS,CON)

      Value  Global                              Global Defined In Module
      -----  --------------------------------   ------------------------
     00007FE0  ___SMS__SDSC_signature             game

ASxxxx Linker V03.00 + NoICE + sdld,  page 23.
Hexadecimal  [32-Bits]

Area                                    Addr        Size        Decimal Bytes (Attributes)
--------------------------------        ----        ----        ------- ----- ------------
_BANK2                              00008000    00003FBC =       16316. bytes (REL,CON)

      Value  Global                              Global Defined In Module
      -----  --------------------------------   ------------------------
     00008000  _player_palette_bin                bank2
     00008003  _playeranimation0frame0_bin        bank2
     00008103  _playeranimation0frame0mirrored_   bank2
     00008203  _playeranimation1frame0_bin        bank2
     00008303  _playeranimation1frame0mirrored_   bank2
     00008403  _playeranimation2frame0_bin        bank2
     00008503  _playeranimation2frame0mirrored_   bank2
     00008603  _playeranimation2frame1_bin        bank2
     00008703  _playeranimation2frame1mirrored_   bank2
     00008803  _playeranimation2frame2_bin        bank2
     00008903  _playeranimation2frame2mirrored_   bank2
     00008A03  _playeranimation2frame3_bin        bank2
     00008B03  _playeranimation2frame3mirrored_   bank2
     00008C03  _playeranimation3frame0_bin        bank2
     00008D43  _playeranimation3frame0mirrored_   bank2
     00008E83  _playeranimation3frame1_bin        bank2
     00009023  _playeranimation3frame1mirrored_   bank2
     000091C3  _playeranimation3frame2_bin        bank2
     00009323  _playeranimation3frame2mirrored_   bank2
     00009483  _playeranimation4frame0_bin        bank2
     00009543  _playeranimation4frame0mirrored_   bank2
     00009603  _playeranimation5frame0_bin        bank2
     00009723  _playeranimation5frame0mirrored_   bank2
     00009843  _playeranimation6frame0_bin        bank2
     00009903  _playeranimation6frame0mirrored_   bank2
     000099C3  _playeranimation7frame0_bin        bank2
     00009AE3  _playeranimation7frame0mirrored_   bank2
     00009C03  _playeranimation8frame0_bin        bank2
     00009CC3  _playeranimation8frame0mirrored_   bank2
     00009D83  _playeranimation9frame0_bin        bank2
     00009E83  _playeranimation9frame0mirrored_   bank2
     00009F83  _playeranimation9frame1_bin        bank2
     0000A043  _playeranimation9frame1mirrored_   bank2
     0000A103  _logo1985tiles_bin                 bank2
     0000ADC3  _logo1985tilemap_bin               bank2
     0000B3C3  _logo1985palette_bin               bank2
     0000B3C8  _logo1985music_psg                 bank2
     0000B491  _levelbackgroundtiles_psgcompr     bank2
     0000B9AD  _levelbackgroundtilemap_bin        bank2
     0000BFAD  _levelbackgroundpalette_bin        bank2

ASxxxx Linker V03.00 + NoICE + sdld,  page 24.
Hexadecimal  [32-Bits]

Area                                    Addr        Size        Decimal Bytes (Attributes)
--------------------------------        ----        ----        ------- ----- ------------
_BANK3                              00008000    000011D5 =        4565. bytes (REL,CON)

      Value  Global                              Global Defined In Module
      -----  --------------------------------   ------------------------
     00008000  _level1music_psg                   bank3
     00008CC3  _punch1_psg                        bank3
     00008CD3  _punch2_psg                        bank3
     00008CE3  _systemfont_psgcompr               bank3

ASxxxx Linker V03.00 + NoICE + sdld,  page 25.
Hexadecimal  [32-Bits]

Area                                    Addr        Size        Decimal Bytes (Attributes)
--------------------------------        ----        ----        ------- ----- ------------
_HEAP_END                           000091D5    00000001 =           1. bytes (REL,CON)

      Value  Global                              Global Defined In Module
      -----  --------------------------------   ------------------------
     000091D5  ___sdcc_heap_end                   

ASxxxx Linker V03.00 + NoICE + sdld,  page 26.

Files Linked                              [ module(s) ]

crt0_sms.rel                              [ crt0 ]
game.rel                                  [ game ]
montylib.rel                              [ montylib ]
gamelogic.rel                             [ gamelogic ]
resources.rel                             [ resources ]
spriteengine.rel                          [ spriteengine ]
player.rel                                [ player ]
soundengine.rel                           [ soundengine ]
PSGLib.rel                                [ PSGlib ]
bank2.rel                                 [ bank2 ]
bank3.rel                                 [ bank3 ]


Libraries Linked                          [ object file ]

C:\Program Files\SDCC\bin\..\lib\z80/z80.lib
                                          [ free.rel ]
C:\Program Files\SDCC\bin\..\lib\z80/z80.lib
                                          [ divmixed.rel ]
C:\Program Files\SDCC\bin\..\lib\z80/SMSlib.lib
                                          [ SMSlib_paletteAdv.rel ]
C:\Program Files\SDCC\bin\..\lib\z80/SMSlib.lib
                                          [ SMSlib.rel ]
C:\Program Files\SDCC\bin\..\lib\z80/SMSlib.lib
                                          [ SMSlib_loadTiles.rel ]
C:\Program Files\SDCC\bin\..\lib\z80/z80.lib
                                          [ divunsigned.rel ]
C:\Program Files\SDCC\bin\..\lib\z80/z80.lib
                                          [ malloc.rel ]
C:\Program Files\SDCC\bin\..\lib\z80/z80.lib
                                          [ __sdcc_call_hl.rel ]
C:\Program Files\SDCC\bin\..\lib\z80/z80.lib
                                          [ divsigned.rel ]
C:\Program Files\SDCC\bin\..\lib\z80/SMSlib.lib
                                          [ SMSlib_VRAMmemcpy.rel ]
C:\Program Files\SDCC\bin\..\lib\z80/SMSlib.lib
                                          [ SMSlib_PSGaiden.rel ]
C:\Program Files\SDCC\bin\..\lib\z80/z80.lib
                                          [ heap.rel ]

ASxxxx Linker V03.00 + NoICE + sdld,  page 27.

User Base Address Definitions

_CODE = 0x0200
_DATA = 0xc000
_BANK2=0x8000
_BANK3=0x8000

