ASxxxx Linker V03.00 + NoICE + sdld,  page 1.
Hexadecimal  [32-Bits]

Area                                    Addr        Size        Decimal Bytes (Attributes)
--------------------------------        ----        ----        ------- ----- ------------
.  .ABS.                            00000000    00000000 =           0. bytes (ABS,CON)

      Value  Global                              Global Defined In Module
      -----  --------------------------------   ------------------------
     00000000  .__.ABS.                           
     00000000  l__BSEG                         
     00000000  l__BSS                          
     00000000  l__CABS                         
     00000000  l__DABS                         
     00000000  l__HEADER                       
     00000000  l__HOME                         
     00000000  s__CABS                         
     00000000  s__CABS0                        
     00000000  s__CABS1                        
     00000000  s__CABS2                        
     00000000  s__CABS3                        
     00000000  s__CABS4                        
     00000000  s__DABS                         
     00000000  s__HEADER                       
     00000000  s__HEADER0                      
     00000000  s__HEADER1                      
     00000000  s__HEADER2                      
     00000000  s__HEADER3                      
     00000000  s__HEADER4                      
     00000000  s__HEADER5                      
     00000001  l__GSFINAL                      
     00000001  l__HEAP_END                     
     00000003  l__HEADER3                      
     00000003  l__HEADER4                      
     00000006  l__HEADER0                      
     00000009  l__CABS2                        
     00000009  l__HEADER1                      
     0000000A  l__HEADER2                      
     0000000F  l__INITIALIZED                  
     0000000F  l__INITIALIZER                  
     00000010  l__CABS0                        
     00000010  l__CABS1                        
     00000010  l__CABS4                        
     00000012  l__GSINIT                       
     00000019  l__CABS3                        
     0000012A  l__HEADER5                      
     00000200  s__CODE                         
     0000023D  l__DATA                         
     000003FF  l__HEAP                         
     00002C81  l__BANK4                        
     00003F06  l__BANK3                        
     00003F25  l__BANK2                        
     000057BF  l__CODE                         
     000059BF  s__HOME                         
     000059BF  s__INITIALIZER                  
     000059CE  s__GSINIT                       
     000059E0  s__GSFINAL                      
     00008000  _SMS_SRAM                          SMSlib_VRAMmemset
     00008000  s__BANK2                        
ASxxxx Linker V03.00 + NoICE + sdld,  page 2.
Hexadecimal  [32-Bits]

Area                                    Addr        Size        Decimal Bytes (Attributes)
--------------------------------        ----        ----        ------- ----- ------------
.  .ABS.                            00000000    00000000 =           0. bytes (ABS,CON)

      Value  Global                              Global Defined In Module
      -----  --------------------------------   ------------------------
     00008000  s__BANK3                        
     00008000  s__BANK4                        
     0000AC81  s__HEAP_END                     
     0000C000  s__DATA                         
     0000C23D  s__INITIALIZED                  
     0000C24C  s__BSEG                         
     0000C24C  s__BSS                          
     0000C24C  s__HEAP                         
     0000FFFC  _SRAM_bank_to_be_mapped_on_slot2   SMSlib_VRAMmemset
     0000FFFF  _ROM_bank_to_be_mapped_on_slot2    SMSlib_VRAMmemset
ASxxxx Linker V03.00 + NoICE + sdld,  page 3.
Hexadecimal  [32-Bits]

Area                                    Addr        Size        Decimal Bytes (Attributes)
--------------------------------        ----        ----        ------- ----- ------------
_CODE                               00000200    000057BF =       22463. bytes (REL,CON)

      Value  Global                              Global Defined In Module
      -----  --------------------------------   ------------------------
     00000200  __clock                            crt0
     00000204  _exit                              crt0
     0000020A  _main                              game
     00000244  _init_console                      montylib
     00000283  _randLUT                           montylib
     00000383  _init_scroll                       montylib
     000003B0  _move_scroll                       montylib
     00000432  _get_scroll_x                      montylib
     00000435  _get_scroll_y                      montylib
     00000438  _waitForFrame                      montylib
     0000044B  _rand                              montylib
     0000045D  _init_game                         gamelogic
     00000460  _play_game                         gamelogic
     00000473  _logo_screen                       gamelogic
     000004EA  _fnaclogo_screen                   gamelogic
     0000055E  _presentation_screen               gamelogic
     000005F5  _game_loop                         gamelogic
     00000628  _init_gamestatus                   gamelogic
     00000634  _execute_game_logic                gamelogic
     000006DD  _load_logo_assets                  resources
     0000070B  _load_logo_halfpalette             resources
     00000711  _load_logo_fullpalette             resources
     00000717  _load_fnaclogo_assets              resources
     0000073D  _load_fnaclogo_halfpalette         resources
     00000748  _load_fnaclogo_fullpalette         resources
     00000753  _load_presentation_assets          resources
     00000779  _load_presentation_halfpalette     resources
     00000784  _load_presentation_fullpalette     resources
     0000078F  _load_level1_assets                resources
     000007B8  _init_level1_scroll                resources
     000007E2  _update_scroll                     resources
     000007FA  _get_scroll_position_x             resources
     000007FD  _get_scroll_position_y             resources
     00000800  _update_resources                  resources
     00000809  _load_background_blackpalette      resources
     0000080C  _load_system_font                  resources
     0000081F  _print_debug_info                  resources
     00000820  _print_unsigned_char               resources
     00000890  _print_signed_char                 resources
     00000915  _initEngine                        spriteengine
     00000941  _addEntity                         spriteengine
     00000A69  _setAnimation                      spriteengine
     00000AE2  _forceReload                       spriteengine
     00000B00  _isFrameEnded                      spriteengine
     00000B1E  _isAnimationEnded                  spriteengine
     00000B3C  _setDirection                      spriteengine
     00000B69  _updateAnimations                  spriteengine
     00000CE1  _updateTiles                       spriteengine
     00000E4F  _drawEntities                      spriteengine
     000010A2  _move_entity                       spriteengine
ASxxxx Linker V03.00 + NoICE + sdld,  page 4.
Hexadecimal  [32-Bits]

Area                                    Addr        Size        Decimal Bytes (Attributes)
--------------------------------        ----        ----        ------- ----- ------------
_CODE                               00000200    000057BF =       22463. bytes (REL,CON)

      Value  Global                              Global Defined In Module
      -----  --------------------------------   ------------------------
     000010D2  _add_player                        player
     00003769  _manage_input                      player
     00003839  _manage_player_iddle_status        player
     00003AB1  _manage_player_walking_status      player
     00003F5E  _manage_player_jumping_status      player
     0000419F  _manage_player_crouched_status     player
     000042C1  _update_player_positions           player
     000043E5  _play_logo_music                   soundengine
     000043F8  _play_presentation_music           soundengine
     0000440B  _play_game_music                   soundengine
     0000441E  _play_punch_sound1                 soundengine
     00004436  _play_punch_sound2                 soundengine
     0000444E  _manage_sound_frame                soundengine
     0000446D  _PSGStop                           PSGlib
     00004494  _PSGResume                         PSGlib
     000044E0  _PSGPlay                           PSGlib
     0000450D  _PSGCancelLoop                     PSGlib
     00004513  _PSGPlayNoRepeat                   PSGlib
     00004522  _PSGGetStatus                      PSGlib
     0000452A  _PSGSilenceChannels                PSGlib
     0000453B  _PSGRestoreVolumes                 PSGlib
     0000460C  _PSGSetMusicVolumeAttenuation      PSGlib
     000046D1  _PSGSFXStop                        PSGlib
     0000478A  _PSGSFXPlay                        PSGlib
     000047D7  _PSGSFXCancelLoop                  PSGlib
     000047DD  _PSGSFXGetStatus                   PSGlib
     000047E5  _PSGSFXPlayLoop                    PSGlib
     000047FF  _PSGFrame                          PSGlib
     00004918  _PSGSFXFrame                       PSGlib
     0000499E  _GSL_positionWindow                GSLib
     000049A8  _GSL_metatileLookup                GSLib
     000049B2  _GSL_tileLookup                    GSLib
     000049BC  _GSL_refreshVDP                    GSLib
     000049C4  _GSL_scroll                        GSLib
     000049D8  _GSL_VBlank                        GSLib
     000049E0  _GSL_metatileUpdate                GSLib
     000049E4  _GSL_metatileUpdateCustom          GSLib
     000049FE  _GSL_getMapWidthInPixels           GSLib
     00004A06  _GSL_getMapHeightInPixels          GSLib
     00004A0E  _GSL_getMapWidthInMetatiles        GSLib
     00004A16  _GSL_getMapHeightInMetatiles       GSLib
     00004A1E  _GSL_getScrolltableSize            GSLib
     00004A26  _GSL_getCurrentX                   GSLib
     00004A2E  _GSL_getCurrentY                   GSLib
     00004A36  _GSL_getCollisionCount             GSLib
     00004A3B  _GSL_getScrolltableAddress         GSLib
     00004A43  _GSL_initializeMap                 GSLib
     0000517D  _GSL_LUTColumnUpdate               GSLib
     000051ED  _GSL_LUTRowUpdate                  GSLib
     0000526D  _free                              free
     00005357  _SMS_loadPSGaidencompressedTiles   SMSlib_PSGaiden
ASxxxx Linker V03.00 + NoICE + sdld,  page 5.
Hexadecimal  [32-Bits]

Area                                    Addr        Size        Decimal Bytes (Attributes)
--------------------------------        ----        ----        ------- ----- ------------
_CODE                               00000200    000057BF =       22463. bytes (REL,CON)

      Value  Global                              Global Defined In Module
      -----  --------------------------------   ------------------------
     00005431  __divsuchar                        
     0000543D  __divuschar                        
     0000544C  _SMS_loadBGPaletteHalfBrightness   SMSlib_paletteAdv
     00005463  _SMS_zeroBGPalette                 SMSlib_paletteAdv
     00005477  _SMS_loadSpritePaletteHalfBright   SMSlib_paletteAdv
     0000548E  _SMS_zeroSpritePalette             SMSlib_paletteAdv
     000054A2  _SMS_init                          SMSlib
     000054CD  _VDPReg_init                       SMSlib
     000054D8  _SMS_VDPturnOnFeature              SMSlib
     000054ED  _SMS_VDPturnOffFeature             SMSlib
     00005504  _SMS_setBGScrollX                  SMSlib
     0000550F  _SMS_setBGScrollY                  SMSlib
     0000551A  _SMS_setBackdropColor              SMSlib
     00005525  _SMS_useFirstHalfTilesforSprites   SMSlib
     0000553C  _SMS_setSpriteMode                 SMSlib
     0000558B  _SMS_setBGPaletteColor             SMSlib
     000055A5  _SMS_setSpritePaletteColor         SMSlib
     000055BF  _SMS_loadBGPalette                 SMSlib
     000055D4  _SMS_loadSpritePalette             SMSlib
     000055E9  _SMS_setColor                      SMSlib
     000055ED  _SMS_waitForVBlank                 SMSlib
     000055FA  _SMS_getKeysStatus                 SMSlib
     000055FE  _SMS_getKeysPressed                SMSlib
     00005614  _SMS_getKeysHeld                   SMSlib
     00005626  _SMS_getKeysReleased               SMSlib
     0000563C  _SMS_queryPauseRequested           SMSlib
     00005641  _SMS_resetPauseRequest             SMSlib
     00005647  _SMS_setLineInterruptHandler       SMSlib
     0000565E  _SMS_setLineCounter                SMSlib
     00005674  _SMS_getVCount                     SMSlib
     00005678  _SMS_getHCount                     SMSlib
     0000567C  _SMS_isr                           SMSlib
     000056B2  _SMS_nmi_isr                       SMSlib
     000056C5  _SMS_initSprites                   SMSlib_sprite
     000056CB  _SMS_addSprite                     SMSlib_sprite
     000056FE  _SMS_copySpritestoSAT              SMSlib_sprite
     00005734  _SMS_loadTiles                     SMSlib_loadTiles
     00005765  __divuint                          
     0000576D  __divuchar                         
     00005774  __divu8                            
     00005777  __divu16                           
     000057A6  ___sdcc_heap_init                  malloc
     000057C1  _malloc                            malloc
     000058C8  ___sdcc_call_hl                    
     000058C9  __divsint                          
     000058D2  __divschar                         
     000058D9  __div8                             
     000058DD  __div_signexte                     
     000058E1  __div16                            
     00005907  __get_remainder                    
     00005911  _SMS_finalizeSprites               SMSlib_deprecated
ASxxxx Linker V03.00 + NoICE + sdld,  page 6.
Hexadecimal  [32-Bits]

Area                                    Addr        Size        Decimal Bytes (Attributes)
--------------------------------        ----        ----        ------- ----- ------------
_CODE                               00000200    000057BF =       22463. bytes (REL,CON)

      Value  Global                              Global Defined In Module
      -----  --------------------------------   ------------------------
     00005923  _SMS_VRAMmemcpy                    SMSlib_VRAMmemcpy
     00005952  _SMS_VRAMmemcpy_brief              SMSlib_VRAMmemcpy
     00005974  _SMS_VRAMmemset                    SMSlib_VRAMmemset
     00005994  _SMS_VRAMmemsetW                   SMSlib_VRAMmemset
ASxxxx Linker V03.00 + NoICE + sdld,  page 7.
Hexadecimal  [32-Bits]

Area                                    Addr        Size        Decimal Bytes (Attributes)
--------------------------------        ----        ----        ------- ----- ------------
_HEADER0                            00000000    00000006 =           6. bytes (ABS,CON)

      Value  Global                              Global Defined In Module
      -----  --------------------------------   ------------------------
     00000006  _SMS_crt0_RST08                    crt0

ASxxxx Linker V03.00 + NoICE + sdld,  page 8.
Hexadecimal  [32-Bits]

Area                                    Addr        Size        Decimal Bytes (Attributes)
--------------------------------        ----        ----        ------- ----- ------------
_HEADER1                            00000000    00000009 =           9. bytes (ABS,CON)

      Value  Global                              Global Defined In Module
      -----  --------------------------------   ------------------------
     00000011  _SMS_crt0_RST18                    crt0

ASxxxx Linker V03.00 + NoICE + sdld,  page 9.
Hexadecimal  [32-Bits]

Area                                    Addr        Size        Decimal Bytes (Attributes)
--------------------------------        ----        ----        ------- ----- ------------
_HEADER2                            00000000    0000000A =          10. bytes (ABS,CON)

      Value  Global                              Global Defined In Module
      -----  --------------------------------   ------------------------
ASxxxx Linker V03.00 + NoICE + sdld,  page 10.
Hexadecimal  [32-Bits]

Area                                    Addr        Size        Decimal Bytes (Attributes)
--------------------------------        ----        ----        ------- ----- ------------
_HEADER3                            00000000    00000003 =           3. bytes (ABS,CON)

      Value  Global                              Global Defined In Module
      -----  --------------------------------   ------------------------
ASxxxx Linker V03.00 + NoICE + sdld,  page 11.
Hexadecimal  [32-Bits]

Area                                    Addr        Size        Decimal Bytes (Attributes)
--------------------------------        ----        ----        ------- ----- ------------
_HEADER4                            00000000    00000003 =           3. bytes (ABS,CON)

      Value  Global                              Global Defined In Module
      -----  --------------------------------   ------------------------
ASxxxx Linker V03.00 + NoICE + sdld,  page 12.
Hexadecimal  [32-Bits]

Area                                    Addr        Size        Decimal Bytes (Attributes)
--------------------------------        ----        ----        ------- ----- ------------
_HEADER5                            00000000    0000012A =         298. bytes (ABS,CON)

      Value  Global                              Global Defined In Module
      -----  --------------------------------   ------------------------
     00000099  _OUTI128                           crt0
     00000119  _OUTI64                            crt0
     00000159  _OUTI32                            crt0
     00000199  _outi_block                        crt0

ASxxxx Linker V03.00 + NoICE + sdld,  page 13.
Hexadecimal  [32-Bits]

Area                                    Addr        Size        Decimal Bytes (Attributes)
--------------------------------        ----        ----        ------- ----- ------------
_INITIALIZER                        000059BF    0000000F =          15. bytes (REL,CON)

      Value  Global                              Global Defined In Module
      -----  --------------------------------   ------------------------
ASxxxx Linker V03.00 + NoICE + sdld,  page 14.
Hexadecimal  [32-Bits]

Area                                    Addr        Size        Decimal Bytes (Attributes)
--------------------------------        ----        ----        ------- ----- ------------
_GSINIT                             000059CE    00000012 =          18. bytes (REL,CON)

      Value  Global                              Global Defined In Module
      -----  --------------------------------   ------------------------
     000059CE  gsinit                             crt0

ASxxxx Linker V03.00 + NoICE + sdld,  page 15.
Hexadecimal  [32-Bits]

Area                                    Addr        Size        Decimal Bytes (Attributes)
--------------------------------        ----        ----        ------- ----- ------------
_GSFINAL                            000059E0    00000001 =           1. bytes (REL,CON)

      Value  Global                              Global Defined In Module
      -----  --------------------------------   ------------------------
ASxxxx Linker V03.00 + NoICE + sdld,  page 16.
Hexadecimal  [32-Bits]

Area                                    Addr        Size        Decimal Bytes (Attributes)
--------------------------------        ----        ----        ------- ----- ------------
_DATA                               0000C000    0000023D =         573. bytes (REL,CON)

      Value  Global                              Global Defined In Module
      -----  --------------------------------   ------------------------
     0000C000  _pause                             montylib
     0000C001  _frame_cnt                         montylib
     0000C003  _game_status                       gamelogic
     0000C004  _score                             gamelogic
     0000C006  _scroll_enabled                    gamelogic
     0000C007  _scroll_x                          resources
     0000C009  _scroll_y                          resources
     0000C00B  _entitylist                        spriteengine
     0000C015  _player1                           player
     0000C01F  _player2                           player
     0000C029  _PSGMusicStart                     PSGlib
     0000C02B  _PSGMusicPointer                   PSGlib
     0000C02D  _PSGMusicLoopPoint                 PSGlib
     0000C02F  _PSGMusicSkipFrames                PSGlib
     0000C030  _PSGLoopFlag                       PSGlib
     0000C031  _PSGMusicLastLatch                 PSGlib
     0000C032  _PSGMusicVolumeAttenuation         PSGlib
     0000C033  _PSGMusicSubstringLen              PSGlib
     0000C034  _PSGMusicSubstringRetAddr          PSGlib
     0000C036  _PSGChan0Volume                    PSGlib
     0000C037  _PSGChan1Volume                    PSGlib
     0000C038  _PSGChan2Volume                    PSGlib
     0000C039  _PSGChan3Volume                    PSGlib
     0000C03A  _PSGChan2LowTone                   PSGlib
     0000C03B  _PSGChan2HighTone                  PSGlib
     0000C03C  _PSGChan3LowTone                   PSGlib
     0000C03D  _PSGSFXChan2Volume                 PSGlib
     0000C03E  _PSGSFXChan3Volume                 PSGlib
     0000C03F  _PSGSFXStart                       PSGlib
     0000C041  _PSGSFXPointer                     PSGlib
     0000C043  _PSGSFXLoopPoint                   PSGlib
     0000C045  _PSGSFXSkipFrames                  PSGlib
     0000C046  _PSGSFXLoopFlag                    PSGlib
     0000C047  _PSGSFXSubstringLen                PSGlib
     0000C048  _PSGSFXSubstringRetAddr            PSGlib
     0000C04A  _GSL_RAM                           GSLib
     0000C151  _decompBuffer                      SMSlib_PSGaiden
     0000C171  _VDPBlank                          SMSlib
     0000C172  _SMS_VDPFlags                      SMSlib
     0000C173  _PauseRequested                    SMSlib
     0000C174  _KeysStatus                        SMSlib
     0000C176  _PreviousKeysStatus                SMSlib
     0000C178  _SMS_theLineInterruptHandler       SMSlib
     0000C17A  _SpriteTableY                      SMSlib_sprite
     0000C1BA  _SpriteTableXN                     SMSlib_sprite
     0000C23A  _SpriteNextFree                    SMSlib_sprite
     0000C23B  ___sdcc_heap_free                  malloc

ASxxxx Linker V03.00 + NoICE + sdld,  page 17.
Hexadecimal  [32-Bits]

Area                                    Addr        Size        Decimal Bytes (Attributes)
--------------------------------        ----        ----        ------- ----- ------------
_INITIALIZED                        0000C23D    0000000F =          15. bytes (REL,CON)

      Value  Global                              Global Defined In Module
      -----  --------------------------------   ------------------------
     0000C23D  _rand_index                        montylib
     0000C23E  _entityIndex                       spriteengine
     0000C23F  _entityVramPosition                spriteengine
     0000C241  _current_music_bank                soundengine
     0000C242  _current_fx_bank                   soundengine
     0000C243  _PSGMusicStatus                    PSGlib
     0000C244  _PSGChannel2SFX                    PSGlib
     0000C245  _PSGChannel3SFX                    PSGlib
     0000C246  _PSGSFXStatus                      PSGlib
     0000C247  _VDPReg                            SMSlib
     0000C249  _spritesHeight                     SMSlib
     0000C24A  _spritesWidth                      SMSlib
     0000C24B  _spritesTileOffset                 SMSlib

ASxxxx Linker V03.00 + NoICE + sdld,  page 18.
Hexadecimal  [32-Bits]

Area                                    Addr        Size        Decimal Bytes (Attributes)
--------------------------------        ----        ----        ------- ----- ------------
_HEAP                               0000C24C    000003FF =        1023. bytes (REL,CON)

      Value  Global                              Global Defined In Module
      -----  --------------------------------   ------------------------
     0000C24C  ___sdcc_heap                       

ASxxxx Linker V03.00 + NoICE + sdld,  page 19.
Hexadecimal  [32-Bits]

Area                                    Addr        Size        Decimal Bytes (Attributes)
--------------------------------        ----        ----        ------- ----- ------------
_CABS0                              00000000    00000010 =          16. bytes (ABS,CON)

      Value  Global                              Global Defined In Module
      -----  --------------------------------   ------------------------
     00007FF0  ___SMS__SEGA_signature             game

ASxxxx Linker V03.00 + NoICE + sdld,  page 20.
Hexadecimal  [32-Bits]

Area                                    Addr        Size        Decimal Bytes (Attributes)
--------------------------------        ----        ----        ------- ----- ------------
_CABS1                              00000000    00000010 =          16. bytes (ABS,CON)

      Value  Global                              Global Defined In Module
      -----  --------------------------------   ------------------------
     00007FD0  ___SMS__SDSC_author                game

ASxxxx Linker V03.00 + NoICE + sdld,  page 21.
Hexadecimal  [32-Bits]

Area                                    Addr        Size        Decimal Bytes (Attributes)
--------------------------------        ----        ----        ------- ----- ------------
_CABS2                              00000000    00000009 =           9. bytes (ABS,CON)

      Value  Global                              Global Defined In Module
      -----  --------------------------------   ------------------------
     00007FC7  ___SMS__SDSC_name                  game

ASxxxx Linker V03.00 + NoICE + sdld,  page 22.
Hexadecimal  [32-Bits]

Area                                    Addr        Size        Decimal Bytes (Attributes)
--------------------------------        ----        ----        ------- ----- ------------
_CABS3                              00000000    00000019 =          25. bytes (ABS,CON)

      Value  Global                              Global Defined In Module
      -----  --------------------------------   ------------------------
     00007FAE  ___SMS__SDSC_descr                 game

ASxxxx Linker V03.00 + NoICE + sdld,  page 23.
Hexadecimal  [32-Bits]

Area                                    Addr        Size        Decimal Bytes (Attributes)
--------------------------------        ----        ----        ------- ----- ------------
_CABS4                              00000000    00000010 =          16. bytes (ABS,CON)

      Value  Global                              Global Defined In Module
      -----  --------------------------------   ------------------------
     00007FE0  ___SMS__SDSC_signature             game

ASxxxx Linker V03.00 + NoICE + sdld,  page 24.
Hexadecimal  [32-Bits]

Area                                    Addr        Size        Decimal Bytes (Attributes)
--------------------------------        ----        ----        ------- ----- ------------
_BANK2                              00008000    00003F25 =       16165. bytes (REL,CON)

      Value  Global                              Global Defined In Module
      -----  --------------------------------   ------------------------
     00008000  _gatopresentaciontiles_psgcompr    bank2
     00008EBB  _gatopresentaciontilemap_bin       bank2
     000094BB  _gatopresentacionpalette_bin       bank2
     000094C7  _presentation_psg                  bank2
     0000A18A  _level1_metatiles_bin              bank2
     0000A542  _level1_palette_bin                bank2
     0000A54F  _level1_scrolltable_bin            bank2
     0000AB5C  _level1_tiles_bin                  bank2
     0000BC5C  _levelbackgroundtiles_psgcompr     bank2
     0000BE16  _playeranimation1frame1_bin        bank2
     0000BF16  _levelbackgroundpalette_bin        bank2

ASxxxx Linker V03.00 + NoICE + sdld,  page 25.
Hexadecimal  [32-Bits]

Area                                    Addr        Size        Decimal Bytes (Attributes)
--------------------------------        ----        ----        ------- ----- ------------
_BANK3                              00008000    00003F06 =       16134. bytes (REL,CON)

      Value  Global                              Global Defined In Module
      -----  --------------------------------   ------------------------
     00008000  _player_palette_bin                bank3
     0000800D  _playeranimation0frame0_bin        bank3
     0000810D  _playeranimation0frame0mirrored_   bank3
     0000820D  _playeranimation1frame0_bin        bank3
     0000830D  _playeranimation1frame0mirrored_   bank3
     0000840D  _playeranimation2frame0_bin        bank3
     0000850D  _playeranimation2frame0mirrored_   bank3
     0000860D  _playeranimation2frame1_bin        bank3
     0000870D  _playeranimation2frame1mirrored_   bank3
     0000880D  _playeranimation2frame2_bin        bank3
     0000890D  _playeranimation2frame2mirrored_   bank3
     00008A0D  _playeranimation2frame3_bin        bank3
     00008B0D  _playeranimation2frame3mirrored_   bank3
     00008C0D  _playeranimation3frame0_bin        bank3
     00008D4D  _playeranimation3frame0mirrored_   bank3
     00008E8D  _playeranimation3frame1_bin        bank3
     0000902D  _playeranimation3frame1mirrored_   bank3
     000091CD  _playeranimation3frame2_bin        bank3
     0000932D  _playeranimation3frame2mirrored_   bank3
     0000948D  _playeranimation4frame0_bin        bank3
     0000954D  _playeranimation4frame0mirrored_   bank3
     0000960D  _playeranimation5frame0_bin        bank3
     0000972D  _playeranimation5frame0mirrored_   bank3
     0000984D  _playeranimation6frame0_bin        bank3
     0000990D  _playeranimation6frame0mirrored_   bank3
     000099CD  _playeranimation7frame0_bin        bank3
     00009AED  _playeranimation7frame0mirrored_   bank3
     00009C0D  _playeranimation8frame0_bin        bank3
     00009CCD  _playeranimation8frame0mirrored_   bank3
     00009D8D  _playeranimation9frame0_bin        bank3
     00009E8D  _playeranimation9frame0mirrored_   bank3
     00009F8D  _playeranimation9frame1_bin        bank3
     0000A02D  _playeranimation9frame1mirrored_   bank3
     0000A0CD  _logo1985tiles_bin                 bank3
     0000AD8D  _logo1985tilemap_bin               bank3
     0000B38D  _logo1985palette_bin               bank3
     0000B392  _logo1985music_psg                 bank3
     0000B45B  _fnaclogotiles_psgcompr            bank3
     0000B8F6  _fnaclogotilemap_bin               bank3
     0000BEF6  _fnaclogopalette_bin               bank3

ASxxxx Linker V03.00 + NoICE + sdld,  page 26.
Hexadecimal  [32-Bits]

Area                                    Addr        Size        Decimal Bytes (Attributes)
--------------------------------        ----        ----        ------- ----- ------------
_BANK4                              00008000    00002C81 =       11393. bytes (REL,CON)

      Value  Global                              Global Defined In Module
      -----  --------------------------------   ------------------------
     00008000  _level1music_psg                   bank4
     0000926F  _punch1_psg                        bank4
     0000927F  _punch2_psg                        bank4
     0000928F  _enemyanimation0frame0_bin         bank4
     0000938F  _enemyanimation0frame0mirrored_b   bank4
     0000948F  _enemyanimation1frame0_bin         bank4
     0000958F  _enemyanimation1frame0mirrored_b   bank4
     0000968F  _enemyanimation1frame1_bin         bank4
     0000978F  _enemyanimation1frame1mirrored_b   bank4
     0000988F  _enemyanimation1frame2_bin         bank4
     0000998F  _enemyanimation1frame2mirrored_b   bank4
     00009A8F  _enemyanimation1frame3_bin         bank4
     00009B8F  _enemyanimation1frame3mirrored_b   bank4
     00009C8F  _levelbackgroundtilemap_bin        bank4
     0000A28F  _systemfont_psgcompr               bank4
     0000A781  _playeranimation1frame1mirrored_   bank4
     0000A881  _playeranimation1frame2_bin        bank4
     0000A981  _playeranimation1frame2mirrored_   bank4
     0000AA81  _playeranimation1frame3_bin        bank4
     0000AB81  _playeranimation1frame3mirrored_   bank4

ASxxxx Linker V03.00 + NoICE + sdld,  page 27.
Hexadecimal  [32-Bits]

Area                                    Addr        Size        Decimal Bytes (Attributes)
--------------------------------        ----        ----        ------- ----- ------------
_HEAP_END                           0000AC81    00000001 =           1. bytes (REL,CON)

      Value  Global                              Global Defined In Module
      -----  --------------------------------   ------------------------
     0000AC81  ___sdcc_heap_end                   

ASxxxx Linker V03.00 + NoICE + sdld,  page 28.

Files Linked                              [ module(s) ]

crt0_sms.rel                              [ crt0 ]
game.rel                                  [ game ]
montylib.rel                              [ montylib ]
gamelogic.rel                             [ gamelogic ]
resources.rel                             [ resources ]
spriteengine.rel                          [ spriteengine ]
player.rel                                [ player ]
soundengine.rel                           [ soundengine ]
./libs/PSGLib.rel                         [ PSGlib ]
GSLib.rel                                 [ GSLib ]
bank2.rel                                 [ bank2 ]
bank3.rel                                 [ bank3 ]
bank4.rel                                 [ bank4 ]


Libraries Linked                          [ object file ]

C:\Program Files\SDCC\bin\..\lib\z80/z80.lib
                                          [ free.rel ]
C:\Program Files\SDCC\bin\..\lib\z80/SMSlib.lib
                                          [ SMSlib_PSGaiden.rel ]
C:\Program Files\SDCC\bin\..\lib\z80/z80.lib
                                          [ divmixed.rel ]
C:\Program Files\SDCC\bin\..\lib\z80/SMSlib.lib
                                          [ SMSlib_paletteAdv.rel ]
C:\Program Files\SDCC\bin\..\lib\z80/SMSlib.lib
                                          [ SMSlib.rel ]
C:\Program Files\SDCC\bin\..\lib\z80/SMSlib.lib
                                          [ SMSlib_sprite.rel ]
C:\Program Files\SDCC\bin\..\lib\z80/SMSlib.lib
                                          [ SMSlib_loadTiles.rel ]
C:\Program Files\SDCC\bin\..\lib\z80/z80.lib
                                          [ divunsigned.rel ]
C:\Program Files\SDCC\bin\..\lib\z80/z80.lib
                                          [ malloc.rel ]
C:\Program Files\SDCC\bin\..\lib\z80/z80.lib
                                          [ __sdcc_call_hl.rel ]
C:\Program Files\SDCC\bin\..\lib\z80/z80.lib
                                          [ divsigned.rel ]
C:\Program Files\SDCC\bin\..\lib\z80/SMSlib.lib
                                          [ SMSlib_deprecated.rel ]
C:\Program Files\SDCC\bin\..\lib\z80/SMSlib.lib
                                          [ SMSlib_VRAMmemcpy.rel ]
C:\Program Files\SDCC\bin\..\lib\z80/SMSlib.lib
                                          [ SMSlib_VRAMmemset.rel ]
C:\Program Files\SDCC\bin\..\lib\z80/z80.lib
                                          [ heap.rel ]

ASxxxx Linker V03.00 + NoICE + sdld,  page 29.

User Base Address Definitions

_CODE = 0x0200
_DATA = 0xc000
_BANK2=0x8000
_BANK3=0x8000
_BANK4=0x8000

