ASxxxx Linker V03.00 + NoICE + sdld,  page 1.
Hexadecimal  [32-Bits]

Area                                    Addr        Size        Decimal Bytes (Attributes)
--------------------------------        ----        ----        ------- ----- ------------
.  .ABS.                            00000000    00000000 =           0. bytes (ABS,CON)

      Value  Global                              Global Defined In Module
      -----  --------------------------------   ------------------------
     00000000  .__.ABS.                           
     00000000  l__BSEG                         
     00000000  l__BSS                          
     00000000  l__CABS                         
     00000000  l__DABS                         
     00000000  l__HEADER                       
     00000000  l__HOME                         
     00000000  s__CABS                         
     00000000  s__CABS0                        
     00000000  s__CABS1                        
     00000000  s__CABS2                        
     00000000  s__CABS3                        
     00000000  s__CABS4                        
     00000000  s__DABS                         
     00000000  s__HEADER                       
     00000000  s__HEADER0                      
     00000000  s__HEADER1                      
     00000000  s__HEADER2                      
     00000000  s__HEADER3                      
     00000000  s__HEADER4                      
     00000000  s__HEADER5                      
     00000001  l__GSFINAL                      
     00000001  l__HEAP_END                     
     00000003  l__HEADER3                      
     00000003  l__HEADER4                      
     00000004  l__CABS2                        
     00000006  l__HEADER0                      
     00000009  l__HEADER1                      
     0000000A  l__HEADER2                      
     0000000F  l__INITIALIZED                  
     0000000F  l__INITIALIZER                  
     00000010  l__CABS0                        
     00000010  l__CABS1                        
     00000010  l__CABS4                        
     00000012  l__GSINIT                       
     0000001E  l__CABS3                        
     0000011E  l__DATA                         
     0000012A  l__HEADER5                      
     00000200  s__CODE                         
     000003FF  l__HEAP                         
     000011D5  l__BANK3                        
     00003F8A  l__CODE                         
     00003FBC  l__BANK2                        
     0000418A  s__HOME                         
     0000418A  s__INITIALIZER                  
     00004199  s__GSINIT                       
     000041AB  s__GSFINAL                      
     00008000  _SMS_SRAM                          SMSlib_PSGaiden
     00008000  s__BANK2                        
     00008000  s__BANK3                        
ASxxxx Linker V03.00 + NoICE + sdld,  page 2.
Hexadecimal  [32-Bits]

Area                                    Addr        Size        Decimal Bytes (Attributes)
--------------------------------        ----        ----        ------- ----- ------------
.  .ABS.                            00000000    00000000 =           0. bytes (ABS,CON)

      Value  Global                              Global Defined In Module
      -----  --------------------------------   ------------------------
     000091D5  s__HEAP_END                     
     0000C000  s__DATA                         
     0000C11E  s__INITIALIZED                  
     0000C12D  s__BSEG                         
     0000C12D  s__BSS                          
     0000C12D  s__HEAP                         
     0000FFFC  _SRAM_bank_to_be_mapped_on_slot2   SMSlib_PSGaiden
     0000FFFF  _ROM_bank_to_be_mapped_on_slot2    SMSlib_PSGaiden

ASxxxx Linker V03.00 + NoICE + sdld,  page 3.
Hexadecimal  [32-Bits]

Area                                    Addr        Size        Decimal Bytes (Attributes)
--------------------------------        ----        ----        ------- ----- ------------
_CODE                               00000200    00003F8A =       16266. bytes (REL,CON)

      Value  Global                              Global Defined In Module
      -----  --------------------------------   ------------------------
     00000200  __clock                            crt0
     00000204  _exit                              crt0
     0000020A  _main                              game
     00000244  _init_console                      montylib
     00000263  _randLUT                           montylib
     00000363  _waitForFrame                      montylib
     00000393  _rand                              montylib
     000003A5  _init_game                         gamelogic
     000003A8  _play_game                         gamelogic
     000003B5  _logo_screen                       gamelogic
     00000436  _game_loop                         gamelogic
     00000461  _init_gamestatus                   gamelogic
     0000046D  _execute_game_logic                gamelogic
     000004BB  _load_logo_assets                  resources
     00002B1F  _load_logo_halfpalette             resources
     00002B25  _load_logo_fullpalette             resources
     00002B2B  _load_level1_assets                resources
     00002B73  _load_background_blackpalette      resources
     00002B76  _init_entities                     resources
     00002B79  _prepare_player_sprites            resources
     00002B93  _draw_player_sprites               resources
     00002B9C  _move_player_right                 resources
     00002BB7  _move_player_left                  resources
     00002BD2  _move_player_up                    resources
     00002BE6  _move_player_down                  resources
     00002BFA  _player_punch                      resources
     00002C07  _player_jump                       resources
     00002C1B  _stop_player                       resources
     00002C28  _play_logo_music                   resources
     00002C3B  _play_game_music                   resources
     00002C4E  _load_system_font                  resources
     00002C61  _get_music_bank                    resources
     00002C69  _print_debug_info                  resources
     00002CBB  _print_unsigned_char               resources
     00002D2B  _print_signed_char                 resources
     00002DB0  _initEngine                        spriteengine
     00002DDC  _addEntity                         spriteengine
     00002EE4  _setAnimation                      spriteengine
     00002F3B  _setDirection                      spriteengine
     00002F68  _updateAnimations                  spriteengine
     000030DE  _updateTiles                       spriteengine
     0000324C  _drawEntities                      spriteengine
     0000349B  _move_entity_right                 spriteengine
     000034B9  _move_entity_left                  spriteengine
     000034D8  _move_entity_up                    spriteengine
     000034F7  _move_entity_down                  spriteengine
     00003516  _PSGStop                           PSGlib
     0000353D  _PSGResume                         PSGlib
     00003589  _PSGPlay                           PSGlib
     000035B6  _PSGCancelLoop                     PSGlib
ASxxxx Linker V03.00 + NoICE + sdld,  page 4.
Hexadecimal  [32-Bits]

Area                                    Addr        Size        Decimal Bytes (Attributes)
--------------------------------        ----        ----        ------- ----- ------------
_CODE                               00000200    00003F8A =       16266. bytes (REL,CON)

      Value  Global                              Global Defined In Module
      -----  --------------------------------   ------------------------
     000035BC  _PSGPlayNoRepeat                   PSGlib
     000035CB  _PSGGetStatus                      PSGlib
     000035D3  _PSGSilenceChannels                PSGlib
     000035E4  _PSGRestoreVolumes                 PSGlib
     000036B5  _PSGSetMusicVolumeAttenuation      PSGlib
     0000377A  _PSGSFXStop                        PSGlib
     00003833  _PSGSFXPlay                        PSGlib
     00003880  _PSGSFXCancelLoop                  PSGlib
     00003886  _PSGSFXGetStatus                   PSGlib
     0000388E  _PSGSFXPlayLoop                    PSGlib
     000038A8  _PSGFrame                          PSGlib
     000039C1  _PSGSFXFrame                       PSGlib
     00003A47  _free                              free
     00003B31  __divsuchar                        
     00003B3D  __divuschar                        
     00003B4C  _SMS_loadBGPaletteHalfBrightness   SMSlib_paletteAdv
     00003B63  _SMS_zeroBGPalette                 SMSlib_paletteAdv
     00003B77  _SMS_loadSpritePaletteHalfBright   SMSlib_paletteAdv
     00003B8E  _SMS_zeroSpritePalette             SMSlib_paletteAdv
     00003BA2  _SMS_init                          SMSlib
     00003BF6  _VDPReg_init                       SMSlib
     00003C01  _SMS_VDPType                       SMSlib
     00003C09  _SMS_VDPturnOnFeature              SMSlib
     00003C20  _SMS_VDPturnOffFeature             SMSlib
     00003C39  _SMS_setBGScrollX                  SMSlib
     00003C43  _SMS_setBGScrollY                  SMSlib
     00003C4D  _SMS_setBackdropColor              SMSlib
     00003C57  _SMS_useFirstHalfTilesforSprites   SMSlib
     00003C6B  _SMS_setSpriteMode                 SMSlib
     00003CB0  _SMS_setBGPaletteColor             SMSlib
     00003CC4  _SMS_setSpritePaletteColor         SMSlib
     00003CD8  _SMS_loadBGPalette                 SMSlib
     00003CEC  _SMS_loadSpritePalette             SMSlib
     00003D00  _SMS_setColor                      SMSlib
     00003D04  _SMS_initSprites                   SMSlib
     00003D0A  _SMS_addSprite                     SMSlib
     00003D5F  _SMS_finalizeSprites               SMSlib
     00003D71  _SMS_copySpritestoSAT              SMSlib
     00003D9A  _SMS_waitForVBlank                 SMSlib
     00003DA7  _SMS_getKeysStatus                 SMSlib
     00003DAB  _SMS_getKeysPressed                SMSlib
     00003DC8  _SMS_getKeysHeld                   SMSlib
     00003DDF  _SMS_getKeysReleased               SMSlib
     00003DFC  _SMS_queryPauseRequested           SMSlib
     00003E04  _SMS_resetPauseRequest             SMSlib
     00003E0A  _SMS_setLineInterruptHandler       SMSlib
     00003E1B  _SMS_setLineCounter                SMSlib
     00003E2A  _SMS_getVCount                     SMSlib
     00003E2E  _SMS_getHCount                     SMSlib
     00003E32  _SMS_isr                           SMSlib
     00003E68  _SMS_nmi_isr                       SMSlib
ASxxxx Linker V03.00 + NoICE + sdld,  page 5.
Hexadecimal  [32-Bits]

Area                                    Addr        Size        Decimal Bytes (Attributes)
--------------------------------        ----        ----        ------- ----- ------------
_CODE                               00000200    00003F8A =       16266. bytes (REL,CON)

      Value  Global                              Global Defined In Module
      -----  --------------------------------   ------------------------
     00003E7B  _SMS_loadTiles                     SMSlib_loadTiles
     00003EAC  __divuint                          
     00003EB4  __divuchar                         
     00003EBB  __divu8                            
     00003EBE  __divu16                           
     00003EED  ___sdcc_heap_init                  malloc
     00003F08  _malloc                            malloc
     0000400F  ___sdcc_call_hl                    
     00004010  __divsint                          
     00004019  __divschar                         
     00004020  __div8                             
     00004024  __div_signexte                     
     00004028  __div16                            
     0000404E  __get_remainder                    
     00004058  _SMS_VRAMmemcpy                    SMSlib_VRAMmemcpy
     00004087  _SMS_VRAMmemcpy_brief              SMSlib_VRAMmemcpy
     000040A9  _SMS_loadPSGaidencompressedTiles   SMSlib_PSGaiden

ASxxxx Linker V03.00 + NoICE + sdld,  page 6.
Hexadecimal  [32-Bits]

Area                                    Addr        Size        Decimal Bytes (Attributes)
--------------------------------        ----        ----        ------- ----- ------------
_HEADER0                            00000000    00000006 =           6. bytes (ABS,CON)

      Value  Global                              Global Defined In Module
      -----  --------------------------------   ------------------------
     00000006  _SMS_crt0_RST08                    crt0

ASxxxx Linker V03.00 + NoICE + sdld,  page 7.
Hexadecimal  [32-Bits]

Area                                    Addr        Size        Decimal Bytes (Attributes)
--------------------------------        ----        ----        ------- ----- ------------
_HEADER1                            00000000    00000009 =           9. bytes (ABS,CON)

      Value  Global                              Global Defined In Module
      -----  --------------------------------   ------------------------
     00000011  _SMS_crt0_RST18                    crt0

ASxxxx Linker V03.00 + NoICE + sdld,  page 8.
Hexadecimal  [32-Bits]

Area                                    Addr        Size        Decimal Bytes (Attributes)
--------------------------------        ----        ----        ------- ----- ------------
_HEADER2                            00000000    0000000A =          10. bytes (ABS,CON)

      Value  Global                              Global Defined In Module
      -----  --------------------------------   ------------------------
ASxxxx Linker V03.00 + NoICE + sdld,  page 9.
Hexadecimal  [32-Bits]

Area                                    Addr        Size        Decimal Bytes (Attributes)
--------------------------------        ----        ----        ------- ----- ------------
_HEADER3                            00000000    00000003 =           3. bytes (ABS,CON)

      Value  Global                              Global Defined In Module
      -----  --------------------------------   ------------------------
ASxxxx Linker V03.00 + NoICE + sdld,  page 10.
Hexadecimal  [32-Bits]

Area                                    Addr        Size        Decimal Bytes (Attributes)
--------------------------------        ----        ----        ------- ----- ------------
_HEADER4                            00000000    00000003 =           3. bytes (ABS,CON)

      Value  Global                              Global Defined In Module
      -----  --------------------------------   ------------------------
ASxxxx Linker V03.00 + NoICE + sdld,  page 11.
Hexadecimal  [32-Bits]

Area                                    Addr        Size        Decimal Bytes (Attributes)
--------------------------------        ----        ----        ------- ----- ------------
_HEADER5                            00000000    0000012A =         298. bytes (ABS,CON)

      Value  Global                              Global Defined In Module
      -----  --------------------------------   ------------------------
     00000099  _OUTI128                           crt0
     00000119  _OUTI64                            crt0
     00000159  _OUTI32                            crt0
     00000199  _outi_block                        crt0

ASxxxx Linker V03.00 + NoICE + sdld,  page 12.
Hexadecimal  [32-Bits]

Area                                    Addr        Size        Decimal Bytes (Attributes)
--------------------------------        ----        ----        ------- ----- ------------
_INITIALIZER                        0000418A    0000000F =          15. bytes (REL,CON)

      Value  Global                              Global Defined In Module
      -----  --------------------------------   ------------------------
ASxxxx Linker V03.00 + NoICE + sdld,  page 13.
Hexadecimal  [32-Bits]

Area                                    Addr        Size        Decimal Bytes (Attributes)
--------------------------------        ----        ----        ------- ----- ------------
_GSINIT                             00004199    00000012 =          18. bytes (REL,CON)

      Value  Global                              Global Defined In Module
      -----  --------------------------------   ------------------------
     00004199  gsinit                             crt0

ASxxxx Linker V03.00 + NoICE + sdld,  page 14.
Hexadecimal  [32-Bits]

Area                                    Addr        Size        Decimal Bytes (Attributes)
--------------------------------        ----        ----        ------- ----- ------------
_GSFINAL                            000041AB    00000001 =           1. bytes (REL,CON)

      Value  Global                              Global Defined In Module
      -----  --------------------------------   ------------------------
ASxxxx Linker V03.00 + NoICE + sdld,  page 15.
Hexadecimal  [32-Bits]

Area                                    Addr        Size        Decimal Bytes (Attributes)
--------------------------------        ----        ----        ------- ----- ------------
_DATA                               0000C000    0000011E =         286. bytes (REL,CON)

      Value  Global                              Global Defined In Module
      -----  --------------------------------   ------------------------
     0000C000  _pause                             montylib
     0000C001  _frame_cnt                         montylib
     0000C003  _game_status                       gamelogic
     0000C004  _score                             gamelogic
     0000C006  _entitylist                        spriteengine
     0000C010  _PSGMusicStart                     PSGlib
     0000C012  _PSGMusicPointer                   PSGlib
     0000C014  _PSGMusicLoopPoint                 PSGlib
     0000C016  _PSGMusicSkipFrames                PSGlib
     0000C017  _PSGLoopFlag                       PSGlib
     0000C018  _PSGMusicLastLatch                 PSGlib
     0000C019  _PSGMusicVolumeAttenuation         PSGlib
     0000C01A  _PSGMusicSubstringLen              PSGlib
     0000C01B  _PSGMusicSubstringRetAddr          PSGlib
     0000C01D  _PSGChan0Volume                    PSGlib
     0000C01E  _PSGChan1Volume                    PSGlib
     0000C01F  _PSGChan2Volume                    PSGlib
     0000C020  _PSGChan3Volume                    PSGlib
     0000C021  _PSGChan2LowTone                   PSGlib
     0000C022  _PSGChan2HighTone                  PSGlib
     0000C023  _PSGChan3LowTone                   PSGlib
     0000C024  _PSGSFXChan2Volume                 PSGlib
     0000C025  _PSGSFXChan3Volume                 PSGlib
     0000C026  _PSGSFXStart                       PSGlib
     0000C028  _PSGSFXPointer                     PSGlib
     0000C02A  _PSGSFXLoopPoint                   PSGlib
     0000C02C  _PSGSFXSkipFrames                  PSGlib
     0000C02D  _PSGSFXLoopFlag                    PSGlib
     0000C02E  _PSGSFXSubstringLen                PSGlib
     0000C02F  _PSGSFXSubstringRetAddr            PSGlib
     0000C031  _VDPBlank                          SMSlib
     0000C032  _SMS_VDPFlags                      SMSlib
     0000C033  _PauseRequested                    SMSlib
     0000C034  _VDPType                           SMSlib
     0000C035  _KeysStatus                        SMSlib
     0000C037  _PreviousKeysStatus                SMSlib
     0000C039  _SpriteTableY                      SMSlib
     0000C079  _SpriteTableXN                     SMSlib
     0000C0F9  _SpriteNextFree                    SMSlib
     0000C0FA  _SMS_theLineInterruptHandler       SMSlib
     0000C0FC  ___sdcc_heap_free                  malloc
     0000C0FE  _decompBuffer                      SMSlib_PSGaiden
ASxxxx Linker V03.00 + NoICE + sdld,  page 16.
Hexadecimal  [32-Bits]

Area                                    Addr        Size        Decimal Bytes (Attributes)
--------------------------------        ----        ----        ------- ----- ------------
_INITIALIZED                        0000C11E    0000000F =          15. bytes (REL,CON)

      Value  Global                              Global Defined In Module
      -----  --------------------------------   ------------------------
     0000C11E  _rand_index                        montylib
     0000C11F  _music_bank                        montylib
     0000C120  _fx_bank                           montylib
     0000C121  _current_music_bank                resources
     0000C122  _entityIndex                       spriteengine
     0000C123  _entityVramPosition                spriteengine
     0000C125  _PSGMusicStatus                    PSGlib
     0000C126  _PSGChannel2SFX                    PSGlib
     0000C127  _PSGChannel3SFX                    PSGlib
     0000C128  _PSGSFXStatus                      PSGlib
     0000C129  _VDPReg                            SMSlib
     0000C12B  _spritesHeight                     SMSlib
     0000C12C  _spritesWidth                      SMSlib

ASxxxx Linker V03.00 + NoICE + sdld,  page 17.
Hexadecimal  [32-Bits]

Area                                    Addr        Size        Decimal Bytes (Attributes)
--------------------------------        ----        ----        ------- ----- ------------
_HEAP                               0000C12D    000003FF =        1023. bytes (REL,CON)

      Value  Global                              Global Defined In Module
      -----  --------------------------------   ------------------------
     0000C12D  ___sdcc_heap                       

ASxxxx Linker V03.00 + NoICE + sdld,  page 18.
Hexadecimal  [32-Bits]

Area                                    Addr        Size        Decimal Bytes (Attributes)
--------------------------------        ----        ----        ------- ----- ------------
_CABS0                              00000000    00000010 =          16. bytes (ABS,CON)

      Value  Global                              Global Defined In Module
      -----  --------------------------------   ------------------------
     00007FF0  ___SMS__SEGA_signature             game

ASxxxx Linker V03.00 + NoICE + sdld,  page 19.
Hexadecimal  [32-Bits]

Area                                    Addr        Size        Decimal Bytes (Attributes)
--------------------------------        ----        ----        ------- ----- ------------
_CABS1                              00000000    00000010 =          16. bytes (ABS,CON)

      Value  Global                              Global Defined In Module
      -----  --------------------------------   ------------------------
     00007FD0  ___SMS__SDSC_author                game

ASxxxx Linker V03.00 + NoICE + sdld,  page 20.
Hexadecimal  [32-Bits]

Area                                    Addr        Size        Decimal Bytes (Attributes)
--------------------------------        ----        ----        ------- ----- ------------
_CABS2                              00000000    00000004 =           4. bytes (ABS,CON)

      Value  Global                              Global Defined In Module
      -----  --------------------------------   ------------------------
     00007FCC  ___SMS__SDSC_name                  game

ASxxxx Linker V03.00 + NoICE + sdld,  page 21.
Hexadecimal  [32-Bits]

Area                                    Addr        Size        Decimal Bytes (Attributes)
--------------------------------        ----        ----        ------- ----- ------------
_CABS3                              00000000    0000001E =          30. bytes (ABS,CON)

      Value  Global                              Global Defined In Module
      -----  --------------------------------   ------------------------
     00007FAE  ___SMS__SDSC_descr                 game

ASxxxx Linker V03.00 + NoICE + sdld,  page 22.
Hexadecimal  [32-Bits]

Area                                    Addr        Size        Decimal Bytes (Attributes)
--------------------------------        ----        ----        ------- ----- ------------
_CABS4                              00000000    00000010 =          16. bytes (ABS,CON)

      Value  Global                              Global Defined In Module
      -----  --------------------------------   ------------------------
     00007FE0  ___SMS__SDSC_signature             game

ASxxxx Linker V03.00 + NoICE + sdld,  page 23.
Hexadecimal  [32-Bits]

Area                                    Addr        Size        Decimal Bytes (Attributes)
--------------------------------        ----        ----        ------- ----- ------------
_BANK2                              00008000    00003FBC =       16316. bytes (REL,CON)

      Value  Global                              Global Defined In Module
      -----  --------------------------------   ------------------------
     00008000  _player_palette_bin                bank2
     00008003  _playeranimation0frame0_bin        bank2
     00008103  _playeranimation0frame0mirrored_   bank2
     00008203  _playeranimation1frame0_bin        bank2
     00008303  _playeranimation1frame0mirrored_   bank2
     00008403  _playeranimation2frame0_bin        bank2
     00008503  _playeranimation2frame0mirrored_   bank2
     00008603  _playeranimation2frame1_bin        bank2
     00008703  _playeranimation2frame1mirrored_   bank2
     00008803  _playeranimation2frame2_bin        bank2
     00008903  _playeranimation2frame2mirrored_   bank2
     00008A03  _playeranimation2frame3_bin        bank2
     00008B03  _playeranimation2frame3mirrored_   bank2
     00008C03  _playeranimation3frame0_bin        bank2
     00008D43  _playeranimation3frame0mirrored_   bank2
     00008E83  _playeranimation3frame1_bin        bank2
     00009023  _playeranimation3frame1mirrored_   bank2
     000091C3  _playeranimation3frame2_bin        bank2
     00009323  _playeranimation3frame2mirrored_   bank2
     00009483  _playeranimation4frame0_bin        bank2
     00009543  _playeranimation4frame0mirrored_   bank2
     00009603  _playeranimation5frame0_bin        bank2
     00009723  _playeranimation5frame0mirrored_   bank2
     00009843  _playeranimation6frame0_bin        bank2
     00009903  _playeranimation6frame0mirrored_   bank2
     000099C3  _playeranimation7frame0_bin        bank2
     00009AE3  _playeranimation7frame0mirrored_   bank2
     00009C03  _playeranimation8frame0_bin        bank2
     00009CC3  _playeranimation8frame0mirrored_   bank2
     00009D83  _playeranimation9frame0_bin        bank2
     00009E83  _playeranimation9frame0mirrored_   bank2
     00009F83  _playeranimation9frame1_bin        bank2
     0000A043  _playeranimation9frame1mirrored_   bank2
     0000A103  _logo1985tiles_bin                 bank2
     0000ADC3  _logo1985tilemap_bin               bank2
     0000B3C3  _logo1985palette_bin               bank2
     0000B3C8  _logo1985music_psg                 bank2
     0000B491  _levelbackgroundtiles_psgcompr     bank2
     0000B9AD  _levelbackgroundtilemap_bin        bank2
     0000BFAD  _levelbackgroundpalette_bin        bank2

ASxxxx Linker V03.00 + NoICE + sdld,  page 24.
Hexadecimal  [32-Bits]

Area                                    Addr        Size        Decimal Bytes (Attributes)
--------------------------------        ----        ----        ------- ----- ------------
_BANK3                              00008000    000011D5 =        4565. bytes (REL,CON)

      Value  Global                              Global Defined In Module
      -----  --------------------------------   ------------------------
     00008000  _level1music_psg                   bank3
     00008CC3  _punch1_psg                        bank3
     00008CD3  _punch2_psg                        bank3
     00008CE3  _systemfont_psgcompr               bank3

ASxxxx Linker V03.00 + NoICE + sdld,  page 25.
Hexadecimal  [32-Bits]

Area                                    Addr        Size        Decimal Bytes (Attributes)
--------------------------------        ----        ----        ------- ----- ------------
_HEAP_END                           000091D5    00000001 =           1. bytes (REL,CON)

      Value  Global                              Global Defined In Module
      -----  --------------------------------   ------------------------
     000091D5  ___sdcc_heap_end                   

ASxxxx Linker V03.00 + NoICE + sdld,  page 26.

Files Linked                              [ module(s) ]

crt0_sms.rel                              [ crt0 ]
game.rel                                  [ game ]
montylib.rel                              [ montylib ]
gamelogic.rel                             [ gamelogic ]
resources.rel                             [ resources ]
spriteengine.rel                          [ spriteengine ]
PSGLib.rel                                [ PSGlib ]
bank2.rel                                 [ bank2 ]
bank3.rel                                 [ bank3 ]


Libraries Linked                          [ object file ]

C:\Program Files\SDCC\bin\..\lib\z80/z80.lib
                                          [ free.rel ]
C:\Program Files\SDCC\bin\..\lib\z80/z80.lib
                                          [ divmixed.rel ]
C:\Program Files\SDCC\bin\..\lib\z80/SMSlib.lib
                                          [ SMSlib_paletteAdv.rel ]
C:\Program Files\SDCC\bin\..\lib\z80/SMSlib.lib
                                          [ SMSlib.rel ]
C:\Program Files\SDCC\bin\..\lib\z80/SMSlib.lib
                                          [ SMSlib_loadTiles.rel ]
C:\Program Files\SDCC\bin\..\lib\z80/z80.lib
                                          [ divunsigned.rel ]
C:\Program Files\SDCC\bin\..\lib\z80/z80.lib
                                          [ malloc.rel ]
C:\Program Files\SDCC\bin\..\lib\z80/z80.lib
                                          [ __sdcc_call_hl.rel ]
C:\Program Files\SDCC\bin\..\lib\z80/z80.lib
                                          [ divsigned.rel ]
C:\Program Files\SDCC\bin\..\lib\z80/SMSlib.lib
                                          [ SMSlib_VRAMmemcpy.rel ]
C:\Program Files\SDCC\bin\..\lib\z80/SMSlib.lib
                                          [ SMSlib_PSGaiden.rel ]
C:\Program Files\SDCC\bin\..\lib\z80/z80.lib
                                          [ heap.rel ]

ASxxxx Linker V03.00 + NoICE + sdld,  page 27.

User Base Address Definitions

_CODE = 0x0200
_DATA = 0xc000
_BANK2=0x8000
_BANK3=0x8000

