ASxxxx Linker V03.00 + NoICE + sdld,  page 1.
Hexadecimal  [32-Bits]

Area                                    Addr        Size        Decimal Bytes (Attributes)
--------------------------------        ----        ----        ------- ----- ------------
.  .ABS.                            00000000    00000000 =           0. bytes (ABS,CON)

      Value  Global                              Global Defined In Module
      -----  --------------------------------   ------------------------
     00000000  .__.ABS.                           
     00000000  l__BSEG                         
     00000000  l__BSS                          
     00000000  l__CABS                         
     00000000  l__DABS                         
     00000000  l__HEADER                       
     00000000  l__HOME                         
     00000000  s__CABS                         
     00000000  s__CABS0                        
     00000000  s__CABS1                        
     00000000  s__CABS2                        
     00000000  s__CABS3                        
     00000000  s__CABS4                        
     00000000  s__DABS                         
     00000000  s__HEADER                       
     00000000  s__HEADER0                      
     00000000  s__HEADER1                      
     00000000  s__HEADER2                      
     00000000  s__HEADER3                      
     00000000  s__HEADER4                      
     00000000  s__HEADER5                      
     00000001  l__GSFINAL                      
     00000001  l__HEAP_END                     
     00000003  l__HEADER3                      
     00000003  l__HEADER4                      
     00000004  l__CABS2                        
     00000006  l__HEADER0                      
     00000009  l__HEADER1                      
     0000000A  l__HEADER2                      
     0000000F  l__INITIALIZED                  
     0000000F  l__INITIALIZER                  
     00000010  l__CABS0                        
     00000010  l__CABS1                        
     00000010  l__CABS4                        
     00000012  l__GSINIT                       
     0000001E  l__CABS3                        
     0000012A  l__HEADER5                      
     00000200  s__CODE                         
     0000023D  l__DATA                         
     000003FF  l__HEAP                         
     00000AAB  l__BANK4                        
     00003D94  l__BANK3                        
     00003FE8  l__BANK2                        
     000056CF  l__CODE                         
     000058CF  s__HOME                         
     000058CF  s__INITIALIZER                  
     000058DE  s__GSINIT                       
     000058F0  s__GSFINAL                      
     00008000  _SMS_SRAM                          SMSlib_VRAMmemset
     00008000  s__BANK2                        
ASxxxx Linker V03.00 + NoICE + sdld,  page 2.
Hexadecimal  [32-Bits]

Area                                    Addr        Size        Decimal Bytes (Attributes)
--------------------------------        ----        ----        ------- ----- ------------
.  .ABS.                            00000000    00000000 =           0. bytes (ABS,CON)

      Value  Global                              Global Defined In Module
      -----  --------------------------------   ------------------------
     00008000  s__BANK3                        
     00008000  s__BANK4                        
     00008AAB  s__HEAP_END                     
     0000C000  s__DATA                         
     0000C23D  s__INITIALIZED                  
     0000C24C  s__BSEG                         
     0000C24C  s__BSS                          
     0000C24C  s__HEAP                         
     0000FFFC  _SRAM_bank_to_be_mapped_on_slot2   SMSlib_VRAMmemset
     0000FFFF  _ROM_bank_to_be_mapped_on_slot2    SMSlib_VRAMmemset
ASxxxx Linker V03.00 + NoICE + sdld,  page 3.
Hexadecimal  [32-Bits]

Area                                    Addr        Size        Decimal Bytes (Attributes)
--------------------------------        ----        ----        ------- ----- ------------
_CODE                               00000200    000056CF =       22223. bytes (REL,CON)

      Value  Global                              Global Defined In Module
      -----  --------------------------------   ------------------------
     00000200  __clock                            crt0
     00000204  _exit                              crt0
     0000020A  _main                              game
     00000244  _init_console                      montylib
     00000283  _randLUT                           montylib
     00000383  _init_scroll                       montylib
     000003B0  _move_scroll                       montylib
     00000432  _get_scroll_x                      montylib
     00000435  _get_scroll_y                      montylib
     00000438  _waitForFrame                      montylib
     0000044B  _rand                              montylib
     0000045D  _init_game                         gamelogic
     00000460  _play_game                         gamelogic
     00000473  _logo_screen                       gamelogic
     000004EA  _fnaclogo_screen                   gamelogic
     0000055E  _presentation_screen               gamelogic
     000005D2  _game_loop                         gamelogic
     00000605  _init_gamestatus                   gamelogic
     00000611  _execute_game_logic                gamelogic
     000006B1  _load_logo_assets                  resources
     000006DF  _load_logo_halfpalette             resources
     000006E5  _load_logo_fullpalette             resources
     000006EB  _load_fnaclogo_assets              resources
     00000711  _load_fnaclogo_halfpalette         resources
     0000071C  _load_fnaclogo_fullpalette         resources
     00000727  _load_presentation_assets          resources
     0000074D  _load_presentation_halfpalette     resources
     00000758  _load_presentation_fullpalette     resources
     00000763  _load_level1_assets                resources
     0000078C  _init_level1_scroll                resources
     000007B6  _update_scroll                     resources
     000007CE  _get_scroll_position_x             resources
     000007D1  _get_scroll_position_y             resources
     000007D4  _update_resources                  resources
     000007DD  _load_background_blackpalette      resources
     000007E0  _load_system_font                  resources
     000007F3  _print_debug_info                  resources
     000007F4  _print_unsigned_char               resources
     00000864  _print_signed_char                 resources
     000008E9  _initEngine                        spriteengine
     00000915  _addEntity                         spriteengine
     00000A3D  _setAnimation                      spriteengine
     00000AB6  _forceReload                       spriteengine
     00000AD4  _isFrameEnded                      spriteengine
     00000AF2  _isAnimationEnded                  spriteengine
     00000B10  _setDirection                      spriteengine
     00000B3D  _updateAnimations                  spriteengine
     00000C9D  _updateTiles                       spriteengine
     00000E0B  _drawEntities                      spriteengine
     0000105E  _move_entity                       spriteengine
ASxxxx Linker V03.00 + NoICE + sdld,  page 4.
Hexadecimal  [32-Bits]

Area                                    Addr        Size        Decimal Bytes (Attributes)
--------------------------------        ----        ----        ------- ----- ------------
_CODE                               00000200    000056CF =       22223. bytes (REL,CON)

      Value  Global                              Global Defined In Module
      -----  --------------------------------   ------------------------
     0000108E  _add_player                        player
     0000374C  _manage_input                      player
     00003815  _manage_iddle_status               player
     00003A2C  _manage_walking_status             player
     00003E38  _manage_jumping_status             player
     00004079  _manage_crouched_status            player
     0000419B  _update_positions                  player
     00004308  _play_logo_music                   soundengine
     0000431B  _play_game_music                   soundengine
     0000432E  _play_punch_sound1                 soundengine
     00004346  _play_punch_sound2                 soundengine
     0000435E  _manage_sound_frame                soundengine
     0000437D  _PSGStop                           PSGlib
     000043A4  _PSGResume                         PSGlib
     000043F0  _PSGPlay                           PSGlib
     0000441D  _PSGCancelLoop                     PSGlib
     00004423  _PSGPlayNoRepeat                   PSGlib
     00004432  _PSGGetStatus                      PSGlib
     0000443A  _PSGSilenceChannels                PSGlib
     0000444B  _PSGRestoreVolumes                 PSGlib
     0000451C  _PSGSetMusicVolumeAttenuation      PSGlib
     000045E1  _PSGSFXStop                        PSGlib
     0000469A  _PSGSFXPlay                        PSGlib
     000046E7  _PSGSFXCancelLoop                  PSGlib
     000046ED  _PSGSFXGetStatus                   PSGlib
     000046F5  _PSGSFXPlayLoop                    PSGlib
     0000470F  _PSGFrame                          PSGlib
     00004828  _PSGSFXFrame                       PSGlib
     000048AE  _GSL_positionWindow                GSLib
     000048B8  _GSL_metatileLookup                GSLib
     000048C2  _GSL_tileLookup                    GSLib
     000048CC  _GSL_refreshVDP                    GSLib
     000048D4  _GSL_scroll                        GSLib
     000048E8  _GSL_VBlank                        GSLib
     000048F0  _GSL_metatileUpdate                GSLib
     000048F4  _GSL_metatileUpdateCustom          GSLib
     0000490E  _GSL_getMapWidthInPixels           GSLib
     00004916  _GSL_getMapHeightInPixels          GSLib
     0000491E  _GSL_getMapWidthInMetatiles        GSLib
     00004926  _GSL_getMapHeightInMetatiles       GSLib
     0000492E  _GSL_getScrolltableSize            GSLib
     00004936  _GSL_getCurrentX                   GSLib
     0000493E  _GSL_getCurrentY                   GSLib
     00004946  _GSL_getCollisionCount             GSLib
     0000494B  _GSL_getScrolltableAddress         GSLib
     00004953  _GSL_initializeMap                 GSLib
     0000508D  _GSL_LUTColumnUpdate               GSLib
     000050FD  _GSL_LUTRowUpdate                  GSLib
     0000517D  _free                              free
     00005267  _SMS_loadPSGaidencompressedTiles   SMSlib_PSGaiden
     00005341  __divsuchar                        
ASxxxx Linker V03.00 + NoICE + sdld,  page 5.
Hexadecimal  [32-Bits]

Area                                    Addr        Size        Decimal Bytes (Attributes)
--------------------------------        ----        ----        ------- ----- ------------
_CODE                               00000200    000056CF =       22223. bytes (REL,CON)

      Value  Global                              Global Defined In Module
      -----  --------------------------------   ------------------------
     0000534D  __divuschar                        
     0000535C  _SMS_loadBGPaletteHalfBrightness   SMSlib_paletteAdv
     00005373  _SMS_zeroBGPalette                 SMSlib_paletteAdv
     00005387  _SMS_loadSpritePaletteHalfBright   SMSlib_paletteAdv
     0000539E  _SMS_zeroSpritePalette             SMSlib_paletteAdv
     000053B2  _SMS_init                          SMSlib
     000053DD  _VDPReg_init                       SMSlib
     000053E8  _SMS_VDPturnOnFeature              SMSlib
     000053FD  _SMS_VDPturnOffFeature             SMSlib
     00005414  _SMS_setBGScrollX                  SMSlib
     0000541F  _SMS_setBGScrollY                  SMSlib
     0000542A  _SMS_setBackdropColor              SMSlib
     00005435  _SMS_useFirstHalfTilesforSprites   SMSlib
     0000544C  _SMS_setSpriteMode                 SMSlib
     0000549B  _SMS_setBGPaletteColor             SMSlib
     000054B5  _SMS_setSpritePaletteColor         SMSlib
     000054CF  _SMS_loadBGPalette                 SMSlib
     000054E4  _SMS_loadSpritePalette             SMSlib
     000054F9  _SMS_setColor                      SMSlib
     000054FD  _SMS_waitForVBlank                 SMSlib
     0000550A  _SMS_getKeysStatus                 SMSlib
     0000550E  _SMS_getKeysPressed                SMSlib
     00005524  _SMS_getKeysHeld                   SMSlib
     00005536  _SMS_getKeysReleased               SMSlib
     0000554C  _SMS_queryPauseRequested           SMSlib
     00005551  _SMS_resetPauseRequest             SMSlib
     00005557  _SMS_setLineInterruptHandler       SMSlib
     0000556E  _SMS_setLineCounter                SMSlib
     00005584  _SMS_getVCount                     SMSlib
     00005588  _SMS_getHCount                     SMSlib
     0000558C  _SMS_isr                           SMSlib
     000055C2  _SMS_nmi_isr                       SMSlib
     000055D5  _SMS_initSprites                   SMSlib_sprite
     000055DB  _SMS_addSprite                     SMSlib_sprite
     0000560E  _SMS_copySpritestoSAT              SMSlib_sprite
     00005644  _SMS_loadTiles                     SMSlib_loadTiles
     00005675  __divuint                          
     0000567D  __divuchar                         
     00005684  __divu8                            
     00005687  __divu16                           
     000056B6  ___sdcc_heap_init                  malloc
     000056D1  _malloc                            malloc
     000057D8  ___sdcc_call_hl                    
     000057D9  __divsint                          
     000057E2  __divschar                         
     000057E9  __div8                             
     000057ED  __div_signexte                     
     000057F1  __div16                            
     00005817  __get_remainder                    
     00005821  _SMS_finalizeSprites               SMSlib_deprecated
     00005833  _SMS_VRAMmemcpy                    SMSlib_VRAMmemcpy
ASxxxx Linker V03.00 + NoICE + sdld,  page 6.
Hexadecimal  [32-Bits]

Area                                    Addr        Size        Decimal Bytes (Attributes)
--------------------------------        ----        ----        ------- ----- ------------
_CODE                               00000200    000056CF =       22223. bytes (REL,CON)

      Value  Global                              Global Defined In Module
      -----  --------------------------------   ------------------------
     00005862  _SMS_VRAMmemcpy_brief              SMSlib_VRAMmemcpy
     00005884  _SMS_VRAMmemset                    SMSlib_VRAMmemset
     000058A4  _SMS_VRAMmemsetW                   SMSlib_VRAMmemset

ASxxxx Linker V03.00 + NoICE + sdld,  page 7.
Hexadecimal  [32-Bits]

Area                                    Addr        Size        Decimal Bytes (Attributes)
--------------------------------        ----        ----        ------- ----- ------------
_HEADER0                            00000000    00000006 =           6. bytes (ABS,CON)

      Value  Global                              Global Defined In Module
      -----  --------------------------------   ------------------------
     00000006  _SMS_crt0_RST08                    crt0

ASxxxx Linker V03.00 + NoICE + sdld,  page 8.
Hexadecimal  [32-Bits]

Area                                    Addr        Size        Decimal Bytes (Attributes)
--------------------------------        ----        ----        ------- ----- ------------
_HEADER1                            00000000    00000009 =           9. bytes (ABS,CON)

      Value  Global                              Global Defined In Module
      -----  --------------------------------   ------------------------
     00000011  _SMS_crt0_RST18                    crt0

ASxxxx Linker V03.00 + NoICE + sdld,  page 9.
Hexadecimal  [32-Bits]

Area                                    Addr        Size        Decimal Bytes (Attributes)
--------------------------------        ----        ----        ------- ----- ------------
_HEADER2                            00000000    0000000A =          10. bytes (ABS,CON)

      Value  Global                              Global Defined In Module
      -----  --------------------------------   ------------------------
ASxxxx Linker V03.00 + NoICE + sdld,  page 10.
Hexadecimal  [32-Bits]

Area                                    Addr        Size        Decimal Bytes (Attributes)
--------------------------------        ----        ----        ------- ----- ------------
_HEADER3                            00000000    00000003 =           3. bytes (ABS,CON)

      Value  Global                              Global Defined In Module
      -----  --------------------------------   ------------------------
ASxxxx Linker V03.00 + NoICE + sdld,  page 11.
Hexadecimal  [32-Bits]

Area                                    Addr        Size        Decimal Bytes (Attributes)
--------------------------------        ----        ----        ------- ----- ------------
_HEADER4                            00000000    00000003 =           3. bytes (ABS,CON)

      Value  Global                              Global Defined In Module
      -----  --------------------------------   ------------------------
ASxxxx Linker V03.00 + NoICE + sdld,  page 12.
Hexadecimal  [32-Bits]

Area                                    Addr        Size        Decimal Bytes (Attributes)
--------------------------------        ----        ----        ------- ----- ------------
_HEADER5                            00000000    0000012A =         298. bytes (ABS,CON)

      Value  Global                              Global Defined In Module
      -----  --------------------------------   ------------------------
     00000099  _OUTI128                           crt0
     00000119  _OUTI64                            crt0
     00000159  _OUTI32                            crt0
     00000199  _outi_block                        crt0

ASxxxx Linker V03.00 + NoICE + sdld,  page 13.
Hexadecimal  [32-Bits]

Area                                    Addr        Size        Decimal Bytes (Attributes)
--------------------------------        ----        ----        ------- ----- ------------
_INITIALIZER                        000058CF    0000000F =          15. bytes (REL,CON)

      Value  Global                              Global Defined In Module
      -----  --------------------------------   ------------------------
ASxxxx Linker V03.00 + NoICE + sdld,  page 14.
Hexadecimal  [32-Bits]

Area                                    Addr        Size        Decimal Bytes (Attributes)
--------------------------------        ----        ----        ------- ----- ------------
_GSINIT                             000058DE    00000012 =          18. bytes (REL,CON)

      Value  Global                              Global Defined In Module
      -----  --------------------------------   ------------------------
     000058DE  gsinit                             crt0

ASxxxx Linker V03.00 + NoICE + sdld,  page 15.
Hexadecimal  [32-Bits]

Area                                    Addr        Size        Decimal Bytes (Attributes)
--------------------------------        ----        ----        ------- ----- ------------
_GSFINAL                            000058F0    00000001 =           1. bytes (REL,CON)

      Value  Global                              Global Defined In Module
      -----  --------------------------------   ------------------------
ASxxxx Linker V03.00 + NoICE + sdld,  page 16.
Hexadecimal  [32-Bits]

Area                                    Addr        Size        Decimal Bytes (Attributes)
--------------------------------        ----        ----        ------- ----- ------------
_DATA                               0000C000    0000023D =         573. bytes (REL,CON)

      Value  Global                              Global Defined In Module
      -----  --------------------------------   ------------------------
     0000C000  _pause                             montylib
     0000C001  _frame_cnt                         montylib
     0000C003  _game_status                       gamelogic
     0000C004  _score                             gamelogic
     0000C006  _scroll_enabled                    gamelogic
     0000C007  _scroll_x                          resources
     0000C009  _scroll_y                          resources
     0000C00B  _entitylist                        spriteengine
     0000C015  _player1                           player
     0000C01F  _player2                           player
     0000C029  _PSGMusicStart                     PSGlib
     0000C02B  _PSGMusicPointer                   PSGlib
     0000C02D  _PSGMusicLoopPoint                 PSGlib
     0000C02F  _PSGMusicSkipFrames                PSGlib
     0000C030  _PSGLoopFlag                       PSGlib
     0000C031  _PSGMusicLastLatch                 PSGlib
     0000C032  _PSGMusicVolumeAttenuation         PSGlib
     0000C033  _PSGMusicSubstringLen              PSGlib
     0000C034  _PSGMusicSubstringRetAddr          PSGlib
     0000C036  _PSGChan0Volume                    PSGlib
     0000C037  _PSGChan1Volume                    PSGlib
     0000C038  _PSGChan2Volume                    PSGlib
     0000C039  _PSGChan3Volume                    PSGlib
     0000C03A  _PSGChan2LowTone                   PSGlib
     0000C03B  _PSGChan2HighTone                  PSGlib
     0000C03C  _PSGChan3LowTone                   PSGlib
     0000C03D  _PSGSFXChan2Volume                 PSGlib
     0000C03E  _PSGSFXChan3Volume                 PSGlib
     0000C03F  _PSGSFXStart                       PSGlib
     0000C041  _PSGSFXPointer                     PSGlib
     0000C043  _PSGSFXLoopPoint                   PSGlib
     0000C045  _PSGSFXSkipFrames                  PSGlib
     0000C046  _PSGSFXLoopFlag                    PSGlib
     0000C047  _PSGSFXSubstringLen                PSGlib
     0000C048  _PSGSFXSubstringRetAddr            PSGlib
     0000C04A  _GSL_RAM                           GSLib
     0000C151  _decompBuffer                      SMSlib_PSGaiden
     0000C171  _VDPBlank                          SMSlib
     0000C172  _SMS_VDPFlags                      SMSlib
     0000C173  _PauseRequested                    SMSlib
     0000C174  _KeysStatus                        SMSlib
     0000C176  _PreviousKeysStatus                SMSlib
     0000C178  _SMS_theLineInterruptHandler       SMSlib
     0000C17A  _SpriteTableY                      SMSlib_sprite
     0000C1BA  _SpriteTableXN                     SMSlib_sprite
     0000C23A  _SpriteNextFree                    SMSlib_sprite
     0000C23B  ___sdcc_heap_free                  malloc

ASxxxx Linker V03.00 + NoICE + sdld,  page 17.
Hexadecimal  [32-Bits]

Area                                    Addr        Size        Decimal Bytes (Attributes)
--------------------------------        ----        ----        ------- ----- ------------
_INITIALIZED                        0000C23D    0000000F =          15. bytes (REL,CON)

      Value  Global                              Global Defined In Module
      -----  --------------------------------   ------------------------
     0000C23D  _rand_index                        montylib
     0000C23E  _entityIndex                       spriteengine
     0000C23F  _entityVramPosition                spriteengine
     0000C241  _current_music_bank                soundengine
     0000C242  _current_fx_bank                   soundengine
     0000C243  _PSGMusicStatus                    PSGlib
     0000C244  _PSGChannel2SFX                    PSGlib
     0000C245  _PSGChannel3SFX                    PSGlib
     0000C246  _PSGSFXStatus                      PSGlib
     0000C247  _VDPReg                            SMSlib
     0000C249  _spritesHeight                     SMSlib
     0000C24A  _spritesWidth                      SMSlib
     0000C24B  _spritesTileOffset                 SMSlib

ASxxxx Linker V03.00 + NoICE + sdld,  page 18.
Hexadecimal  [32-Bits]

Area                                    Addr        Size        Decimal Bytes (Attributes)
--------------------------------        ----        ----        ------- ----- ------------
_HEAP                               0000C24C    000003FF =        1023. bytes (REL,CON)

      Value  Global                              Global Defined In Module
      -----  --------------------------------   ------------------------
     0000C24C  ___sdcc_heap                       

ASxxxx Linker V03.00 + NoICE + sdld,  page 19.
Hexadecimal  [32-Bits]

Area                                    Addr        Size        Decimal Bytes (Attributes)
--------------------------------        ----        ----        ------- ----- ------------
_CABS0                              00000000    00000010 =          16. bytes (ABS,CON)

      Value  Global                              Global Defined In Module
      -----  --------------------------------   ------------------------
     00007FF0  ___SMS__SEGA_signature             game

ASxxxx Linker V03.00 + NoICE + sdld,  page 20.
Hexadecimal  [32-Bits]

Area                                    Addr        Size        Decimal Bytes (Attributes)
--------------------------------        ----        ----        ------- ----- ------------
_CABS1                              00000000    00000010 =          16. bytes (ABS,CON)

      Value  Global                              Global Defined In Module
      -----  --------------------------------   ------------------------
     00007FD0  ___SMS__SDSC_author                game

ASxxxx Linker V03.00 + NoICE + sdld,  page 21.
Hexadecimal  [32-Bits]

Area                                    Addr        Size        Decimal Bytes (Attributes)
--------------------------------        ----        ----        ------- ----- ------------
_CABS2                              00000000    00000004 =           4. bytes (ABS,CON)

      Value  Global                              Global Defined In Module
      -----  --------------------------------   ------------------------
     00007FCC  ___SMS__SDSC_name                  game

ASxxxx Linker V03.00 + NoICE + sdld,  page 22.
Hexadecimal  [32-Bits]

Area                                    Addr        Size        Decimal Bytes (Attributes)
--------------------------------        ----        ----        ------- ----- ------------
_CABS3                              00000000    0000001E =          30. bytes (ABS,CON)

      Value  Global                              Global Defined In Module
      -----  --------------------------------   ------------------------
     00007FAE  ___SMS__SDSC_descr                 game

ASxxxx Linker V03.00 + NoICE + sdld,  page 23.
Hexadecimal  [32-Bits]

Area                                    Addr        Size        Decimal Bytes (Attributes)
--------------------------------        ----        ----        ------- ----- ------------
_CABS4                              00000000    00000010 =          16. bytes (ABS,CON)

      Value  Global                              Global Defined In Module
      -----  --------------------------------   ------------------------
     00007FE0  ___SMS__SDSC_signature             game

ASxxxx Linker V03.00 + NoICE + sdld,  page 24.
Hexadecimal  [32-Bits]

Area                                    Addr        Size        Decimal Bytes (Attributes)
--------------------------------        ----        ----        ------- ----- ------------
_BANK2                              00008000    00003FE8 =       16360. bytes (REL,CON)

      Value  Global                              Global Defined In Module
      -----  --------------------------------   ------------------------
     00008000  _player_palette_bin                bank2
     0000800D  _playeranimation0frame0_bin        bank2
     0000810D  _playeranimation0frame0mirrored_   bank2
     0000820D  _playeranimation1frame0_bin        bank2
     0000830D  _playeranimation1frame0mirrored_   bank2
     0000840D  _playeranimation2frame0_bin        bank2
     0000850D  _playeranimation2frame0mirrored_   bank2
     0000860D  _playeranimation2frame1_bin        bank2
     0000870D  _playeranimation2frame1mirrored_   bank2
     0000880D  _playeranimation2frame2_bin        bank2
     0000890D  _playeranimation2frame2mirrored_   bank2
     00008A0D  _playeranimation2frame3_bin        bank2
     00008B0D  _playeranimation2frame3mirrored_   bank2
     00008C0D  _playeranimation3frame0_bin        bank2
     00008D4D  _playeranimation3frame0mirrored_   bank2
     00008E8D  _playeranimation3frame1_bin        bank2
     0000902D  _playeranimation3frame1mirrored_   bank2
     000091CD  _playeranimation3frame2_bin        bank2
     0000932D  _playeranimation3frame2mirrored_   bank2
     0000948D  _playeranimation4frame0_bin        bank2
     0000954D  _playeranimation4frame0mirrored_   bank2
     0000960D  _playeranimation5frame0_bin        bank2
     0000972D  _playeranimation5frame0mirrored_   bank2
     0000984D  _playeranimation6frame0_bin        bank2
     0000990D  _playeranimation6frame0mirrored_   bank2
     000099CD  _playeranimation7frame0_bin        bank2
     00009AED  _playeranimation7frame0mirrored_   bank2
     00009C0D  _playeranimation8frame0_bin        bank2
     00009CCD  _playeranimation8frame0mirrored_   bank2
     00009D8D  _playeranimation9frame0_bin        bank2
     00009E8D  _playeranimation9frame0mirrored_   bank2
     00009F8D  _playeranimation9frame1_bin        bank2
     0000A02D  _playeranimation9frame1mirrored_   bank2
     0000A0CD  _level1_metatiles_bin              bank2
     0000A3CD  _level1_palette_bin                bank2
     0000A3DA  _level1_scrolltable_bin            bank2
     0000A9E7  _level1_tiles_bin                  bank2
     0000BAE7  _systemfont_psgcompr               bank2
     0000BFD9  _levelbackgroundpalette_bin        bank2
ASxxxx Linker V03.00 + NoICE + sdld,  page 25.
Hexadecimal  [32-Bits]

Area                                    Addr        Size        Decimal Bytes (Attributes)
--------------------------------        ----        ----        ------- ----- ------------
_BANK3                              00008000    00003D94 =       15764. bytes (REL,CON)

      Value  Global                              Global Defined In Module
      -----  --------------------------------   ------------------------
     00008000  _gatopresentaciontiles_psgcompr    bank3
     00008F59  _gatopresentaciontilemap_bin       bank3
     00009559  _gatopresentacionpalette_bin       bank3
     00009569  _logo1985tiles_bin                 bank3
     0000A229  _logo1985tilemap_bin               bank3
     0000A829  _logo1985palette_bin               bank3
     0000A82E  _logo1985music_psg                 bank3
     0000A8F7  _level1music_psg                   bank3
     0000B5BA  _punch1_psg                        bank3
     0000B5CA  _punch2_psg                        bank3
     0000B5DA  _levelbackgroundtilemap_bin        bank3
     0000BBDA  _levelbackgroundtiles_psgcompr     bank3
ASxxxx Linker V03.00 + NoICE + sdld,  page 26.
Hexadecimal  [32-Bits]

Area                                    Addr        Size        Decimal Bytes (Attributes)
--------------------------------        ----        ----        ------- ----- ------------
_BANK4                              00008000    00000AAB =        2731. bytes (REL,CON)

      Value  Global                              Global Defined In Module
      -----  --------------------------------   ------------------------
     00008000  _fnaclogotiles_psgcompr            bank4
     0000849B  _fnaclogotilemap_bin               bank4
     00008A9B  _fnaclogopalette_bin               bank4
ASxxxx Linker V03.00 + NoICE + sdld,  page 27.
Hexadecimal  [32-Bits]

Area                                    Addr        Size        Decimal Bytes (Attributes)
--------------------------------        ----        ----        ------- ----- ------------
_HEAP_END                           00008AAB    00000001 =           1. bytes (REL,CON)

      Value  Global                              Global Defined In Module
      -----  --------------------------------   ------------------------
     00008AAB  ___sdcc_heap_end                   

ASxxxx Linker V03.00 + NoICE + sdld,  page 28.

Files Linked                              [ module(s) ]

crt0_sms.rel                              [ crt0 ]
game.rel                                  [ game ]
montylib.rel                              [ montylib ]
gamelogic.rel                             [ gamelogic ]
resources.rel                             [ resources ]
spriteengine.rel                          [ spriteengine ]
player.rel                                [ player ]
soundengine.rel                           [ soundengine ]
./libs/PSGLib.rel                         [ PSGlib ]
GSLib.rel                                 [ GSLib ]
bank2.rel                                 [ bank2 ]
bank3.rel                                 [ bank3 ]
bank4.rel                                 [ bank4 ]


Libraries Linked                          [ object file ]

C:\Program Files\SDCC\bin\..\lib\z80/z80.lib
                                          [ free.rel ]
C:\Program Files\SDCC\bin\..\lib\z80/SMSlib.lib
                                          [ SMSlib_PSGaiden.rel ]
C:\Program Files\SDCC\bin\..\lib\z80/z80.lib
                                          [ divmixed.rel ]
C:\Program Files\SDCC\bin\..\lib\z80/SMSlib.lib
                                          [ SMSlib_paletteAdv.rel ]
C:\Program Files\SDCC\bin\..\lib\z80/SMSlib.lib
                                          [ SMSlib.rel ]
C:\Program Files\SDCC\bin\..\lib\z80/SMSlib.lib
                                          [ SMSlib_sprite.rel ]
C:\Program Files\SDCC\bin\..\lib\z80/SMSlib.lib
                                          [ SMSlib_loadTiles.rel ]
C:\Program Files\SDCC\bin\..\lib\z80/z80.lib
                                          [ divunsigned.rel ]
C:\Program Files\SDCC\bin\..\lib\z80/z80.lib
                                          [ malloc.rel ]
C:\Program Files\SDCC\bin\..\lib\z80/z80.lib
                                          [ __sdcc_call_hl.rel ]
C:\Program Files\SDCC\bin\..\lib\z80/z80.lib
                                          [ divsigned.rel ]
C:\Program Files\SDCC\bin\..\lib\z80/SMSlib.lib
                                          [ SMSlib_deprecated.rel ]
C:\Program Files\SDCC\bin\..\lib\z80/SMSlib.lib
                                          [ SMSlib_VRAMmemcpy.rel ]
C:\Program Files\SDCC\bin\..\lib\z80/SMSlib.lib
                                          [ SMSlib_VRAMmemset.rel ]
C:\Program Files\SDCC\bin\..\lib\z80/z80.lib
                                          [ heap.rel ]

ASxxxx Linker V03.00 + NoICE + sdld,  page 29.

User Base Address Definitions

_CODE = 0x0200
_DATA = 0xc000
_BANK2=0x8000
_BANK3=0x8000
_BANK4=0x8000

