ASxxxx Linker V03.00 + NoICE + sdld,  page 1.
Hexadecimal  [32-Bits]

Area                                    Addr        Size        Decimal Bytes (Attributes)
--------------------------------        ----        ----        ------- ----- ------------
.  .ABS.                            00000000    00000000 =           0. bytes (ABS,CON)

      Value  Global                              Global Defined In Module
      -----  --------------------------------   ------------------------
     00000000  .__.ABS.                           
     00000000  l__BSEG                         
     00000000  l__BSS                          
     00000000  l__CABS                         
     00000000  l__DABS                         
     00000000  l__HEADER                       
     00000000  l__HOME                         
     00000000  s__CABS                         
     00000000  s__CABS0                        
     00000000  s__CABS1                        
     00000000  s__CABS2                        
     00000000  s__CABS3                        
     00000000  s__CABS4                        
     00000000  s__DABS                         
     00000000  s__HEADER                       
     00000000  s__HEADER0                      
     00000000  s__HEADER1                      
     00000000  s__HEADER2                      
     00000000  s__HEADER3                      
     00000000  s__HEADER4                      
     00000000  s__HEADER5                      
     00000001  l__GSFINAL                      
     00000001  l__HEAP_END                     
     00000003  l__HEADER3                      
     00000003  l__HEADER4                      
     00000004  l__CABS2                        
     00000006  l__HEADER0                      
     00000009  l__HEADER1                      
     0000000A  l__HEADER2                      
     0000000F  l__INITIALIZED                  
     0000000F  l__INITIALIZER                  
     00000010  l__CABS0                        
     00000010  l__CABS1                        
     00000010  l__CABS4                        
     00000012  l__GSINIT                       
     0000001E  l__CABS3                        
     0000012A  l__HEADER5                      
     00000131  l__DATA                         
     00000200  s__CODE                         
     000003FF  l__HEAP                         
     0000199E  l__BANK3                        
     00003F41  l__BANK2                        
     00004ACB  l__CODE                         
     00004CCB  s__HOME                         
     00004CCB  s__INITIALIZER                  
     00004CDA  s__GSINIT                       
     00004CEC  s__GSFINAL                      
     00008000  _SMS_SRAM                          SMSlib_VRAMmemcpy
     00008000  s__BANK2                        
     00008000  s__BANK3                        
ASxxxx Linker V03.00 + NoICE + sdld,  page 2.
Hexadecimal  [32-Bits]

Area                                    Addr        Size        Decimal Bytes (Attributes)
--------------------------------        ----        ----        ------- ----- ------------
.  .ABS.                            00000000    00000000 =           0. bytes (ABS,CON)

      Value  Global                              Global Defined In Module
      -----  --------------------------------   ------------------------
     0000999E  s__HEAP_END                     
     0000C000  s__DATA                         
     0000C131  s__INITIALIZED                  
     0000C140  s__BSEG                         
     0000C140  s__BSS                          
     0000C140  s__HEAP                         
     0000FFFC  _SRAM_bank_to_be_mapped_on_slot2   SMSlib_VRAMmemcpy
     0000FFFF  _ROM_bank_to_be_mapped_on_slot2    SMSlib_VRAMmemcpy

ASxxxx Linker V03.00 + NoICE + sdld,  page 3.
Hexadecimal  [32-Bits]

Area                                    Addr        Size        Decimal Bytes (Attributes)
--------------------------------        ----        ----        ------- ----- ------------
_CODE                               00000200    00004ACB =       19147. bytes (REL,CON)

      Value  Global                              Global Defined In Module
      -----  --------------------------------   ------------------------
     00000200  __clock                            crt0
     00000204  _exit                              crt0
     0000020A  _main                              game
     00000244  _init_console                      montylib
     00000263  _randLUT                           montylib
     00000363  _waitForFrame                      montylib
     00000373  _rand                              montylib
     00000385  _init_game                         gamelogic
     00000388  _play_game                         gamelogic
     00000398  _logo_screen                       gamelogic
     0000040F  _fnaclogo_screen                   gamelogic
     00000483  _game_loop                         gamelogic
     000004B6  _init_gamestatus                   gamelogic
     000004C2  _execute_game_logic                gamelogic
     000004D2  _load_logo_assets                  resources
     00000500  _load_logo_halfpalette             resources
     00000506  _load_logo_fullpalette             resources
     0000050C  _load_fnaclogo_assets              resources
     00000532  _load_fnaclogo_halfpalette         resources
     00000538  _load_fnaclogo_fullpalette         resources
     0000053E  _load_level1_assets                resources
     00000586  _update_resources                  resources
     0000058F  _load_background_blackpalette      resources
     00000592  _load_system_font                  resources
     000005A5  _print_debug_info                  resources
     000005A6  _print_unsigned_char               resources
     00000616  _print_signed_char                 resources
     0000069B  _initEngine                        spriteengine
     000006C7  _addEntity                         spriteengine
     000007DF  _setAnimation                      spriteengine
     0000084D  _forceReload                       spriteengine
     0000086B  _isAnimationEnded                  spriteengine
     00000889  _setDirection                      spriteengine
     000008B6  _updateAnimations                  spriteengine
     00000A2C  _updateTiles                       spriteengine
     00000B8E  _drawEntities                      spriteengine
     00000DDB  _move_entity                       spriteengine
     00000E0B  _add_player                        player
     000034C9  _manage_input                      player
     00003594  _manage_iddle_status               player
     000037AB  _manage_walking_status             player
     00003BB9  _manage_jumping_status             player
     00003DFA  _manage_crouched_status            player
     00003F1C  _update_positions                  player
     0000401E  _play_logo_music                   soundengine
     00004031  _play_game_music                   soundengine
     00004044  _play_punch_sound1                 soundengine
     0000405C  _play_punch_sound2                 soundengine
     00004074  _manage_sound_frame                soundengine
     00004093  _PSGStop                           PSGlib
ASxxxx Linker V03.00 + NoICE + sdld,  page 4.
Hexadecimal  [32-Bits]

Area                                    Addr        Size        Decimal Bytes (Attributes)
--------------------------------        ----        ----        ------- ----- ------------
_CODE                               00000200    00004ACB =       19147. bytes (REL,CON)

      Value  Global                              Global Defined In Module
      -----  --------------------------------   ------------------------
     000040BA  _PSGResume                         PSGlib
     00004106  _PSGPlay                           PSGlib
     00004133  _PSGCancelLoop                     PSGlib
     00004139  _PSGPlayNoRepeat                   PSGlib
     00004148  _PSGGetStatus                      PSGlib
     00004150  _PSGSilenceChannels                PSGlib
     00004161  _PSGRestoreVolumes                 PSGlib
     00004232  _PSGSetMusicVolumeAttenuation      PSGlib
     000042F7  _PSGSFXStop                        PSGlib
     000043B0  _PSGSFXPlay                        PSGlib
     000043FD  _PSGSFXCancelLoop                  PSGlib
     00004403  _PSGSFXGetStatus                   PSGlib
     0000440B  _PSGSFXPlayLoop                    PSGlib
     00004425  _PSGFrame                          PSGlib
     0000453E  _PSGSFXFrame                       PSGlib
     000045C4  _free                              free
     000046AE  _SMS_loadPSGaidencompressedTiles   SMSlib_PSGaiden
     00004788  __divsuchar                        
     00004794  __divuschar                        
     000047A3  _SMS_loadBGPaletteHalfBrightness   SMSlib_paletteAdv
     000047BA  _SMS_zeroBGPalette                 SMSlib_paletteAdv
     000047CE  _SMS_loadSpritePaletteHalfBright   SMSlib_paletteAdv
     000047E5  _SMS_zeroSpritePalette             SMSlib_paletteAdv
     000047F9  _SMS_init                          SMSlib
     00004824  _VDPReg_init                       SMSlib
     0000482F  _SMS_VDPturnOnFeature              SMSlib
     00004844  _SMS_VDPturnOffFeature             SMSlib
     0000485B  _SMS_setBGScrollX                  SMSlib
     00004866  _SMS_setBGScrollY                  SMSlib
     00004871  _SMS_setBackdropColor              SMSlib
     0000487C  _SMS_useFirstHalfTilesforSprites   SMSlib
     00004893  _SMS_setSpriteMode                 SMSlib
     000048E2  _SMS_setBGPaletteColor             SMSlib
     000048FC  _SMS_setSpritePaletteColor         SMSlib
     00004916  _SMS_loadBGPalette                 SMSlib
     0000492B  _SMS_loadSpritePalette             SMSlib
     00004940  _SMS_setColor                      SMSlib
     00004944  _SMS_waitForVBlank                 SMSlib
     00004951  _SMS_getKeysStatus                 SMSlib
     00004955  _SMS_getKeysPressed                SMSlib
     0000496B  _SMS_getKeysHeld                   SMSlib
     0000497D  _SMS_getKeysReleased               SMSlib
     00004993  _SMS_queryPauseRequested           SMSlib
     00004998  _SMS_resetPauseRequest             SMSlib
     0000499E  _SMS_setLineInterruptHandler       SMSlib
     000049B5  _SMS_setLineCounter                SMSlib
     000049CB  _SMS_getVCount                     SMSlib
     000049CF  _SMS_getHCount                     SMSlib
     000049D3  _SMS_isr                           SMSlib
     00004A09  _SMS_nmi_isr                       SMSlib
     00004A1C  _SMS_initSprites                   SMSlib_sprite
ASxxxx Linker V03.00 + NoICE + sdld,  page 5.
Hexadecimal  [32-Bits]

Area                                    Addr        Size        Decimal Bytes (Attributes)
--------------------------------        ----        ----        ------- ----- ------------
_CODE                               00000200    00004ACB =       19147. bytes (REL,CON)

      Value  Global                              Global Defined In Module
      -----  --------------------------------   ------------------------
     00004A22  _SMS_addSprite                     SMSlib_sprite
     00004A55  _SMS_copySpritestoSAT              SMSlib_sprite
     00004A8B  _SMS_loadTiles                     SMSlib_loadTiles
     00004ABC  __divuint                          
     00004AC4  __divuchar                         
     00004ACB  __divu8                            
     00004ACE  __divu16                           
     00004AFD  ___sdcc_heap_init                  malloc
     00004B18  _malloc                            malloc
     00004C1F  ___sdcc_call_hl                    
     00004C20  __divsint                          
     00004C29  __divschar                         
     00004C30  __div8                             
     00004C34  __div_signexte                     
     00004C38  __div16                            
     00004C5E  __get_remainder                    
     00004C68  _SMS_finalizeSprites               SMSlib_deprecated
     00004C7A  _SMS_VRAMmemcpy                    SMSlib_VRAMmemcpy
     00004CA9  _SMS_VRAMmemcpy_brief              SMSlib_VRAMmemcpy
ASxxxx Linker V03.00 + NoICE + sdld,  page 6.
Hexadecimal  [32-Bits]

Area                                    Addr        Size        Decimal Bytes (Attributes)
--------------------------------        ----        ----        ------- ----- ------------
_HEADER0                            00000000    00000006 =           6. bytes (ABS,CON)

      Value  Global                              Global Defined In Module
      -----  --------------------------------   ------------------------
     00000006  _SMS_crt0_RST08                    crt0

ASxxxx Linker V03.00 + NoICE + sdld,  page 7.
Hexadecimal  [32-Bits]

Area                                    Addr        Size        Decimal Bytes (Attributes)
--------------------------------        ----        ----        ------- ----- ------------
_HEADER1                            00000000    00000009 =           9. bytes (ABS,CON)

      Value  Global                              Global Defined In Module
      -----  --------------------------------   ------------------------
     00000011  _SMS_crt0_RST18                    crt0

ASxxxx Linker V03.00 + NoICE + sdld,  page 8.
Hexadecimal  [32-Bits]

Area                                    Addr        Size        Decimal Bytes (Attributes)
--------------------------------        ----        ----        ------- ----- ------------
_HEADER2                            00000000    0000000A =          10. bytes (ABS,CON)

      Value  Global                              Global Defined In Module
      -----  --------------------------------   ------------------------
ASxxxx Linker V03.00 + NoICE + sdld,  page 9.
Hexadecimal  [32-Bits]

Area                                    Addr        Size        Decimal Bytes (Attributes)
--------------------------------        ----        ----        ------- ----- ------------
_HEADER3                            00000000    00000003 =           3. bytes (ABS,CON)

      Value  Global                              Global Defined In Module
      -----  --------------------------------   ------------------------
ASxxxx Linker V03.00 + NoICE + sdld,  page 10.
Hexadecimal  [32-Bits]

Area                                    Addr        Size        Decimal Bytes (Attributes)
--------------------------------        ----        ----        ------- ----- ------------
_HEADER4                            00000000    00000003 =           3. bytes (ABS,CON)

      Value  Global                              Global Defined In Module
      -----  --------------------------------   ------------------------
ASxxxx Linker V03.00 + NoICE + sdld,  page 11.
Hexadecimal  [32-Bits]

Area                                    Addr        Size        Decimal Bytes (Attributes)
--------------------------------        ----        ----        ------- ----- ------------
_HEADER5                            00000000    0000012A =         298. bytes (ABS,CON)

      Value  Global                              Global Defined In Module
      -----  --------------------------------   ------------------------
     00000099  _OUTI128                           crt0
     00000119  _OUTI64                            crt0
     00000159  _OUTI32                            crt0
     00000199  _outi_block                        crt0

ASxxxx Linker V03.00 + NoICE + sdld,  page 12.
Hexadecimal  [32-Bits]

Area                                    Addr        Size        Decimal Bytes (Attributes)
--------------------------------        ----        ----        ------- ----- ------------
_INITIALIZER                        00004CCB    0000000F =          15. bytes (REL,CON)

      Value  Global                              Global Defined In Module
      -----  --------------------------------   ------------------------
ASxxxx Linker V03.00 + NoICE + sdld,  page 13.
Hexadecimal  [32-Bits]

Area                                    Addr        Size        Decimal Bytes (Attributes)
--------------------------------        ----        ----        ------- ----- ------------
_GSINIT                             00004CDA    00000012 =          18. bytes (REL,CON)

      Value  Global                              Global Defined In Module
      -----  --------------------------------   ------------------------
     00004CDA  gsinit                             crt0

ASxxxx Linker V03.00 + NoICE + sdld,  page 14.
Hexadecimal  [32-Bits]

Area                                    Addr        Size        Decimal Bytes (Attributes)
--------------------------------        ----        ----        ------- ----- ------------
_GSFINAL                            00004CEC    00000001 =           1. bytes (REL,CON)

      Value  Global                              Global Defined In Module
      -----  --------------------------------   ------------------------
ASxxxx Linker V03.00 + NoICE + sdld,  page 15.
Hexadecimal  [32-Bits]

Area                                    Addr        Size        Decimal Bytes (Attributes)
--------------------------------        ----        ----        ------- ----- ------------
_DATA                               0000C000    00000131 =         305. bytes (REL,CON)

      Value  Global                              Global Defined In Module
      -----  --------------------------------   ------------------------
     0000C000  _pause                             montylib
     0000C001  _frame_cnt                         montylib
     0000C003  _game_status                       gamelogic
     0000C004  _score                             gamelogic
     0000C006  _entitylist                        spriteengine
     0000C010  _player1                           player
     0000C01A  _player2                           player
     0000C024  _PSGMusicStart                     PSGlib
     0000C026  _PSGMusicPointer                   PSGlib
     0000C028  _PSGMusicLoopPoint                 PSGlib
     0000C02A  _PSGMusicSkipFrames                PSGlib
     0000C02B  _PSGLoopFlag                       PSGlib
     0000C02C  _PSGMusicLastLatch                 PSGlib
     0000C02D  _PSGMusicVolumeAttenuation         PSGlib
     0000C02E  _PSGMusicSubstringLen              PSGlib
     0000C02F  _PSGMusicSubstringRetAddr          PSGlib
     0000C031  _PSGChan0Volume                    PSGlib
     0000C032  _PSGChan1Volume                    PSGlib
     0000C033  _PSGChan2Volume                    PSGlib
     0000C034  _PSGChan3Volume                    PSGlib
     0000C035  _PSGChan2LowTone                   PSGlib
     0000C036  _PSGChan2HighTone                  PSGlib
     0000C037  _PSGChan3LowTone                   PSGlib
     0000C038  _PSGSFXChan2Volume                 PSGlib
     0000C039  _PSGSFXChan3Volume                 PSGlib
     0000C03A  _PSGSFXStart                       PSGlib
     0000C03C  _PSGSFXPointer                     PSGlib
     0000C03E  _PSGSFXLoopPoint                   PSGlib
     0000C040  _PSGSFXSkipFrames                  PSGlib
     0000C041  _PSGSFXLoopFlag                    PSGlib
     0000C042  _PSGSFXSubstringLen                PSGlib
     0000C043  _PSGSFXSubstringRetAddr            PSGlib
     0000C045  _decompBuffer                      SMSlib_PSGaiden
     0000C065  _VDPBlank                          SMSlib
     0000C066  _SMS_VDPFlags                      SMSlib
     0000C067  _PauseRequested                    SMSlib
     0000C068  _KeysStatus                        SMSlib
     0000C06A  _PreviousKeysStatus                SMSlib
     0000C06C  _SMS_theLineInterruptHandler       SMSlib
     0000C06E  _SpriteTableY                      SMSlib_sprite
     0000C0AE  _SpriteTableXN                     SMSlib_sprite
     0000C12E  _SpriteNextFree                    SMSlib_sprite
     0000C12F  ___sdcc_heap_free                  malloc

ASxxxx Linker V03.00 + NoICE + sdld,  page 16.
Hexadecimal  [32-Bits]

Area                                    Addr        Size        Decimal Bytes (Attributes)
--------------------------------        ----        ----        ------- ----- ------------
_INITIALIZED                        0000C131    0000000F =          15. bytes (REL,CON)

      Value  Global                              Global Defined In Module
      -----  --------------------------------   ------------------------
     0000C131  _rand_index                        montylib
     0000C132  _entityIndex                       spriteengine
     0000C133  _entityVramPosition                spriteengine
     0000C135  _current_music_bank                soundengine
     0000C136  _current_fx_bank                   soundengine
     0000C137  _PSGMusicStatus                    PSGlib
     0000C138  _PSGChannel2SFX                    PSGlib
     0000C139  _PSGChannel3SFX                    PSGlib
     0000C13A  _PSGSFXStatus                      PSGlib
     0000C13B  _VDPReg                            SMSlib
     0000C13D  _spritesHeight                     SMSlib
     0000C13E  _spritesWidth                      SMSlib
     0000C13F  _spritesTileOffset                 SMSlib

ASxxxx Linker V03.00 + NoICE + sdld,  page 17.
Hexadecimal  [32-Bits]

Area                                    Addr        Size        Decimal Bytes (Attributes)
--------------------------------        ----        ----        ------- ----- ------------
_HEAP                               0000C140    000003FF =        1023. bytes (REL,CON)

      Value  Global                              Global Defined In Module
      -----  --------------------------------   ------------------------
     0000C140  ___sdcc_heap                       

ASxxxx Linker V03.00 + NoICE + sdld,  page 18.
Hexadecimal  [32-Bits]

Area                                    Addr        Size        Decimal Bytes (Attributes)
--------------------------------        ----        ----        ------- ----- ------------
_CABS0                              00000000    00000010 =          16. bytes (ABS,CON)

      Value  Global                              Global Defined In Module
      -----  --------------------------------   ------------------------
     00007FF0  ___SMS__SEGA_signature             game

ASxxxx Linker V03.00 + NoICE + sdld,  page 19.
Hexadecimal  [32-Bits]

Area                                    Addr        Size        Decimal Bytes (Attributes)
--------------------------------        ----        ----        ------- ----- ------------
_CABS1                              00000000    00000010 =          16. bytes (ABS,CON)

      Value  Global                              Global Defined In Module
      -----  --------------------------------   ------------------------
     00007FD0  ___SMS__SDSC_author                game

ASxxxx Linker V03.00 + NoICE + sdld,  page 20.
Hexadecimal  [32-Bits]

Area                                    Addr        Size        Decimal Bytes (Attributes)
--------------------------------        ----        ----        ------- ----- ------------
_CABS2                              00000000    00000004 =           4. bytes (ABS,CON)

      Value  Global                              Global Defined In Module
      -----  --------------------------------   ------------------------
     00007FCC  ___SMS__SDSC_name                  game

ASxxxx Linker V03.00 + NoICE + sdld,  page 21.
Hexadecimal  [32-Bits]

Area                                    Addr        Size        Decimal Bytes (Attributes)
--------------------------------        ----        ----        ------- ----- ------------
_CABS3                              00000000    0000001E =          30. bytes (ABS,CON)

      Value  Global                              Global Defined In Module
      -----  --------------------------------   ------------------------
     00007FAE  ___SMS__SDSC_descr                 game

ASxxxx Linker V03.00 + NoICE + sdld,  page 22.
Hexadecimal  [32-Bits]

Area                                    Addr        Size        Decimal Bytes (Attributes)
--------------------------------        ----        ----        ------- ----- ------------
_CABS4                              00000000    00000010 =          16. bytes (ABS,CON)

      Value  Global                              Global Defined In Module
      -----  --------------------------------   ------------------------
     00007FE0  ___SMS__SDSC_signature             game

ASxxxx Linker V03.00 + NoICE + sdld,  page 23.
Hexadecimal  [32-Bits]

Area                                    Addr        Size        Decimal Bytes (Attributes)
--------------------------------        ----        ----        ------- ----- ------------
_BANK2                              00008000    00003F41 =       16193. bytes (REL,CON)

      Value  Global                              Global Defined In Module
      -----  --------------------------------   ------------------------
     00008000  _player_palette_bin                bank2
     00008008  _playeranimation0frame0_bin        bank2
     00008108  _playeranimation0frame0mirrored_   bank2
     00008208  _playeranimation1frame0_bin        bank2
     00008308  _playeranimation1frame0mirrored_   bank2
     00008408  _playeranimation2frame0_bin        bank2
     00008508  _playeranimation2frame0mirrored_   bank2
     00008608  _playeranimation2frame1_bin        bank2
     00008708  _playeranimation2frame1mirrored_   bank2
     00008808  _playeranimation2frame2_bin        bank2
     00008908  _playeranimation2frame2mirrored_   bank2
     00008A08  _playeranimation2frame3_bin        bank2
     00008B08  _playeranimation2frame3mirrored_   bank2
     00008C08  _playeranimation3frame0_bin        bank2
     00008D48  _playeranimation3frame0mirrored_   bank2
     00008E88  _playeranimation3frame1_bin        bank2
     00009028  _playeranimation3frame1mirrored_   bank2
     000091C8  _playeranimation3frame2_bin        bank2
     00009328  _playeranimation3frame2mirrored_   bank2
     00009488  _playeranimation4frame0_bin        bank2
     00009548  _playeranimation4frame0mirrored_   bank2
     00009608  _playeranimation5frame0_bin        bank2
     00009728  _playeranimation5frame0mirrored_   bank2
     00009848  _playeranimation6frame0_bin        bank2
     00009908  _playeranimation6frame0mirrored_   bank2
     000099C8  _playeranimation7frame0_bin        bank2
     00009AE8  _playeranimation7frame0mirrored_   bank2
     00009C08  _playeranimation8frame0_bin        bank2
     00009CC8  _playeranimation8frame0mirrored_   bank2
     00009D88  _playeranimation9frame0_bin        bank2
     00009E88  _playeranimation9frame0mirrored_   bank2
     00009F88  _playeranimation9frame1_bin        bank2
     0000A048  _playeranimation9frame1mirrored_   bank2
     0000A108  _logo1985tiles_bin                 bank2
     0000ADC8  _logo1985tilemap_bin               bank2
     0000B3C8  _logo1985palette_bin               bank2
     0000B3CD  _logo1985music_psg                 bank2
     0000B496  _fnaclogotiles_psgcompr            bank2
     0000B931  _fnaclogotilemap_bin               bank2
     0000BF31  _fnaclogopalette_bin               bank2

ASxxxx Linker V03.00 + NoICE + sdld,  page 24.
Hexadecimal  [32-Bits]

Area                                    Addr        Size        Decimal Bytes (Attributes)
--------------------------------        ----        ----        ------- ----- ------------
_BANK3                              00008000    0000199E =        6558. bytes (REL,CON)

      Value  Global                              Global Defined In Module
      -----  --------------------------------   ------------------------
     00008000  _level1music_psg                   bank3
     00008CC3  _punch1_psg                        bank3
     00008CD3  _punch2_psg                        bank3
     00008CE3  _levelbackgroundtiles_psgcompr     bank3
     00008E9D  _levelbackgroundtilemap_bin        bank3
     0000949D  _levelbackgroundpalette_bin        bank3
     000094AC  _systemfont_psgcompr               bank3

ASxxxx Linker V03.00 + NoICE + sdld,  page 25.
Hexadecimal  [32-Bits]

Area                                    Addr        Size        Decimal Bytes (Attributes)
--------------------------------        ----        ----        ------- ----- ------------
_HEAP_END                           0000999E    00000001 =           1. bytes (REL,CON)

      Value  Global                              Global Defined In Module
      -----  --------------------------------   ------------------------
     0000999E  ___sdcc_heap_end                   

ASxxxx Linker V03.00 + NoICE + sdld,  page 26.

Files Linked                              [ module(s) ]

crt0_sms.rel                              [ crt0 ]
game.rel                                  [ game ]
montylib.rel                              [ montylib ]
gamelogic.rel                             [ gamelogic ]
resources.rel                             [ resources ]
spriteengine.rel                          [ spriteengine ]
player.rel                                [ player ]
soundengine.rel                           [ soundengine ]
./libs/PSGLib.rel                         [ PSGlib ]
bank2.rel                                 [ bank2 ]
bank3.rel                                 [ bank3 ]


Libraries Linked                          [ object file ]

C:\Program Files\SDCC\bin\..\lib\z80/z80.lib
                                          [ free.rel ]
C:\Program Files\SDCC\bin\..\lib\z80/SMSlib.lib
                                          [ SMSlib_PSGaiden.rel ]
C:\Program Files\SDCC\bin\..\lib\z80/z80.lib
                                          [ divmixed.rel ]
C:\Program Files\SDCC\bin\..\lib\z80/SMSlib.lib
                                          [ SMSlib_paletteAdv.rel ]
C:\Program Files\SDCC\bin\..\lib\z80/SMSlib.lib
                                          [ SMSlib.rel ]
C:\Program Files\SDCC\bin\..\lib\z80/SMSlib.lib
                                          [ SMSlib_sprite.rel ]
C:\Program Files\SDCC\bin\..\lib\z80/SMSlib.lib
                                          [ SMSlib_loadTiles.rel ]
C:\Program Files\SDCC\bin\..\lib\z80/z80.lib
                                          [ divunsigned.rel ]
C:\Program Files\SDCC\bin\..\lib\z80/z80.lib
                                          [ malloc.rel ]
C:\Program Files\SDCC\bin\..\lib\z80/z80.lib
                                          [ __sdcc_call_hl.rel ]
C:\Program Files\SDCC\bin\..\lib\z80/z80.lib
                                          [ divsigned.rel ]
C:\Program Files\SDCC\bin\..\lib\z80/SMSlib.lib
                                          [ SMSlib_deprecated.rel ]
C:\Program Files\SDCC\bin\..\lib\z80/SMSlib.lib
                                          [ SMSlib_VRAMmemcpy.rel ]
C:\Program Files\SDCC\bin\..\lib\z80/z80.lib
                                          [ heap.rel ]

ASxxxx Linker V03.00 + NoICE + sdld,  page 27.

User Base Address Definitions

_CODE = 0x0200
_DATA = 0xc000
_BANK2=0x8000
_BANK3=0x8000

