ASxxxx Linker V03.00 + NoICE + sdld,  page 1.
Hexadecimal  [32-Bits]

Area                                    Addr        Size        Decimal Bytes (Attributes)
--------------------------------        ----        ----        ------- ----- ------------
.  .ABS.                            00000000    00000000 =           0. bytes (ABS,CON)

      Value  Global                              Global Defined In Module
      -----  --------------------------------   ------------------------
     00000000  .__.ABS.                           
     00000000  l__BSEG                         
     00000000  l__BSS                          
     00000000  l__CABS                         
     00000000  l__DABS                         
     00000000  l__HEADER                       
     00000000  l__HOME                         
     00000000  s__CABS                         
     00000000  s__CABS0                        
     00000000  s__CABS1                        
     00000000  s__CABS2                        
     00000000  s__CABS3                        
     00000000  s__CABS4                        
     00000000  s__DABS                         
     00000000  s__HEADER                       
     00000000  s__HEADER0                      
     00000000  s__HEADER1                      
     00000000  s__HEADER2                      
     00000000  s__HEADER3                      
     00000000  s__HEADER4                      
     00000000  s__HEADER5                      
     00000001  l__GSFINAL                      
     00000001  l__HEAP_END                     
     00000003  l__HEADER3                      
     00000003  l__HEADER4                      
     00000004  l__CABS2                        
     00000006  l__HEADER0                      
     00000009  l__HEADER1                      
     0000000A  l__HEADER2                      
     0000000F  l__INITIALIZED                  
     0000000F  l__INITIALIZER                  
     00000010  l__CABS0                        
     00000010  l__CABS1                        
     00000010  l__CABS4                        
     00000012  l__GSINIT                       
     0000001E  l__CABS3                        
     0000012A  l__HEADER5                      
     00000132  l__DATA                         
     00000200  s__CODE                         
     000003FF  l__HEAP                         
     000011D5  l__BANK3                        
     00003FBC  l__BANK2                        
     0000445B  l__CODE                         
     0000465B  s__HOME                         
     0000465B  s__INITIALIZER                  
     0000466A  s__GSINIT                       
     0000467C  s__GSFINAL                      
     00008000  _SMS_SRAM                          SMSlib_PSGaiden
     00008000  s__BANK2                        
     00008000  s__BANK3                        
ASxxxx Linker V03.00 + NoICE + sdld,  page 2.
Hexadecimal  [32-Bits]

Area                                    Addr        Size        Decimal Bytes (Attributes)
--------------------------------        ----        ----        ------- ----- ------------
.  .ABS.                            00000000    00000000 =           0. bytes (ABS,CON)

      Value  Global                              Global Defined In Module
      -----  --------------------------------   ------------------------
     000091D5  s__HEAP_END                     
     0000C000  s__DATA                         
     0000C132  s__INITIALIZED                  
     0000C141  s__BSEG                         
     0000C141  s__BSS                          
     0000C141  s__HEAP                         
     0000FFFC  _SRAM_bank_to_be_mapped_on_slot2   SMSlib_PSGaiden
     0000FFFF  _ROM_bank_to_be_mapped_on_slot2    SMSlib_PSGaiden

ASxxxx Linker V03.00 + NoICE + sdld,  page 3.
Hexadecimal  [32-Bits]

Area                                    Addr        Size        Decimal Bytes (Attributes)
--------------------------------        ----        ----        ------- ----- ------------
_CODE                               00000200    0000445B =       17499. bytes (REL,CON)

      Value  Global                              Global Defined In Module
      -----  --------------------------------   ------------------------
     00000200  __clock                            crt0
     00000204  _exit                              crt0
     0000020A  _main                              game
     00000244  _init_console                      montylib
     00000263  _randLUT                           montylib
     00000363  _waitForFrame                      montylib
     00000393  _rand                              montylib
     000003A5  _init_game                         gamelogic
     000003A8  _play_game                         gamelogic
     000003B5  _logo_screen                       gamelogic
     00000436  _game_loop                         gamelogic
     00000460  _init_gamestatus                   gamelogic
     0000046C  _execute_game_logic                gamelogic
     00000489  _load_logo_assets                  resources
     000004B7  _load_logo_halfpalette             resources
     000004BD  _load_logo_fullpalette             resources
     000004C3  _load_level1_assets                resources
     0000050B  _update_resources                  resources
     00000514  _load_background_blackpalette      resources
     00000517  _play_logo_music                   resources
     0000052A  _play_game_music                   resources
     0000053D  _load_system_font                  resources
     00000550  _get_music_bank                    resources
     00000558  _print_debug_info                  resources
     00000559  _print_unsigned_char               resources
     000005C9  _print_signed_char                 resources
     0000064E  _initEngine                        spriteengine
     0000067A  _addEntity                         spriteengine
     00000792  _setAnimation                      spriteengine
     00000800  _forceReload                       spriteengine
     0000081E  _isAnimationEnded                  spriteengine
     0000083C  _setDirection                      spriteengine
     00000869  _updateAnimations                  spriteengine
     000009DF  _updateTiles                       spriteengine
     00000B40  _drawEntities                      spriteengine
     00000D91  _move_entity                       spriteengine
     00000DC1  _add_player                        player
     0000347F  _manage_input                      player
     000034D1  _manage_iddle_status               player
     00003674  _manage_walking_status             player
     0000397E  _manage_jumping_status             player
     0000397F  _update_positions                  player
     000039E7  _PSGStop                           PSGlib
     00003A0E  _PSGResume                         PSGlib
     00003A5A  _PSGPlay                           PSGlib
     00003A87  _PSGCancelLoop                     PSGlib
     00003A8D  _PSGPlayNoRepeat                   PSGlib
     00003A9C  _PSGGetStatus                      PSGlib
     00003AA4  _PSGSilenceChannels                PSGlib
     00003AB5  _PSGRestoreVolumes                 PSGlib
ASxxxx Linker V03.00 + NoICE + sdld,  page 4.
Hexadecimal  [32-Bits]

Area                                    Addr        Size        Decimal Bytes (Attributes)
--------------------------------        ----        ----        ------- ----- ------------
_CODE                               00000200    0000445B =       17499. bytes (REL,CON)

      Value  Global                              Global Defined In Module
      -----  --------------------------------   ------------------------
     00003B86  _PSGSetMusicVolumeAttenuation      PSGlib
     00003C4B  _PSGSFXStop                        PSGlib
     00003D04  _PSGSFXPlay                        PSGlib
     00003D51  _PSGSFXCancelLoop                  PSGlib
     00003D57  _PSGSFXGetStatus                   PSGlib
     00003D5F  _PSGSFXPlayLoop                    PSGlib
     00003D79  _PSGFrame                          PSGlib
     00003E92  _PSGSFXFrame                       PSGlib
     00003F18  _free                              free
     00004002  __divsuchar                        
     0000400E  __divuschar                        
     0000401D  _SMS_loadBGPaletteHalfBrightness   SMSlib_paletteAdv
     00004034  _SMS_zeroBGPalette                 SMSlib_paletteAdv
     00004048  _SMS_loadSpritePaletteHalfBright   SMSlib_paletteAdv
     0000405F  _SMS_zeroSpritePalette             SMSlib_paletteAdv
     00004073  _SMS_init                          SMSlib
     000040C7  _VDPReg_init                       SMSlib
     000040D2  _SMS_VDPType                       SMSlib
     000040DA  _SMS_VDPturnOnFeature              SMSlib
     000040F1  _SMS_VDPturnOffFeature             SMSlib
     0000410A  _SMS_setBGScrollX                  SMSlib
     00004114  _SMS_setBGScrollY                  SMSlib
     0000411E  _SMS_setBackdropColor              SMSlib
     00004128  _SMS_useFirstHalfTilesforSprites   SMSlib
     0000413C  _SMS_setSpriteMode                 SMSlib
     00004181  _SMS_setBGPaletteColor             SMSlib
     00004195  _SMS_setSpritePaletteColor         SMSlib
     000041A9  _SMS_loadBGPalette                 SMSlib
     000041BD  _SMS_loadSpritePalette             SMSlib
     000041D1  _SMS_setColor                      SMSlib
     000041D5  _SMS_initSprites                   SMSlib
     000041DB  _SMS_addSprite                     SMSlib
     00004230  _SMS_finalizeSprites               SMSlib
     00004242  _SMS_copySpritestoSAT              SMSlib
     0000426B  _SMS_waitForVBlank                 SMSlib
     00004278  _SMS_getKeysStatus                 SMSlib
     0000427C  _SMS_getKeysPressed                SMSlib
     00004299  _SMS_getKeysHeld                   SMSlib
     000042B0  _SMS_getKeysReleased               SMSlib
     000042CD  _SMS_queryPauseRequested           SMSlib
     000042D5  _SMS_resetPauseRequest             SMSlib
     000042DB  _SMS_setLineInterruptHandler       SMSlib
     000042EC  _SMS_setLineCounter                SMSlib
     000042FB  _SMS_getVCount                     SMSlib
     000042FF  _SMS_getHCount                     SMSlib
     00004303  _SMS_isr                           SMSlib
     00004339  _SMS_nmi_isr                       SMSlib
     0000434C  _SMS_loadTiles                     SMSlib_loadTiles
     0000437D  __divuint                          
     00004385  __divuchar                         
     0000438C  __divu8                            
ASxxxx Linker V03.00 + NoICE + sdld,  page 5.
Hexadecimal  [32-Bits]

Area                                    Addr        Size        Decimal Bytes (Attributes)
--------------------------------        ----        ----        ------- ----- ------------
_CODE                               00000200    0000445B =       17499. bytes (REL,CON)

      Value  Global                              Global Defined In Module
      -----  --------------------------------   ------------------------
     0000438F  __divu16                           
     000043BE  ___sdcc_heap_init                  malloc
     000043D9  _malloc                            malloc
     000044E0  ___sdcc_call_hl                    
     000044E1  __divsint                          
     000044EA  __divschar                         
     000044F1  __div8                             
     000044F5  __div_signexte                     
     000044F9  __div16                            
     0000451F  __get_remainder                    
     00004529  _SMS_VRAMmemcpy                    SMSlib_VRAMmemcpy
     00004558  _SMS_VRAMmemcpy_brief              SMSlib_VRAMmemcpy
     0000457A  _SMS_loadPSGaidencompressedTiles   SMSlib_PSGaiden
ASxxxx Linker V03.00 + NoICE + sdld,  page 6.
Hexadecimal  [32-Bits]

Area                                    Addr        Size        Decimal Bytes (Attributes)
--------------------------------        ----        ----        ------- ----- ------------
_HEADER0                            00000000    00000006 =           6. bytes (ABS,CON)

      Value  Global                              Global Defined In Module
      -----  --------------------------------   ------------------------
     00000006  _SMS_crt0_RST08                    crt0

ASxxxx Linker V03.00 + NoICE + sdld,  page 7.
Hexadecimal  [32-Bits]

Area                                    Addr        Size        Decimal Bytes (Attributes)
--------------------------------        ----        ----        ------- ----- ------------
_HEADER1                            00000000    00000009 =           9. bytes (ABS,CON)

      Value  Global                              Global Defined In Module
      -----  --------------------------------   ------------------------
     00000011  _SMS_crt0_RST18                    crt0

ASxxxx Linker V03.00 + NoICE + sdld,  page 8.
Hexadecimal  [32-Bits]

Area                                    Addr        Size        Decimal Bytes (Attributes)
--------------------------------        ----        ----        ------- ----- ------------
_HEADER2                            00000000    0000000A =          10. bytes (ABS,CON)

      Value  Global                              Global Defined In Module
      -----  --------------------------------   ------------------------
ASxxxx Linker V03.00 + NoICE + sdld,  page 9.
Hexadecimal  [32-Bits]

Area                                    Addr        Size        Decimal Bytes (Attributes)
--------------------------------        ----        ----        ------- ----- ------------
_HEADER3                            00000000    00000003 =           3. bytes (ABS,CON)

      Value  Global                              Global Defined In Module
      -----  --------------------------------   ------------------------
ASxxxx Linker V03.00 + NoICE + sdld,  page 10.
Hexadecimal  [32-Bits]

Area                                    Addr        Size        Decimal Bytes (Attributes)
--------------------------------        ----        ----        ------- ----- ------------
_HEADER4                            00000000    00000003 =           3. bytes (ABS,CON)

      Value  Global                              Global Defined In Module
      -----  --------------------------------   ------------------------
ASxxxx Linker V03.00 + NoICE + sdld,  page 11.
Hexadecimal  [32-Bits]

Area                                    Addr        Size        Decimal Bytes (Attributes)
--------------------------------        ----        ----        ------- ----- ------------
_HEADER5                            00000000    0000012A =         298. bytes (ABS,CON)

      Value  Global                              Global Defined In Module
      -----  --------------------------------   ------------------------
     00000099  _OUTI128                           crt0
     00000119  _OUTI64                            crt0
     00000159  _OUTI32                            crt0
     00000199  _outi_block                        crt0

ASxxxx Linker V03.00 + NoICE + sdld,  page 12.
Hexadecimal  [32-Bits]

Area                                    Addr        Size        Decimal Bytes (Attributes)
--------------------------------        ----        ----        ------- ----- ------------
_INITIALIZER                        0000465B    0000000F =          15. bytes (REL,CON)

      Value  Global                              Global Defined In Module
      -----  --------------------------------   ------------------------
ASxxxx Linker V03.00 + NoICE + sdld,  page 13.
Hexadecimal  [32-Bits]

Area                                    Addr        Size        Decimal Bytes (Attributes)
--------------------------------        ----        ----        ------- ----- ------------
_GSINIT                             0000466A    00000012 =          18. bytes (REL,CON)

      Value  Global                              Global Defined In Module
      -----  --------------------------------   ------------------------
     0000466A  gsinit                             crt0

ASxxxx Linker V03.00 + NoICE + sdld,  page 14.
Hexadecimal  [32-Bits]

Area                                    Addr        Size        Decimal Bytes (Attributes)
--------------------------------        ----        ----        ------- ----- ------------
_GSFINAL                            0000467C    00000001 =           1. bytes (REL,CON)

      Value  Global                              Global Defined In Module
      -----  --------------------------------   ------------------------
ASxxxx Linker V03.00 + NoICE + sdld,  page 15.
Hexadecimal  [32-Bits]

Area                                    Addr        Size        Decimal Bytes (Attributes)
--------------------------------        ----        ----        ------- ----- ------------
_DATA                               0000C000    00000132 =         306. bytes (REL,CON)

      Value  Global                              Global Defined In Module
      -----  --------------------------------   ------------------------
     0000C000  _pause                             montylib
     0000C001  _frame_cnt                         montylib
     0000C003  _game_status                       gamelogic
     0000C004  _score                             gamelogic
     0000C006  _entitylist                        spriteengine
     0000C010  _player1                           player
     0000C01A  _player2                           player
     0000C024  _PSGMusicStart                     PSGlib
     0000C026  _PSGMusicPointer                   PSGlib
     0000C028  _PSGMusicLoopPoint                 PSGlib
     0000C02A  _PSGMusicSkipFrames                PSGlib
     0000C02B  _PSGLoopFlag                       PSGlib
     0000C02C  _PSGMusicLastLatch                 PSGlib
     0000C02D  _PSGMusicVolumeAttenuation         PSGlib
     0000C02E  _PSGMusicSubstringLen              PSGlib
     0000C02F  _PSGMusicSubstringRetAddr          PSGlib
     0000C031  _PSGChan0Volume                    PSGlib
     0000C032  _PSGChan1Volume                    PSGlib
     0000C033  _PSGChan2Volume                    PSGlib
     0000C034  _PSGChan3Volume                    PSGlib
     0000C035  _PSGChan2LowTone                   PSGlib
     0000C036  _PSGChan2HighTone                  PSGlib
     0000C037  _PSGChan3LowTone                   PSGlib
     0000C038  _PSGSFXChan2Volume                 PSGlib
     0000C039  _PSGSFXChan3Volume                 PSGlib
     0000C03A  _PSGSFXStart                       PSGlib
     0000C03C  _PSGSFXPointer                     PSGlib
     0000C03E  _PSGSFXLoopPoint                   PSGlib
     0000C040  _PSGSFXSkipFrames                  PSGlib
     0000C041  _PSGSFXLoopFlag                    PSGlib
     0000C042  _PSGSFXSubstringLen                PSGlib
     0000C043  _PSGSFXSubstringRetAddr            PSGlib
     0000C045  _VDPBlank                          SMSlib
     0000C046  _SMS_VDPFlags                      SMSlib
     0000C047  _PauseRequested                    SMSlib
     0000C048  _VDPType                           SMSlib
     0000C049  _KeysStatus                        SMSlib
     0000C04B  _PreviousKeysStatus                SMSlib
     0000C04D  _SpriteTableY                      SMSlib
     0000C08D  _SpriteTableXN                     SMSlib
     0000C10D  _SpriteNextFree                    SMSlib
     0000C10E  _SMS_theLineInterruptHandler       SMSlib
     0000C110  ___sdcc_heap_free                  malloc
     0000C112  _decompBuffer                      SMSlib_PSGaiden

ASxxxx Linker V03.00 + NoICE + sdld,  page 16.
Hexadecimal  [32-Bits]

Area                                    Addr        Size        Decimal Bytes (Attributes)
--------------------------------        ----        ----        ------- ----- ------------
_INITIALIZED                        0000C132    0000000F =          15. bytes (REL,CON)

      Value  Global                              Global Defined In Module
      -----  --------------------------------   ------------------------
     0000C132  _rand_index                        montylib
     0000C133  _music_bank                        montylib
     0000C134  _fx_bank                           montylib
     0000C135  _current_music_bank                resources
     0000C136  _entityIndex                       spriteengine
     0000C137  _entityVramPosition                spriteengine
     0000C139  _PSGMusicStatus                    PSGlib
     0000C13A  _PSGChannel2SFX                    PSGlib
     0000C13B  _PSGChannel3SFX                    PSGlib
     0000C13C  _PSGSFXStatus                      PSGlib
     0000C13D  _VDPReg                            SMSlib
     0000C13F  _spritesHeight                     SMSlib
     0000C140  _spritesWidth                      SMSlib

ASxxxx Linker V03.00 + NoICE + sdld,  page 17.
Hexadecimal  [32-Bits]

Area                                    Addr        Size        Decimal Bytes (Attributes)
--------------------------------        ----        ----        ------- ----- ------------
_HEAP                               0000C141    000003FF =        1023. bytes (REL,CON)

      Value  Global                              Global Defined In Module
      -----  --------------------------------   ------------------------
     0000C141  ___sdcc_heap                       

ASxxxx Linker V03.00 + NoICE + sdld,  page 18.
Hexadecimal  [32-Bits]

Area                                    Addr        Size        Decimal Bytes (Attributes)
--------------------------------        ----        ----        ------- ----- ------------
_CABS0                              00000000    00000010 =          16. bytes (ABS,CON)

      Value  Global                              Global Defined In Module
      -----  --------------------------------   ------------------------
     00007FF0  ___SMS__SEGA_signature             game

ASxxxx Linker V03.00 + NoICE + sdld,  page 19.
Hexadecimal  [32-Bits]

Area                                    Addr        Size        Decimal Bytes (Attributes)
--------------------------------        ----        ----        ------- ----- ------------
_CABS1                              00000000    00000010 =          16. bytes (ABS,CON)

      Value  Global                              Global Defined In Module
      -----  --------------------------------   ------------------------
     00007FD0  ___SMS__SDSC_author                game

ASxxxx Linker V03.00 + NoICE + sdld,  page 20.
Hexadecimal  [32-Bits]

Area                                    Addr        Size        Decimal Bytes (Attributes)
--------------------------------        ----        ----        ------- ----- ------------
_CABS2                              00000000    00000004 =           4. bytes (ABS,CON)

      Value  Global                              Global Defined In Module
      -----  --------------------------------   ------------------------
     00007FCC  ___SMS__SDSC_name                  game

ASxxxx Linker V03.00 + NoICE + sdld,  page 21.
Hexadecimal  [32-Bits]

Area                                    Addr        Size        Decimal Bytes (Attributes)
--------------------------------        ----        ----        ------- ----- ------------
_CABS3                              00000000    0000001E =          30. bytes (ABS,CON)

      Value  Global                              Global Defined In Module
      -----  --------------------------------   ------------------------
     00007FAE  ___SMS__SDSC_descr                 game

ASxxxx Linker V03.00 + NoICE + sdld,  page 22.
Hexadecimal  [32-Bits]

Area                                    Addr        Size        Decimal Bytes (Attributes)
--------------------------------        ----        ----        ------- ----- ------------
_CABS4                              00000000    00000010 =          16. bytes (ABS,CON)

      Value  Global                              Global Defined In Module
      -----  --------------------------------   ------------------------
     00007FE0  ___SMS__SDSC_signature             game

ASxxxx Linker V03.00 + NoICE + sdld,  page 23.
Hexadecimal  [32-Bits]

Area                                    Addr        Size        Decimal Bytes (Attributes)
--------------------------------        ----        ----        ------- ----- ------------
_BANK2                              00008000    00003FBC =       16316. bytes (REL,CON)

      Value  Global                              Global Defined In Module
      -----  --------------------------------   ------------------------
     00008000  _player_palette_bin                bank2
     00008003  _playeranimation0frame0_bin        bank2
     00008103  _playeranimation0frame0mirrored_   bank2
     00008203  _playeranimation1frame0_bin        bank2
     00008303  _playeranimation1frame0mirrored_   bank2
     00008403  _playeranimation2frame0_bin        bank2
     00008503  _playeranimation2frame0mirrored_   bank2
     00008603  _playeranimation2frame1_bin        bank2
     00008703  _playeranimation2frame1mirrored_   bank2
     00008803  _playeranimation2frame2_bin        bank2
     00008903  _playeranimation2frame2mirrored_   bank2
     00008A03  _playeranimation2frame3_bin        bank2
     00008B03  _playeranimation2frame3mirrored_   bank2
     00008C03  _playeranimation3frame0_bin        bank2
     00008D43  _playeranimation3frame0mirrored_   bank2
     00008E83  _playeranimation3frame1_bin        bank2
     00009023  _playeranimation3frame1mirrored_   bank2
     000091C3  _playeranimation3frame2_bin        bank2
     00009323  _playeranimation3frame2mirrored_   bank2
     00009483  _playeranimation4frame0_bin        bank2
     00009543  _playeranimation4frame0mirrored_   bank2
     00009603  _playeranimation5frame0_bin        bank2
     00009723  _playeranimation5frame0mirrored_   bank2
     00009843  _playeranimation6frame0_bin        bank2
     00009903  _playeranimation6frame0mirrored_   bank2
     000099C3  _playeranimation7frame0_bin        bank2
     00009AE3  _playeranimation7frame0mirrored_   bank2
     00009C03  _playeranimation8frame0_bin        bank2
     00009CC3  _playeranimation8frame0mirrored_   bank2
     00009D83  _playeranimation9frame0_bin        bank2
     00009E83  _playeranimation9frame0mirrored_   bank2
     00009F83  _playeranimation9frame1_bin        bank2
     0000A043  _playeranimation9frame1mirrored_   bank2
     0000A103  _logo1985tiles_bin                 bank2
     0000ADC3  _logo1985tilemap_bin               bank2
     0000B3C3  _logo1985palette_bin               bank2
     0000B3C8  _logo1985music_psg                 bank2
     0000B491  _levelbackgroundtiles_psgcompr     bank2
     0000B9AD  _levelbackgroundtilemap_bin        bank2
     0000BFAD  _levelbackgroundpalette_bin        bank2

ASxxxx Linker V03.00 + NoICE + sdld,  page 24.
Hexadecimal  [32-Bits]

Area                                    Addr        Size        Decimal Bytes (Attributes)
--------------------------------        ----        ----        ------- ----- ------------
_BANK3                              00008000    000011D5 =        4565. bytes (REL,CON)

      Value  Global                              Global Defined In Module
      -----  --------------------------------   ------------------------
     00008000  _level1music_psg                   bank3
     00008CC3  _punch1_psg                        bank3
     00008CD3  _punch2_psg                        bank3
     00008CE3  _systemfont_psgcompr               bank3

ASxxxx Linker V03.00 + NoICE + sdld,  page 25.
Hexadecimal  [32-Bits]

Area                                    Addr        Size        Decimal Bytes (Attributes)
--------------------------------        ----        ----        ------- ----- ------------
_HEAP_END                           000091D5    00000001 =           1. bytes (REL,CON)

      Value  Global                              Global Defined In Module
      -----  --------------------------------   ------------------------
     000091D5  ___sdcc_heap_end                   

ASxxxx Linker V03.00 + NoICE + sdld,  page 26.

Files Linked                              [ module(s) ]

crt0_sms.rel                              [ crt0 ]
game.rel                                  [ game ]
montylib.rel                              [ montylib ]
gamelogic.rel                             [ gamelogic ]
resources.rel                             [ resources ]
spriteengine.rel                          [ spriteengine ]
player.rel                                [ player ]
PSGLib.rel                                [ PSGlib ]
bank2.rel                                 [ bank2 ]
bank3.rel                                 [ bank3 ]


Libraries Linked                          [ object file ]

C:\Program Files\SDCC\bin\..\lib\z80/z80.lib
                                          [ free.rel ]
C:\Program Files\SDCC\bin\..\lib\z80/z80.lib
                                          [ divmixed.rel ]
C:\Program Files\SDCC\bin\..\lib\z80/SMSlib.lib
                                          [ SMSlib_paletteAdv.rel ]
C:\Program Files\SDCC\bin\..\lib\z80/SMSlib.lib
                                          [ SMSlib.rel ]
C:\Program Files\SDCC\bin\..\lib\z80/SMSlib.lib
                                          [ SMSlib_loadTiles.rel ]
C:\Program Files\SDCC\bin\..\lib\z80/z80.lib
                                          [ divunsigned.rel ]
C:\Program Files\SDCC\bin\..\lib\z80/z80.lib
                                          [ malloc.rel ]
C:\Program Files\SDCC\bin\..\lib\z80/z80.lib
                                          [ __sdcc_call_hl.rel ]
C:\Program Files\SDCC\bin\..\lib\z80/z80.lib
                                          [ divsigned.rel ]
C:\Program Files\SDCC\bin\..\lib\z80/SMSlib.lib
                                          [ SMSlib_VRAMmemcpy.rel ]
C:\Program Files\SDCC\bin\..\lib\z80/SMSlib.lib
                                          [ SMSlib_PSGaiden.rel ]
C:\Program Files\SDCC\bin\..\lib\z80/z80.lib
                                          [ heap.rel ]

ASxxxx Linker V03.00 + NoICE + sdld,  page 27.

User Base Address Definitions

_CODE = 0x0200
_DATA = 0xc000
_BANK2=0x8000
_BANK3=0x8000

